06-30 18:30:03.715  1819  1896 D CompatibilityChangeReporter: Compat change id reported: 143937733; UID 10360; state: ENABLED
06-30 18:30:03.717  1819  1948 W ActivityManager: Receiver with filter android.content.IntentFilter@acdf35c already registered for pid 29674, callerPackage is com.UCMobile.intl
06-30 18:30:03.722  1819  1948 W ActivityManager: Receiver with filter android.content.IntentFilter@efed665 already registered for pid 29674, callerPackage is com.UCMobile.intl
06-30 18:30:03.731  1819  1948 W ActivityManager: Receiver with filter android.content.IntentFilter@ef23f3a already registered for pid 29674, callerPackage is com.UCMobile.intl
06-30 18:30:03.743  1819  1948 W ActivityManager: Receiver with filter android.content.IntentFilter@e0b73e1 already registered for pid 29674, callerPackage is com.UCMobile.intl
06-30 18:30:03.762  1819  5765 D CompatibilityChangeReporter: Compat change id reported: 168419799; UID 1000; state: DISABLED
06-30 18:30:03.762  1819  5765 D CompatibilityChangeReporter: Compat change id reported: 273564678; UID 1000; state: DISABLED
06-30 18:30:03.762  1819  5765 D ActivityTaskManagerServiceExtImpl: preBindApplication record is null
06-30 18:30:03.785  1819  1896 W ActivityManager: Slow operation: 76ms so far, now at startProcess: returned from zygote!
06-30 18:30:03.819  1819  1896 W ActivityManager: Slow operation: 110ms so far, now at startProcess: done updating battery stats
06-30 18:30:03.819  1819  1896 W ActivityManager: Slow operation: 110ms so far, now at startProcess: building log message
06-30 18:30:03.819  1819  1896 I ActivityManager: Start proc 30337:com.UCMobile.intl/u0a360 for service {com.UCMobile.intl/androidx.work.multiprocess.RemoteWorkManagerService}
06-30 18:30:03.819  1819  1896 W ActivityManager: Slow operation: 110ms so far, now at startProcess: starting to update pids map
06-30 18:30:03.821  1819  1896 W ActivityManager: Slow operation: 112ms so far, now at startProcess: done updating pids map
06-30 18:30:03.821  1819  1948 W ActivityManager: Receiver with filter android.content.IntentFilter@52418bf already registered for pid 29674, callerPackage is com.UCMobile.intl
06-30 18:30:03.828  1819  1917 I OplusSmartBrightnessController: brightness accelerate start...
06-30 18:30:03.924  1819  5765 D ActivityTaskManagerServiceExtImpl: preBindApplication record is null
06-30 18:30:03.937  1819  1870 D OplusInterceptLockScreenWindow: starting IOplusLockScreenCallbacks service...
06-30 18:30:04.122  1819  5783 I ActivityManager: Flag disabled. Ignoring finishAttachApplication from uid: 1000. pid: 30311
06-30 18:30:04.218 30337 30337 D ResourcesManagerExtImpl: applyConfigurationToAppResourcesLocked app.getDisplayId() return callback.displayId:-1
06-30 18:30:04.233  1819  1895 I ActivityManager: Waited long enough for: ServiceRecord{922f0f2 u0 com.oplus.sau/com.oplusos.sau.aidl.SauBinderUpdateService}
06-30 18:30:04.261  1819  1868 D WindowManager: rotation(ROTATION_0) no changed.
06-30 18:30:04.370  1819  1948 D CompatibilityChangeReporter: Compat change id reported: 135634846; UID 10326; state: DISABLED
06-30 18:30:04.370  1819  1948 D CompatibilityChangeReporter: Compat change id reported: 177438394; UID 10326; state: DISABLED
06-30 18:30:04.370  1819  1948 D CompatibilityChangeReporter: Compat change id reported: 135772972; UID 10326; state: DISABLED
06-30 18:30:04.370  1819  1948 D CompatibilityChangeReporter: Compat change id reported: 135754954; UID 10326; state: ENABLED
06-30 18:30:04.371  1819  1896 D CompatibilityChangeReporter: Compat change id reported: 143937733; UID 10326; state: ENABLED
06-30 18:30:04.388  1819  1896 I ActivityManager: Start proc 30423:com.facebook.katana/u0a326 for content provider {com.facebook.katana/com.facebook.platform.common.provider.PlatformProviderBase}
06-30 18:30:04.462  1819  1948 D CompatibilityChangeReporter: Compat change id reported: 168419799; UID 10326; state: DISABLED
06-30 18:30:04.462  1819  1948 D CompatibilityChangeReporter: Compat change id reported: 273564678; UID 10326; state: DISABLED
06-30 18:30:04.463  1819  1948 D ActivityTaskManagerServiceExtImpl: preBindApplication record is null
06-30 18:30:04.476  1819  1970 W JobServiceContext: Timed out while trying to bind for ee19ee4 #u0a98/20200513 com.oplus.cota/.statistics.ReportEventJobService
06-30 18:30:04.495  1819  1970 W JobScheduler.JobStatus: Exempted app com.oplus.cota considered buggy
06-30 18:30:04.495  1819  1970 W JobScheduler.JobStatus: Exempted app com.oplus.cota considered buggy
06-30 18:30:04.495  1819  1970 W JobScheduler.JobStatus: Exempted app com.oplus.cota considered buggy
06-30 18:30:04.496  1819  1970 D CompatibilityChangeReporter: Compat change id reported: 265195908; UID 10326; state: ENABLED
06-30 18:30:04.556  1819  5767 D CompatibilityChangeReporter: Compat change id reported: 170503758; UID 10326; state: ENABLED
06-30 18:30:04.716  1819  2027 V UsbDeviceManager: USB UEVENT: {SUBSYSTEM=android_usb, SEQNUM=11195, ACTION=change, USB_STATE=DISCONNECTED, DEVPATH=/devices/virtual/android_usb/android0}
06-30 18:30:04.720  1819  2027 I UsbDeviceManager: mResetUsbGadgetDisableDebounce:false connected:0configured:0
06-30 18:30:04.720  1819  2027 I UsbDeviceManager: removeMessages MSG_UPDATE_STATE
06-30 18:30:04.776  1819  2027 V UsbDeviceManager: USB UEVENT: {SUBSYSTEM=android_usb, SEQNUM=11196, ACTION=change, USB_STATE=CONNECTED, DEVPATH=/devices/virtual/android_usb/android0}
06-30 18:30:04.777  1819  2027 I UsbDeviceManager: mResetUsbGadgetDisableDebounce:false connected:1configured:0
06-30 18:30:04.777  1819  2027 I UsbDeviceManager: removeMessages MSG_UPDATE_STATE
06-30 18:30:04.781  1819  1867 D OplusUsbDeviceFeature: setUsbPlugFlag
06-30 18:30:04.783  1819  2027 V UsbDeviceManager: USB UEVENT: {SUBSYSTEM=android_usb, SEQNUM=11197, ACTION=change, USB_STATE=DISCONNECTED, DEVPATH=/devices/virtual/android_usb/android0}
06-30 18:30:04.783  1819  2027 I UsbDeviceManager: mResetUsbGadgetDisableDebounce:false connected:0configured:0
06-30 18:30:04.783  1819  2027 I UsbDeviceManager: removeMessages MSG_UPDATE_STATE
06-30 18:30:04.818  1819  1867 I UsbDeviceManager: handleMessage MSG_UPDATE_STATE mConnected:true mConfigured:false
06-30 18:30:04.826  1819  1867 D UsbDeviceManager: broadcasting Intent { act=android.hardware.usb.action.USB_STATE flg=0x31100000 (has extras) } extras: Bundle[{host_connected=false, connected=true, unlocked=true, adb=true, mtp=true, configured=false}]
06-30 18:30:04.841  1819  1901 D CompatibilityChangeReporter: Compat change id reported: 135634846; UID 10058; state: DISABLED
06-30 18:30:04.842  1819  1901 D CompatibilityChangeReporter: Compat change id reported: 177438394; UID 10058; state: DISABLED
06-30 18:30:04.842  1819  1901 D CompatibilityChangeReporter: Compat change id reported: 135772972; UID 10058; state: DISABLED
06-30 18:30:04.842  1819  1901 D CompatibilityChangeReporter: Compat change id reported: 135754954; UID 10058; state: ENABLED
06-30 18:30:04.842  1819  1896 D CompatibilityChangeReporter: Compat change id reported: 143937733; UID 10058; state: ENABLED
06-30 18:30:04.856  1819  2027 V UsbDeviceManager: USB UEVENT: {SUBSYSTEM=android_usb, SEQNUM=11198, ACTION=change, USB_STATE=CONNECTED, DEVPATH=/devices/virtual/android_usb/android0}
06-30 18:30:04.857  1819  2027 I UsbDeviceManager: mResetUsbGadgetDisableDebounce:false connected:1configured:0
06-30 18:30:04.857  1819  2027 I UsbDeviceManager: removeMessages MSG_UPDATE_STATE
06-30 18:30:04.857  1819  1867 D OplusUsbDeviceFeature: setUsbPlugFlag
06-30 18:30:04.867  1819  1867 I UsbDeviceManager: handleMessage MSG_UPDATE_STATE mConnected:true mConfigured:false
06-30 18:30:04.868  1819  1867 D UsbDeviceManager: skip broadcasting Intent { act=android.hardware.usb.action.USB_STATE flg=0x31100000 (has extras) } extras: Bundle[{host_connected=false, connected=true, unlocked=true, adb=true, mtp=true, configured=false}]
06-30 18:30:04.871  1819  1948 E ActivityManager: registerReceiver failed.
06-30 18:30:04.913  1819  1896 W ActivityManager: Slow operation: 72ms so far, now at startProcess: returned from zygote!
06-30 18:30:04.914  1819  1896 W ActivityManager: Slow operation: 73ms so far, now at startProcess: done updating battery stats
06-30 18:30:04.914  1819  1896 W ActivityManager: Slow operation: 73ms so far, now at startProcess: building log message
06-30 18:30:04.914  1819  1896 I ActivityManager: Start proc 30488:android.process.media/u0a58 for broadcast {com.android.mtp/com.android.mtp.MtpReceiver}
06-30 18:30:04.914  1819  1896 W ActivityManager: Slow operation: 73ms so far, now at startProcess: starting to update pids map
06-30 18:30:04.914  1819  1896 W ActivityManager: Slow operation: 73ms so far, now at startProcess: done updating pids map
06-30 18:30:05.027  1819  1948 D CompatibilityChangeReporter: Compat change id reported: 168419799; UID 10058; state: DISABLED
06-30 18:30:05.028  1819  1948 D CompatibilityChangeReporter: Compat change id reported: 273564678; UID 10058; state: DISABLED
06-30 18:30:05.028  1819  1948 D ActivityTaskManagerServiceExtImpl: preBindApplication record is null
06-30 18:30:05.040  1819  2523 W ActivityManager: Unable to start service Intent { cmp=com.UCMobile.intl/com.alv.foun.service.PhoenixService mCallingUid=10360 } U=0: not found
06-30 18:30:05.042  1819  2523 W PackageManager: package com.UCMobile.intl uid 10360 pid 30337 call SetEnabledSetting(com.UCMobile.intl component = com.alv.foun.PhoenixBroadcastReceiver, 2, 0)
06-30 18:30:05.044  1819  1970 D CompatibilityChangeReporter: Compat change id reported: 265195908; UID 10058; state: ENABLED
06-30 18:30:05.056  1819  1948 W PackageManager: package com.UCMobile.intl uid 10360 pid 30337 call SetEnabledSetting(com.UCMobile.intl component = com.alv.foun.service.PhoenixService, 2, 0)
06-30 18:30:05.079  1819  2523 D CompatibilityChangeReporter: Compat change id reported: 170503758; UID 10058; state: ENABLED
06-30 18:30:05.122 30337 30337 I Quality : ActivityThread: callApplicationOnCreate delay 709 com.UCMobile.intl 30337
06-30 18:30:05.126  1819  1948 I ActivityManager: Flag disabled. Ignoring finishAttachApplication from uid: 10360. pid: 30337
06-30 18:30:05.189  1819  1879 D AppProfilerExtImpl: Skipped pss collection for CPU busy
06-30 18:30:05.193 30423 30423 I Quality : ActivityThread: createClassLoader delay 515 /data/app/~~DBQ7N7XATWpdWImIi-EpWA==/com.facebook.katana-0nivrULZcT2UV1HdTxc2KQ==/base.apk:/data/app/~~DBQ7N7XATWpdWImIi-EpWA==/com.facebook.katana-0nivrULZcT2UV1HdTxc2KQ==/split_heliumcore.apk:/data/app/~~DBQ7N7XATWpdWImIi-EpWA==/com.facebook.katana-0nivrULZcT2UV1HdTxc2KQ==/split_heliumiab.apk:/data/app/~~DBQ7N7XATWpdWImIi-EpWA==/com.facebook.katana-0nivrULZcT2UV1HdTxc2KQ==/split_i18n_id_ID.apk:/data/app/~~DBQ7N7XATWpdWImIi-EpWA==/com.facebook.katana-0nivrULZcT2UV1HdTxc2KQ==/split_papaya.apk:/data/app/~~DBQ7N7XATWpdWImIi-EpWA==/com.facebook.katana-0nivrULZcT2UV1HdTxc2KQ==/split_papayaanalyticstorch.apk:/data/app/~~DBQ7N7XATWpdWImIi-EpWA==/com.facebook.katana-0nivrULZcT2UV1HdTxc2KQ==/split_papayatorch.apk:/data/app/~~DBQ7N7XATWpdWImIi-EpWA==/com.facebook.katana-0nivrULZcT2UV1HdTxc2KQ==/split_pytorch.apk:/data/app/~~DBQ7N7XATWpdWImIi-EpWA==/com.facebook.katana-0nivrULZcT2UV1HdTxc2KQ==/split_s_papayaanalyticstorch_papayatorch.apk:/data/app/~~DBQ7N7XATWpdWImIi-EpWA==/com.facebook.katana-0nivrULZcT2UV1HdTxc2KQ==/split_s_papayaanalyticstorch_papayatorch_torchedlooper.apk:/data/app/~~DBQ7N7XATWpdWImIi-EpWA==/com.facebook.katana-0nivrULZcT2UV1HdTxc2KQ==/split_s_papayatorch_torchedlooper.apk 30423
06-30 18:30:05.208  1819  5765 D VRR [OPlusExternalRefreshRateManager]: isPkgTfcEnable: pkgName = com.UCMobile.intl, enable = false
06-30 18:30:05.208  1819  5765 D VRR [OPlusExternalRefreshRateManager]: getTfcMinFramerate: pkgName = com.UCMobile.intl, min framerate = 0
06-30 18:30:05.230  1819  2027 V UsbDeviceManager: USB UEVENT: {SUBSYSTEM=android_usb, SEQNUM=11203, ACTION=change, USB_STATE=DISCONNECTED, DEVPATH=/devices/virtual/android_usb/android0}
06-30 18:30:05.230  1819  2027 I UsbDeviceManager: mResetUsbGadgetDisableDebounce:false connected:0configured:0
06-30 18:30:05.230  1819  2027 I UsbDeviceManager: removeMessages MSG_UPDATE_STATE
06-30 18:30:05.232  1819  1948 I ActivityManager: Killing 27988:com.instagram.android/u0a285 (adj 905): empty #7
06-30 18:30:05.265 30488 30488 D ResourcesManagerExtImpl: applyConfigurationToAppResourcesLocked app.getDisplayId() return callback.displayId:-1
06-30 18:30:05.280  1819  1948 W PackageManager: package com.UCMobile.intl uid 10360 pid 30337 call SetEnabledSetting(com.UCMobile.intl component = androidx.work.impl.background.systemalarm.RescheduleReceiver, 1, 0)
06-30 18:30:05.284  1819  2027 V UsbDeviceManager: USB UEVENT: {SUBSYSTEM=android_usb, SEQNUM=11204, ACTION=change, USB_STATE=CONNECTED, DEVPATH=/devices/virtual/android_usb/android0}
06-30 18:30:05.284  1819  2027 I UsbDeviceManager: mResetUsbGadgetDisableDebounce:false connected:1configured:0
06-30 18:30:05.284  1819  2027 I UsbDeviceManager: removeMessages MSG_UPDATE_STATE
06-30 18:30:05.290  1819  2027 V UsbDeviceManager: USB UEVENT: {SUBSYSTEM=android_usb, SEQNUM=11205, ACTION=change, USB_STATE=DISCONNECTED, DEVPATH=/devices/virtual/android_usb/android0}
06-30 18:30:05.290  1819  2027 I UsbDeviceManager: mResetUsbGadgetDisableDebounce:false connected:0configured:0
06-30 18:30:05.290  1819  2027 I UsbDeviceManager: removeMessages MSG_UPDATE_STATE
06-30 18:30:05.292 30423 30423 I Quality : ActivityThread: createOrUpdateClassLoaderLocked delay 710 com.facebook.katana 30423
06-30 18:30:05.293  1819  1867 D OplusUsbDeviceFeature: setUsbPlugFlag
06-30 18:30:05.306  1819  1867 I UsbDeviceManager: handleMessage MSG_UPDATE_STATE mConnected:true mConfigured:false
06-30 18:30:05.311  1819  1867 D UsbDeviceManager: skip broadcasting Intent { act=android.hardware.usb.action.USB_STATE flg=0x31100000 (has extras) } extras: Bundle[{host_connected=false, connected=true, unlocked=true, adb=true, mtp=true, configured=false}]
06-30 18:30:05.363  1819  2027 V UsbDeviceManager: USB UEVENT: {SUBSYSTEM=android_usb, SEQNUM=11206, ACTION=change, USB_STATE=CONNECTED, DEVPATH=/devices/virtual/android_usb/android0}
06-30 18:30:05.363  1819  2027 I UsbDeviceManager: mResetUsbGadgetDisableDebounce:false connected:1configured:0
06-30 18:30:05.363  1819  2027 I UsbDeviceManager: removeMessages MSG_UPDATE_STATE
06-30 18:30:05.369  1819  2027 V UsbDeviceManager: USB UEVENT: {SUBSYSTEM=android_usb, SEQNUM=11207, ACTION=change, USB_STATE=CONFIGURED, DEVPATH=/devices/virtual/android_usb/android0}
06-30 18:30:05.370  1819  2027 I UsbDeviceManager: mResetUsbGadgetDisableDebounce:false connected:1configured:1
06-30 18:30:05.376  1819  1867 D OplusUsbDeviceFeature: setUsbPlugFlag
06-30 18:30:05.383  1819  1867 I UsbDeviceManager: handleMessage MSG_UPDATE_STATE mConnected:true mConfigured:false
06-30 18:30:05.383  1819  1867 D UsbDeviceManager: skip broadcasting Intent { act=android.hardware.usb.action.USB_STATE flg=0x31100000 (has extras) } extras: Bundle[{host_connected=false, connected=true, unlocked=true, adb=true, mtp=true, configured=false}]
06-30 18:30:05.383  1819  1867 D OplusUsbDeviceFeature: setUsbPlugFlag
06-30 18:30:05.401  1819  1867 I UsbDeviceManager: handleMessage MSG_UPDATE_STATE mConnected:true mConfigured:true
06-30 18:30:05.401  1819  1867 D UsbDeviceManager: broadcasting Intent { act=android.hardware.usb.action.USB_STATE flg=0x31100000 (has extras) } extras: Bundle[{host_connected=false, connected=true, unlocked=true, adb=true, mtp=true, configured=true}]
06-30 18:30:05.427  1819  1868 D DisplayManagerService: Drop pending events for gone uid 10285
06-30 18:30:05.465 30423 30423 I Quality : GetResourcesInfo:172147692,/data/app/~~DBQ7N7XATWpdWImIi-EpWA==/com.facebook.katana-0nivrULZcT2UV1HdTxc2KQ==/base.apk
06-30 18:30:05.516  1819  1867 W Looper  : Slow dispatch took 133ms android.fg h=com.android.server.usb.UsbDeviceManager$UsbHandlerHal c=null m=0
06-30 18:30:05.569  1819  2507 I ActivityManager: Flag disabled. Ignoring finishAttachApplication from uid: 10058. pid: 30488
06-30 18:30:05.616  1819  1917 I OplusSmartBrightnessController: deltaLux = 9.260901, scale = 4.0066595
06-30 18:30:05.623  1819  1919 D OplusSmartBrightnessController: handleMessage MSG_LUX_CHANGED, mLux:12.444977 luxQueue=[2.0, 0.0, 2.0, 3.0, 5.0, 5.0, 3.0, 8.0, 9.0, 9.0]
06-30 18:30:05.664 30423 30423 D ResourcesManagerExtImpl: applyConfigurationToAppResourcesLocked app.getDisplayId() return callback.displayId:-1
06-30 18:30:05.723  1819  2507 D CompatibilityChangeReporter: Compat change id reported: 161145287; UID 10058; state: ENABLED
06-30 18:30:05.780  1819  5764 I ActivityManager: Flag disabled. Ignoring finishAttachApplication from uid: 10326. pid: 30423
06-30 18:30:05.904  1819  1948 I OplusStatusBarManagerServiceEnhance:  getTopIsFullscreen mTopIsFullscreen: false
06-30 18:30:05.907  1819  1948 W ActivityManager: Permission Denial: getTopApplicationInfo from pid=30070, uid=10360 requires oplus.permission.OPLUS_COMPONENT_SAFE
06-30 18:30:05.933  1819  1819 D NotificationService--OplusNotificationManagerServiceExtImpl: isForwardToAssistants: true, case : Is local notification
06-30 18:30:05.933  1819  1819 D NotificationService: This application enqueue notifications is need postDelayed mcsAssistantDelayTime: 200
06-30 18:30:05.988  1819  1948 W PackageManager: package com.UCMobile.intl uid 10360 pid 30337 call SetEnabledSetting(com.UCMobile.intl component = androidx.work.impl.background.systemalarm.RescheduleReceiver, 2, 0)
06-30 18:30:06.179  1819  1970 W JobScheduler.JobStatus: Exempted app com.oplus.cota considered buggy
06-30 18:30:06.289  1819  1932 I AppsFilter: interaction: PackageSetting{7efbb7f com.coloros.musiclink/10231} -> PackageSetting{7641157 com.UCMobile.intl/10360} BLOCKED
06-30 18:30:06.289  1819  1932 I AppsFilter: interaction: PackageSetting{3d67e4d com.example.crashcourse/10399} -> PackageSetting{7641157 com.UCMobile.intl/10360} BLOCKED
06-30 18:30:06.289  1819  1932 I AppsFilter: interaction: PackageSetting{e37fcaa com.android.microdroid.empty_payload/10300} -> PackageSetting{7641157 com.UCMobile.intl/10360} BLOCKED
06-30 18:30:06.290  1819  1932 I AppsFilter: interaction: PackageSetting{24e909b com.oplus.locationproxy/10153} -> PackageSetting{7641157 com.UCMobile.intl/10360} BLOCKED
06-30 18:30:06.316  1819  1970 D CompatibilityChangeReporter: Compat change id reported: 218533173; UID 10360; state: ENABLED
06-30 18:30:06.316  1819  1970 D CompatibilityChangeReporter: Compat change id reported: 262645982; UID 10360; state: ENABLED
06-30 18:30:06.336  1819  1819 W JobScheduler.JobStatus: Exempted app com.oplus.cota considered buggy
06-30 18:30:06.504  1819  1948 D CompatibilityChangeReporter: Compat change id reported: 161145287; UID 10326; state: ENABLED
06-30 18:30:06.509  1819  1879 D AppWidgetServiceImpl: Provider info from ComponentInfo{com.UCMobile.intl/com.uc.application.desktopwidget.model.UCWidgetProvider} won't be persisted.
06-30 18:30:06.530  1819  1870 W LoadedApk: System took : 197ms in onReceive of class com.android.server.input.KeyboardLayoutManager$1 for action : android.intent.action.PACKAGE_CHANGED
06-30 18:30:06.979  1819  1948 D CompatibilityChangeReporter: Compat change id reported: 261072174; UID 10326; state: ENABLED
06-30 18:30:07.160  1819  1948 D CompatibilityChangeReporter: Compat change id reported: 183164979; UID 10326; state: ENABLED
06-30 18:30:07.814  1819  1917 I OplusSmartBrightnessController: deltaLux = 3.531249, scale = 1.2874798
06-30 18:30:07.815  1819  1919 D OplusSmartBrightnessController: handleMessage MSG_LUX_CHANGED, mLux:9.702216 luxQueue=[9.0, 9.0, 9.0, 9.0, 9.0, 9.0, 9.0, 9.0, 9.0, 9.0, 8.0]
06-30 18:30:09.815  1819  1917 I OplusSmartBrightnessController: deltaLux = 1.389575, scale = 1.4582576
06-30 18:30:09.816  1819  1919 D OplusSmartBrightnessController: handleMessage MSG_LUX_CHANGED, mLux:8.749315 luxQueue=[8.0, 8.0, 8.0, 8.0, 8.0, 8.0, 8.0, 9.0, 9.0, 9.0]
06-30 18:30:10.618  1819  1919 D OplusSmartBrightnessController: handleMessage MSG_LUX_CHANGED, mLux:9.0 luxQueue=[9.0, 9.0, 9.0, 9.0]
06-30 18:30:11.024  1819  3697 W PackageManager: package com.android.vending uid 10100 pid 29654 call SetEnabledSetting(com.android.vending component = com.google.android.finsky.wearsupport.WearSupportService, 2, 0)
06-30 18:30:11.028  1819  3697 W PackageManager: package com.android.vending uid 10100 pid 29654 call SetEnabledSetting(com.android.vending component = com.google.android.finsky.wearsupport.WearChangeListenerService, 2, 0)
06-30 18:30:11.041  1819  1879 D AppProfilerExtImpl: Skipped pss collection for CPU busy
06-30 18:30:12.237   619 29499 I keystore2: system/security/keystore2/src/watchdog.rs:319 - Watchdog thread idle -> terminating. Have a great day.
06-30 18:30:12.525  1819  1948 D CompatibilityChangeReporter: Compat change id reported: 74210811; UID 10326; state: ENABLED
06-30 18:30:12.620  1819  1919 D OplusSmartBrightnessController: handleMessage MSG_LUX_CHANGED, mLux:9.0 luxQueue=[9.0, 9.0, 9.0, 9.0, 9.0, 9.0, 9.0, 9.0, 9.0, 9.0]
06-30 18:30:12.734  1819  1948 D CompatibilityChangeReporter: Compat change id reported: 271850009; UID 10326; state: ENABLED
06-30 18:30:12.736  1819  1948 D CompatibilityChangeReporter: Compat change id reported: 253665015; UID 10326; state: ENABLED
06-30 18:30:12.736  1819  1948 D CompatibilityChangeReporter: Compat change id reported: 194532703; UID 10326; state: ENABLED
06-30 18:30:12.740  1819  1948 W JobScheduler.JobStatus: Exempted app com.oplus.cota considered buggy
06-30 18:30:13.017  1819  1948 D CompatibilityChangeReporter: Compat change id reported: 171306433; UID 10326; state: ENABLED
06-30 18:30:13.020  1819  1948 D CompatibilityChangeReporter: Compat change id reported: 218533173; UID 10326; state: ENABLED
06-30 18:30:13.236  1819  1948 W PackageManager: package com.facebook.katana uid 10326 pid 30423 call SetEnabledSetting(com.facebook.katana component = com.facebook.ads.internal.ipc.AudienceNetworkRemoteService, 1, 0)
06-30 18:30:13.240  1819  1948 W PackageManager: package com.facebook.katana uid 10326 pid 30423 call SetEnabledSetting(com.facebook.katana component = com.facebook.ads.internal.ipc.AudienceNetworkExportedActivity, 1, 0)
06-30 18:30:13.244  1819  1948 W PackageManager: package com.facebook.katana uid 10326 pid 30423 call SetEnabledSetting(com.facebook.katana component = com.facebook.ads.internal.ipc.AudienceNetworkRemoteActivity, 1, 0)
06-30 18:30:14.001  1819  1948 W PackageManager: package com.facebook.katana uid 10326 pid 30423 call SetEnabledSetting(com.facebook.katana component = com.facebook.composer.shareintent.ImplicitShareIntentHandlerDefaultAlias, 1, 0)
06-30 18:30:14.004  1819  1948 W PackageManager: package com.facebook.katana uid 10326 pid 30423 call SetEnabledSetting(com.facebook.katana component = com.facebook.composer.shareintent.AddToStoryAlias, 1, 0)
06-30 18:30:14.010  1819  1948 W PackageManager: package com.facebook.katana uid 10326 pid 30423 call SetEnabledSetting(com.facebook.katana component = com.facebook.composer.shareintent.ShareToGroupsAlias, 1, 0)
06-30 18:30:14.017  1819  1948 W PackageManager: package com.facebook.katana uid 10326 pid 30423 call SetEnabledSetting(com.facebook.katana component = com.facebook.composer.shareintent.ShareToGroupsDisableSinglePhotoAlias, 2, 0)
06-30 18:30:14.349  1819  1948 W PackageManager: package com.facebook.katana uid 10326 pid 30423 call SetEnabledSetting(com.facebook.katana component = com.facebook.fbpay.w3c.ipc.IsReadyToPayServiceImpl, 1, 0)
06-30 18:30:14.351  1819  1948 W PackageManager: package com.facebook.katana uid 10326 pid 30423 call SetEnabledSetting(com.facebook.katana component = com.facebook.fbpay.w3c.ipc.FBPaymentServiceImpl, 1, 0)
06-30 18:30:14.354  1819  1948 W PackageManager: package com.facebook.katana uid 10326 pid 30423 call SetEnabledSetting(com.facebook.katana component = com.facebook.fbpay.w3c.views.PaymentActivity, 1, 0)
06-30 18:30:14.526  1819  1948 D CompatibilityChangeReporter: Compat change id reported: 135634846; UID 10356; state: DISABLED
06-30 18:30:14.526  1819  1948 D CompatibilityChangeReporter: Compat change id reported: 177438394; UID 10356; state: DISABLED
06-30 18:30:14.526  1819  1948 D CompatibilityChangeReporter: Compat change id reported: 135772972; UID 10356; state: DISABLED
06-30 18:30:14.527  1819  1948 D CompatibilityChangeReporter: Compat change id reported: 135754954; UID 10356; state: ENABLED
06-30 18:30:14.528  1819  1896 D CompatibilityChangeReporter: Compat change id reported: 143937733; UID 10356; state: ENABLED
06-30 18:30:14.552  1819  1896 I ActivityManager: Start proc 30761:com.facebook.orca/u0a356 for content provider {com.facebook.orca/com.facebook.messenger.app.MessengerLoggedInUserProvider}
06-30 18:30:14.621  1819  2686 D CompatibilityChangeReporter: Compat change id reported: 168419799; UID 10356; state: DISABLED
06-30 18:30:14.621  1819  2686 D CompatibilityChangeReporter: Compat change id reported: 273564678; UID 10356; state: DISABLED
06-30 18:30:14.621  1819  2686 D ActivityTaskManagerServiceExtImpl: preBindApplication record is null
06-30 18:30:14.626  1819  1970 D CompatibilityChangeReporter: Compat change id reported: 265195908; UID 10356; state: ENABLED
06-30 18:30:14.628  1819  1870 D OplusInterceptLockScreenWindow: starting IOplusLockScreenCallbacks service...
06-30 18:30:14.672  1819  5781 D CompatibilityChangeReporter: Compat change id reported: 170503758; UID 10356; state: ENABLED
06-30 18:30:14.920  1819  1948 W PackageManager: package com.facebook.katana uid 10326 pid 30423 call SetEnabledSetting(com.facebook.katana component = com.facebook.inspiration.fbshorts.shareintent.InpirationFbShortsShareAlias, 1, 0)
06-30 18:30:14.921  1819  1948 W PackageManager: package com.facebook.katana uid 10326 pid 30423 call SetEnabledSetting(com.facebook.katana component = com.facebook.inspiration.fbshorts.shareintent.InpirationFbShortsSharePhotoAlias, 2, 0)
06-30 18:30:14.922  1819  1948 W PackageManager: package com.facebook.katana uid 10326 pid 30423 call SetEnabledSetting(com.facebook.katana component = com.facebook.inspiration.fbshorts.shareintent.InpirationFbShortsShareMultipleAlias, 1, 0)
06-30 18:30:14.927  1819  1948 W PackageManager: package com.facebook.katana uid 10326 pid 30423 call SetEnabledSetting(com.facebook.katana component = class com.facebook.inspiration.platformsharing.activity.InspirationBaseExternalShareActivity, 1, 0)
06-30 18:30:14.938  1819  1948 W PackageManager: package com.facebook.katana uid 10326 pid 30423 call SetEnabledSetting(com.facebook.katana component = com.facebook.inspiration.platformsharing.activity.InspirationCameraShareMultipleCollageAlias, 1, 0)
06-30 18:30:15.073  1819  1980 D CompatibilityChangeReporter: Compat change id reported: 151105954; UID 1000; state: ENABLED
06-30 18:30:15.076  1819  1980 E AppOps  : attributionTag  not declared in manifest of com.oplus.healthservice
06-30 18:30:15.081  1819  1980 E AppOps  : attributionTag  not declared in manifest of com.oplus.healthservice
06-30 18:30:15.132 30761 30761 I Quality : ActivityThread: createOrUpdateClassLoaderLocked delay 438 com.facebook.orca 30761
06-30 18:30:15.202  1819  1904 D OplusThermalStats: REPORT_UPDATE_CPU  ->  phoneTemp:360  preHeatThreshold:400
06-30 18:30:15.317 30761 30761 D ResourcesManagerExtImpl: applyConfigurationToAppResourcesLocked app.getDisplayId() return callback.displayId:-1
06-30 18:30:15.354  1819  1948 W PackageManager: package com.facebook.katana uid 10326 pid 30423 call SetEnabledSetting(com.facebook.katana component = com.facebook.notifications.settings.InAppNotificationSettingsActivity, 1, 0)
06-30 18:30:15.381  1819  1879 D ProcessCpuTrackerExtImpl: mContext is already set, return now! 
06-30 18:30:15.457  1819  1948 I ActivityManager: Flag disabled. Ignoring finishAttachApplication from uid: 10356. pid: 30761
06-30 18:30:15.470  1819  2686 D VRR [OPlusExternalRefreshRateManager]: isPkgTfcEnable: pkgName = com.facebook.orca, enable = false
06-30 18:30:15.470  1819  2686 D VRR [OPlusExternalRefreshRateManager]: getTfcMinFramerate: pkgName = com.facebook.orca, min framerate = 0
06-30 18:30:15.489  1819  5781 D CompatibilityChangeReporter: Compat change id reported: 261072174; UID 1000; state: ENABLED
06-30 18:30:15.491  1819  5781 D CompatibilityChangeReporter: Compat change id reported: 261072174; UID 10100; state: ENABLED
06-30 18:30:15.491  1819  5781 D CompatibilityChangeReporter: Compat change id reported: 261072174; UID 10104; state: ENABLED
06-30 18:30:15.513  1819  5781 D CompatibilityChangeReporter: Compat change id reported: 261072174; UID 10360; state: ENABLED
06-30 18:30:15.604  1819  1948 W JobScheduler.JobStatus: Exempted app com.oplus.cota considered buggy
06-30 18:30:15.657  1819  1948 W PackageManager: package com.facebook.katana uid 10326 pid 30423 call SetEnabledSetting(com.facebook.katana component = com.facebook.rti.orca.FbnsLiteBroadcastReceiver, 2, 0)
06-30 18:30:15.708  1819  1948 W PackageManager: package com.facebook.katana uid 10326 pid 30423 call SetEnabledSetting(com.facebook.katana component = com.facebook.timeline.stagingground.Fb4aProfilePictureShareActivityAlias, 1, 0)
06-30 18:30:15.711  1819  1948 W PackageManager: package com.facebook.katana uid 10326 pid 30423 call SetEnabledSetting(com.facebook.katana component = com.facebook.timeline.stagingground.WorkProfilePictureShareActivityAlias, 2, 0)
06-30 18:30:15.837  1819  2074 D CompatibilityChangeReporter: Compat change id reported: 271850009; UID 10100; state: ENABLED
06-30 18:30:15.838  1819  2074 W JobScheduler.JobStatus: Exempted app com.oplus.cota considered buggy
06-30 18:30:16.066  1819  1879 D AppProfilerExtImpl: Skipped pss collection for CPU busy
06-30 18:30:16.145  1819  1948 D CompatibilityChangeReporter: Compat change id reported: 161145287; UID 10356; state: ENABLED
06-30 18:30:16.250  1819  1948 W ProcessStats: Tracking association SourceState{b5bb4a3 com.facebook.katana/10326 Service #69822} whose proc state 8 is better than process ProcessState{72a0fc6 com.facebook.orca/10356 pkg=com.facebook.orca} proc state 13 (77 skipped)
06-30 18:30:16.473  1819  1948 W PackageManager: package com.facebook.orca uid 10356 pid 30761 call SetEnabledSetting(com.facebook.orca component = com.facebook.mqtt.service.MqttServiceV2, 1, 0)
06-30 18:30:16.492  1819  1948 W ActivityManager: Background start not allowed: service Intent { cmp=com.facebook.orca/com.facebook.mqtt.service.MqttServiceV2 (has extras) mCallingUid=10356 } to com.facebook.orca/com.facebook.mqtt.service.MqttServiceV2 from pid=30761 uid=10356 pkg=com.facebook.orca startFg?=false
06-30 18:30:16.530  1819  1948 D CompatibilityChangeReporter: Compat change id reported: 261072174; UID 10356; state: ENABLED
06-30 18:30:16.542  1819  1948 W ActivityManager: Background start not allowed: service Intent { cmp=com.facebook.orca/com.facebook.mqtt.service.MqttServiceV2 (has extras) mCallingUid=10356 } to com.facebook.orca/com.facebook.mqtt.service.MqttServiceV2 from pid=30761 uid=10356 pkg=com.facebook.orca startFg?=false
06-30 18:30:16.616  1819  1917 I OplusSmartBrightnessController: deltaLux = 0.65334415, scale = 1.4714046
06-30 18:30:16.616  1819  1919 D OplusSmartBrightnessController: handleMessage MSG_LUX_CHANGED, mLux:8.555972 luxQueue=[8.0, 8.0, 8.0, 8.0, 8.0, 8.0, 8.0, 8.0, 9.0, 9.0, 9.0, 9.0]
06-30 18:30:17.138  1819  5781 D CompatibilityChangeReporter: Compat change id reported: 202110963; UID 1000; state: ENABLED
06-30 18:30:17.521  2535  2806 V MonthTrafficAlert: getWarningNotification subId:1 numWarningNotificaion:0
06-30 18:30:17.521  2535  2806 V TrafficAlert: getLimitNotification subId:1 ,numLimitNotificaion:0
06-30 18:30:17.621  1819  1919 D OplusSmartBrightnessController: handleMessage MSG_LUX_CHANGED, mLux:9.0 luxQueue=[9.0, 9.0, 9.0, 9.0, 9.0]
06-30 18:30:19.815  1819  1919 D OplusSmartBrightnessController: handleMessage MSG_LUX_CHANGED, mLux:9.0 luxQueue=[9.0, 9.0, 9.0, 9.0, 9.0, 9.0, 9.0, 9.0, 9.0, 9.0, 9.0]
06-30 18:30:20.873  1819  1948 D CompatibilityChangeReporter: Compat change id reported: 74210811; UID 10356; state: ENABLED
06-30 18:30:21.095  1819  1879 D AppProfilerExtImpl: Skipped pss collection for CPU busy
06-30 18:30:21.320  1819  1948 W ActivityManager: Background start not allowed: service Intent { cmp=com.facebook.orca/com.facebook.mqtt.service.MqttServiceV2 (has extras) mCallingUid=10356 } to com.facebook.orca/com.facebook.mqtt.service.MqttServiceV2 from pid=30761 uid=10356 pkg=com.facebook.orca startFg?=false
06-30 18:30:21.816  1819  1919 D OplusSmartBrightnessController: handleMessage MSG_LUX_CHANGED, mLux:9.0 luxQueue=[9.0, 9.0, 9.0, 9.0, 9.0, 9.0, 9.0, 9.0, 9.0, 9.0]
06-30 18:30:21.990  1819  1948 D CompatibilityChangeReporter: Compat change id reported: 183164979; UID 10356; state: ENABLED
06-30 18:30:22.861  1819  1948 D CompatibilityChangeReporter: Compat change id reported: 253665015; UID 10100; state: ENABLED
06-30 18:30:22.862  1819  1948 D CompatibilityChangeReporter: Compat change id reported: 194532703; UID 10100; state: ENABLED
06-30 18:30:22.890  1819  1948 W JobScheduler.JobStatus: Exempted app com.oplus.cota considered buggy
06-30 18:30:22.900  1819  1970 D CompatibilityChangeReporter: Compat change id reported: 265195908; UID 10100; state: ENABLED
06-30 18:30:23.058  1819  1948 D CompatibilityChangeReporter: Compat change id reported: 253665015; UID 10356; state: ENABLED
06-30 18:30:23.059  1819  1948 D CompatibilityChangeReporter: Compat change id reported: 194532703; UID 10356; state: ENABLED
06-30 18:30:23.365  1819  1948 D CompatibilityChangeReporter: Compat change id reported: 271850009; UID 10356; state: ENABLED
06-30 18:30:23.381  1819  1948 W JobScheduler.JobStatus: Exempted app com.oplus.cota considered buggy
06-30 18:30:24.017  1819  1919 D OplusSmartBrightnessController: handleMessage MSG_LUX_CHANGED, mLux:9.0 luxQueue=[9.0, 9.0, 9.0, 9.0, 9.0, 9.0, 9.0, 9.0, 9.0, 9.0, 9.0]
06-30 18:30:24.878  1819  1836 W ContextImpl: Calling a method in the system process without a qualified user: android.app.ContextImpl.sendBroadcastMultiplePermissions:1282 android.content.Context.sendBroadcastMultiplePermissions:2476 com.android.server.TelephonyRegistry.broadcastServiceStateChanged:3594 com.android.server.TelephonyRegistry.notifyServiceStateForPhoneId:1759 com.android.internal.telephony.ITelephonyRegistry$Stub.onTransact:534 
06-30 18:30:24.916  1819  1836 W ContextImpl: Calling a method in the system process without a qualified user: android.app.ContextImpl.sendBroadcastMultiplePermissions:1315 com.android.server.TelephonyRegistry.broadcastServiceStateChanged:3599 com.android.server.TelephonyRegistry.notifyServiceStateForPhoneId:1759 com.android.internal.telephony.ITelephonyRegistry$Stub.onTransact:534 android.os.Binder.execTransactInternal:1392 
06-30 18:30:24.925  1819  1836 W ContextImpl: Calling a method in the system process without a qualified user: android.app.ContextImpl.sendBroadcastMultiplePermissions:1315 com.android.server.TelephonyRegistry.broadcastServiceStateChanged:3608 com.android.server.TelephonyRegistry.notifyServiceStateForPhoneId:1759 com.android.internal.telephony.ITelephonyRegistry$Stub.onTransact:534 android.os.Binder.execTransactInternal:1392 
06-30 18:30:24.930  1819  1836 W ContextImpl: Calling a method in the system process without a qualified user: android.app.ContextImpl.sendBroadcastMultiplePermissions:1315 com.android.server.TelephonyRegistry.broadcastServiceStateChanged:3614 com.android.server.TelephonyRegistry.notifyServiceStateForPhoneId:1759 com.android.internal.telephony.ITelephonyRegistry$Stub.onTransact:534 android.os.Binder.execTransactInternal:1392 
06-30 18:30:24.940  1819  1901 D CompatibilityChangeReporter: Compat change id reported: 135634846; UID 10245; state: DISABLED
06-30 18:30:24.940  1819  1901 D CompatibilityChangeReporter: Compat change id reported: 177438394; UID 10245; state: DISABLED
06-30 18:30:24.940  1819  1901 D CompatibilityChangeReporter: Compat change id reported: 135772972; UID 10245; state: DISABLED
06-30 18:30:24.941  1819  1901 D CompatibilityChangeReporter: Compat change id reported: 135754954; UID 10245; state: ENABLED
06-30 18:30:24.942  1819  1896 D CompatibilityChangeReporter: Compat change id reported: 143937733; UID 10245; state: ENABLED
06-30 18:30:24.965  1819  1896 I ActivityManager: Start proc 30931:com.google.android.cellbroadcastreceiver/u0a245 for broadcast {com.google.android.cellbroadcastreceiver/com.android.cellbroadcastreceiver.CellBroadcastReceiver}
06-30 18:30:25.041  1819  5781 D CompatibilityChangeReporter: Compat change id reported: 168419799; UID 10245; state: DISABLED
06-30 18:30:25.041  1819  5781 D CompatibilityChangeReporter: Compat change id reported: 273564678; UID 10245; state: DISABLED
06-30 18:30:25.042  1819  5781 D ActivityTaskManagerServiceExtImpl: preBindApplication record is null
06-30 18:30:25.051  1819  1970 D CompatibilityChangeReporter: Compat change id reported: 265195908; UID 10245; state: ENABLED
06-30 18:30:25.056  1819  1870 D OplusInterceptLockScreenWindow: starting IOplusLockScreenCallbacks service...
06-30 18:30:25.095  1819  1836 D CompatibilityChangeReporter: Compat change id reported: 170503758; UID 10245; state: ENABLED
06-30 18:30:25.441 30931 30931 I Quality : GetResourcesInfo:212508231,/apex/com.android.cellbroadcast/priv-app/GoogleCellBroadcastApp@351511000/GoogleCellBroadcastApp.apk
06-30 18:30:25.535 30931 30931 D ResourcesManagerExtImpl: applyConfigurationToAppResourcesLocked app.getDisplayId() return callback.displayId:-1
06-30 18:30:25.560  1819  1836 W BatteryExternalStatsWorker: error reading Bluetooth stats: 11
06-30 18:30:25.618  1819  1948 I ActivityManager: Flag disabled. Ignoring finishAttachApplication from uid: 10245. pid: 30931
06-30 18:30:25.663  1819  1948 I ActivityManager: Killing 27934:com.google.android.googlequicksearchbox:search/u0a112 (adj 905): empty #7
06-30 18:30:25.783  1819  1879 D AppProfilerExtImpl: Skipped pss collection for CPU busy
06-30 18:30:26.220  1819  1919 D OplusSmartBrightnessController: handleMessage MSG_LUX_CHANGED, mLux:9.0 luxQueue=[9.0, 9.0, 9.0, 9.0, 9.0, 9.0, 9.0, 9.0, 9.0, 9.0, 9.0]
06-30 18:30:26.607  1819  2076 W ContextImpl: Calling a method in the system process without a qualified user: android.app.ContextImpl.sendBroadcast:1232 com.android.server.job.controllers.OplusCpuController.notifyHighCpuEventForApp:386 com.android.server.job.controllers.OplusCpuController.handleCpuUpdate:332 com.android.server.job.controllers.OplusCpuController.-$$Nest$mhandleCpuUpdate:0 com.android.server.job.controllers.OplusCpuController$CpuTrackerHandler.handleMessage:256 
06-30 18:30:26.669   619 30757 I keystore2: system/security/keystore2/src/watchdog.rs:319 - Watchdog thread idle -> terminating. Have a great day.
06-30 18:30:28.416  1819  1919 D OplusSmartBrightnessController: handleMessage MSG_LUX_CHANGED, mLux:9.0 luxQueue=[9.0, 9.0, 9.0, 9.0, 9.0, 9.0, 9.0, 9.0, 9.0, 9.0, 9.0]
06-30 18:30:30.416  1819  1919 D OplusSmartBrightnessController: handleMessage MSG_LUX_CHANGED, mLux:9.0 luxQueue=[9.0, 9.0, 9.0, 9.0, 9.0, 9.0, 9.0, 9.0, 9.0, 9.0]
06-30 18:30:31.041  1819  2507 W ContextImpl: Calling a method in the system process without a qualified user: android.app.ContextImpl.sendBroadcastMultiplePermissions:1282 android.content.Context.sendBroadcastMultiplePermissions:2476 com.android.server.TelephonyRegistry.broadcastServiceStateChanged:3594 com.android.server.TelephonyRegistry.notifyServiceStateForPhoneId:1759 com.android.internal.telephony.ITelephonyRegistry$Stub.onTransact:534 
06-30 18:30:31.053  1819  2507 W ContextImpl: Calling a method in the system process without a qualified user: android.app.ContextImpl.sendBroadcastMultiplePermissions:1315 com.android.server.TelephonyRegistry.broadcastServiceStateChanged:3599 com.android.server.TelephonyRegistry.notifyServiceStateForPhoneId:1759 com.android.internal.telephony.ITelephonyRegistry$Stub.onTransact:534 android.os.Binder.execTransactInternal:1392 
06-30 18:30:31.060  1819  2507 W ContextImpl: Calling a method in the system process without a qualified user: android.app.ContextImpl.sendBroadcastMultiplePermissions:1315 com.android.server.TelephonyRegistry.broadcastServiceStateChanged:3608 com.android.server.TelephonyRegistry.notifyServiceStateForPhoneId:1759 com.android.internal.telephony.ITelephonyRegistry$Stub.onTransact:534 android.os.Binder.execTransactInternal:1392 
06-30 18:30:31.064  1819  2507 W ContextImpl: Calling a method in the system process without a qualified user: android.app.ContextImpl.sendBroadcastMultiplePermissions:1315 com.android.server.TelephonyRegistry.broadcastServiceStateChanged:3614 com.android.server.TelephonyRegistry.notifyServiceStateForPhoneId:1759 com.android.internal.telephony.ITelephonyRegistry$Stub.onTransact:534 android.os.Binder.execTransactInternal:1392 
06-30 18:30:32.622  1819  1919 D OplusSmartBrightnessController: handleMessage MSG_LUX_CHANGED, mLux:9.0 luxQueue=[9.0, 9.0, 9.0, 9.0, 9.0, 9.0, 9.0, 9.0, 9.0, 9.0, 9.0]
06-30 18:30:34.819  1819  1919 D OplusSmartBrightnessController: handleMessage MSG_LUX_CHANGED, mLux:9.0 luxQueue=[9.0, 9.0, 9.0, 9.0, 9.0, 9.0, 9.0, 9.0, 9.0, 9.0, 9.0]
06-30 18:30:35.869  1819  1948 D CompatibilityChangeReporter: Compat change id reported: 135634846; UID 10112; state: DISABLED
06-30 18:30:35.870  1819  1948 D CompatibilityChangeReporter: Compat change id reported: 177438394; UID 10112; state: DISABLED
06-30 18:30:35.870  1819  1948 D CompatibilityChangeReporter: Compat change id reported: 135772972; UID 10112; state: DISABLED
06-30 18:30:35.871  1819  1948 D CompatibilityChangeReporter: Compat change id reported: 135754954; UID 10112; state: ENABLED
06-30 18:30:35.874  1819  1896 D CompatibilityChangeReporter: Compat change id reported: 143937733; UID 10112; state: ENABLED
06-30 18:30:35.894  1819  1896 I ActivityManager: Start proc 30952:com.google.android.googlequicksearchbox:search/u0a112 for service {com.google.android.googlequicksearchbox/com.google.android.apps.gsa.publicsearch.PublicSearchService}
06-30 18:30:35.961  1819  1948 D CompatibilityChangeReporter: Compat change id reported: 168419799; UID 10112; state: DISABLED
06-30 18:30:35.962  1819  1948 D CompatibilityChangeReporter: Compat change id reported: 273564678; UID 10112; state: DISABLED
06-30 18:30:35.963  1819  1948 D ActivityTaskManagerServiceExtImpl: preBindApplication record is null
06-30 18:30:35.976  1819  1870 D OplusInterceptLockScreenWindow: starting IOplusLockScreenCallbacks service...
06-30 18:30:36.002  1819  2507 D CompatibilityChangeReporter: Compat change id reported: 170503758; UID 10112; state: ENABLED
06-30 18:30:36.552  1819  2074 W JobScheduler.JobStatus: Exempted app com.oplus.cota considered buggy
06-30 18:30:36.552  1819  2074 W JobScheduler.JobStatus: Exempted app com.oplus.cota considered buggy
06-30 18:30:36.571  1819  1970 W JobScheduler.JobStatus: Exempted app com.oplus.cota considered buggy
06-30 18:30:36.571  1819  1970 W JobScheduler.JobStatus: Exempted app com.oplus.cota considered buggy
06-30 18:30:36.587  1819  1970 W JobScheduler.JobStatus: Exempted app com.oplus.cota considered buggy
06-30 18:30:36.611  1819  1948 D CompatibilityChangeReporter: Compat change id reported: 271850009; UID 10360; state: ENABLED
06-30 18:30:36.611  1819  1948 D CompatibilityChangeReporter: Compat change id reported: 253665015; UID 10360; state: ENABLED
06-30 18:30:36.612  1819  1948 D CompatibilityChangeReporter: Compat change id reported: 194532703; UID 10360; state: ENABLED
06-30 18:30:36.624  1819  1948 W JobScheduler.JobStatus: Exempted app com.oplus.cota considered buggy
06-30 18:30:36.809 30952 30952 I Quality : GetResourcesInfo:508962538,/data/app/~~lSGLRjG2pJIgfAjwbBELhA==/com.google.android.googlequicksearchbox-Kk7cJDqlLnvWY4z5nCmx1g==/base.apk
06-30 18:30:37.011  1819  1948 D CompatibilityChangeReporter: Compat change id reported: 161145287; UID 10112; state: ENABLED
06-30 18:30:37.016  1819  1919 D OplusSmartBrightnessController: handleMessage MSG_LUX_CHANGED, mLux:9.0 luxQueue=[9.0, 9.0, 9.0, 9.0, 9.0, 9.0, 9.0, 9.0, 9.0, 9.0, 9.0]
06-30 18:30:37.033 30952 30952 D ResourcesManagerExtImpl: applyConfigurationToAppResourcesLocked app.getDisplayId() return callback.displayId:-1
06-30 18:30:37.635 30952 30952 I Quality : ActivityThread: callApplicationOnCreate delay 510 com.google.android.googlequicksearchbox:search 30952
06-30 18:30:37.640  1819  3697 I ActivityManager: Flag disabled. Ignoring finishAttachApplication from uid: 10112. pid: 30952
06-30 18:30:38.087  1819  3697 I ActivityManager: Killing 29017:com.google.android.permissioncontroller/u0a247 (adj 925): empty #7
06-30 18:30:38.089  1819  3697 I ActivityManager: Killing 30311:com.oplus.notificationmanager/1000 (adj 945): empty #8
06-30 18:30:38.129  1819  1868 D DisplayManagerService: Drop pending events for gone uid 10247
06-30 18:30:38.132  1819  3586 I ActivityManager: Killing 27726:com.whatsapp/u0a311 (adj 965): empty #7
06-30 18:30:38.135  1819  3586 I ActivityManager: Killing 30761:com.facebook.orca/u0a356 (adj 975): empty #8
06-30 18:30:38.138  1819  3586 I ActivityManager: Killing 29837:com.oplus.romupdate/u0a160 (adj 985): empty #9
06-30 18:30:38.139  1819  3586 I ActivityManager: Killing 29917:com.google.process.gapps/u0a104 (adj 995): empty #10
06-30 18:30:38.140  1819  3586 I ActivityManager: Killing 29635:com.coloros.weather.service/u0a161 (adj 999): empty #11
06-30 18:30:38.155  1819  1879 D AppProfilerExtImpl: Skipped pss collection for CPU busy
06-30 18:30:38.201  1819  1868 D DisplayManagerService: Drop pending events for gone uid 10311
06-30 18:30:38.213  1819  1868 D DisplayManagerService: Drop pending events for gone uid 10161
06-30 18:30:38.218  1819  1868 D DisplayManagerService: Drop pending events for gone uid 10160
06-30 18:30:38.226  1819  1868 D DisplayManagerService: Drop pending events for gone uid 10356
06-30 18:30:38.986  1819  1948 W PackageManager: package com.google.android.googlequicksearchbox uid 10112 pid 30952 call SetEnabledSetting(com.google.android.googlequicksearchbox component = com.google.android.apps.gsa.staticplugins.opa.EnterOpaActivityFromDeeplink, 1, 0)
06-30 18:30:39.019  1819  1919 D OplusSmartBrightnessController: handleMessage MSG_LUX_CHANGED, mLux:9.0 luxQueue=[9.0, 9.0, 9.0, 9.0, 9.0, 9.0, 9.0, 9.0, 9.0, 9.0]
06-30 18:30:39.949  1819  1948 W ProcessStats: Tracking association SourceState{4d0ff81 com.google.android.gms.persistent/10104 BFgs #69950} whose proc state 4 is better than process ProcessState{361dc08 com.google.android.gms/10104 pkg=com.google.android.gms} proc state 14 (0 skipped)
06-30 18:30:41.815  1819  1917 I OplusSmartBrightnessController: deltaLux = 1.0, scale = 1.0
06-30 18:30:41.816  1819  1919 D OplusSmartBrightnessController: handleMessage MSG_LUX_CHANGED, mLux:8.0 luxQueue=[8.0, 8.0, 8.0, 8.0, 8.0, 8.0, 8.0, 8.0, 8.0, 8.0, 8.0, 8.0]
06-30 18:30:42.670  1819  2074 W JobScheduler.JobStatus: Exempted app com.oplus.cota considered buggy
06-30 18:30:42.670  1819  2074 W JobScheduler.JobStatus: Exempted app com.oplus.cota considered buggy
06-30 18:30:42.681  1819  1970 W JobScheduler.JobStatus: Exempted app com.oplus.cota considered buggy
06-30 18:30:42.682  1819  1970 W JobScheduler.JobStatus: Exempted app com.oplus.cota considered buggy
06-30 18:30:42.695  1819  1970 W JobScheduler.JobStatus: Exempted app com.oplus.cota considered buggy
06-30 18:30:42.696  1819  1970 W JobScheduler.JobStatus: Exempted app com.oplus.cota considered buggy
06-30 18:30:43.283  1819  1948 W JobScheduler.JobStatus: Exempted app com.oplus.cota considered buggy
06-30 18:30:43.817  1819  1919 D OplusSmartBrightnessController: handleMessage MSG_LUX_CHANGED, mLux:8.0 luxQueue=[8.0, 8.0, 8.0, 8.0, 8.0, 8.0, 8.0, 8.0, 8.0, 8.0]
06-30 18:30:47.617  1819  1917 I OplusSmartBrightnessController: deltaLux = 0.078510284, scale = 1.2763854
06-30 18:30:47.617  1819  1919 D OplusSmartBrightnessController: handleMessage MSG_LUX_CHANGED, mLux:7.93849 luxQueue=[7.0, 8.0, 8.0, 8.0, 8.0, 8.0, 8.0, 8.0, 8.0, 8.0, 8.0, 8.0]
06-30 18:30:49.817  1819  1919 D OplusSmartBrightnessController: handleMessage MSG_LUX_CHANGED, mLux:8.854378 luxQueue=[8.0, 8.0, 8.0, 10.0, 10.0]
06-30 18:30:50.619  1819  1919 D OplusSmartBrightnessController: handleMessage MSG_LUX_CHANGED, mLux:10.758718 luxQueue=[10.0, 11.0, 11.0, 11.0]
06-30 18:30:52.617  1819  1919 D OplusSmartBrightnessController: handleMessage MSG_LUX_CHANGED, mLux:11.0 luxQueue=[11.0, 11.0, 11.0, 11.0, 11.0]
06-30 18:30:52.774  1819  5771 W ProcessStats: Tracking association SourceState{4d0ff81 com.google.android.gms.persistent/10104 BFgs #69963} whose proc state 4 is better than process ProcessState{361dc08 com.google.android.gms/10104 pkg=com.google.android.gms} proc state 14 (6 skipped)
06-30 18:30:52.973  1819  2074 W JobScheduler.JobStatus: Exempted app com.oplus.cota considered buggy
06-30 18:30:52.973  1819  2074 W JobScheduler.JobStatus: Exempted app com.oplus.cota considered buggy
06-30 18:30:53.001  1819  1970 W JobScheduler.JobStatus: Exempted app com.oplus.cota considered buggy
06-30 18:30:53.001  1819  1970 W JobScheduler.JobStatus: Exempted app com.oplus.cota considered buggy
06-30 18:30:53.001  1819  1970 W JobScheduler.JobStatus: Exempted app com.oplus.cota considered buggy
06-30 18:30:55.216  1819  1917 I OplusSmartBrightnessController: deltaLux = 0.1602583, scale = 1.372678
06-30 18:30:55.216  1819  1919 D OplusSmartBrightnessController: handleMessage MSG_LUX_CHANGED, mLux:10.883251 luxQueue=[10.0, 11.0, 11.0, 11.0, 11.0, 11.0, 11.0, 11.0, 11.0, 10.0, 11.0, 11.0]
06-30 18:30:58.016  1819  1919 D OplusSmartBrightnessController: handleMessage MSG_LUX_CHANGED, mLux:11.0 luxQueue=[11.0, 11.0, 11.0, 11.0, 11.0]
