--------- beginning of system
06-30 18:29:53.337  1819  5784 I AppsFilter: interaction: PackageSetting{3d67e4d com.example.crashcourse/10399} -> PackageSetting{773b6bf com.android.chrome/10134} BLOCKED
06-30 18:29:53.337  1819  5784 I AppsFilter: interaction: PackageSetting{3d67e4d com.example.crashcourse/10399} -> PackageSetting{4ad318c com.adakami.dana.kredit.pinjaman/10374} BLOCKED
06-30 18:29:53.337  1819  5784 I AppsFilter: interaction: PackageSetting{3d67e4d com.example.crashcourse/10399} -> PackageSetting{11ef0d5 com.coloros.compass2/10157} BLOCKED
06-30 18:29:53.337  1819  5784 I AppsFilter: interaction: PackageSetting{3d67e4d com.example.crashcourse/10399} -> PackageSetting{2e44e9 com.nearme.gamecenter/10225} BLOCKED
06-30 18:29:53.337  1819  5784 I AppsFilter: interaction: PackageSetting{3d67e4d com.example.crashcourse/10399} -> PackageSetting{14ba0ea com.coloros.note/10263} BLOCKED
06-30 18:29:53.337  1819  5784 I AppsFilter: interaction: PackageSetting{3d67e4d com.example.crashcourse/10399} -> PackageSetting{736ffdb com.ss.android.ugc.trill/10283} BLOCKED
06-30 18:29:53.337  1819  5784 I AppsFilter: interaction: PackageSetting{3d67e4d com.example.crashcourse/10399} -> PackageSetting{2c1da78 com.google.android.apps.walletnfcrel/10232} BLOCKED
06-30 18:29:53.337  1819  5784 I AppsFilter: interaction: PackageSetting{3d67e4d com.example.crashcourse/10399} -> PackageSetting{deac551 com.google.android.partnersetup/10091} BLOCKED
06-30 18:29:53.337  1819  5784 I AppsFilter: interaction: PackageSetting{3d67e4d com.example.crashcourse/10399} -> PackageSetting{2bae1b6 com.oplus.account/10293} BLOCKED
06-30 18:29:53.337  1819  5784 I AppsFilter: interaction: PackageSetting{3d67e4d com.example.crashcourse/10399} -> PackageSetting{31bbeb7 com.google.android.videos/10258} BLOCKED
06-30 18:29:53.337  1819  5784 I AppsFilter: interaction: PackageSetting{3d67e4d com.example.crashcourse/10399} -> PackageSetting{2171405 com.bca.mybca.omni.android/10319} BLOCKED
06-30 18:29:53.337  1819  5784 I AppsFilter: interaction: PackageSetting{3d67e4d com.example.crashcourse/10399} -> PackageSetting{8c5658d com.google.android.overlay.gmsconfig.asi/10005} BLOCKED
06-30 18:29:53.337  1819  5784 I AppsFilter: interaction: PackageSetting{3d67e4d com.example.crashcourse/10399} -> PackageSetting{90b6342 com.google.android.overlay.gmsconfig.gsa/10003} BLOCKED
06-30 18:29:53.337  1819  5784 I AppsFilter: interaction: PackageSetting{3d67e4d com.example.crashcourse/10399} -> PackageSetting{9238f53 com.qpon.platform/10338} BLOCKED
06-30 18:29:53.337  1819  5784 I AppsFilter: interaction: PackageSetting{3d67e4d com.example.crashcourse/10399} -> PackageSetting{7018090 com.coloros.lockassistant/10105} BLOCKED
06-30 18:29:53.337  1819  5784 I AppsFilter: interaction: PackageSetting{3d67e4d com.example.crashcourse/10399} -> PackageSetting{2fcd89 com.android.theme.font.notoserifsource/10022} BLOCKED
06-30 18:29:53.338  1819  5784 I AppsFilter: interaction: PackageSetting{3d67e4d com.example.crashcourse/10399} -> PackageSetting{5f0718e com.google.android.safetycenter.resources/10246} BLOCKED
06-30 18:29:53.338  1819  5784 I AppsFilter: interaction: PackageSetting{3d67e4d com.example.crashcourse/10399} -> PackageSetting{bcdcdaf com.android.internal.display.cutout.emulation.waterfall/10021} BLOCKED
06-30 18:29:53.338  1819  5784 I AppsFilter: interaction: PackageSetting{3d67e4d com.example.crashcourse/10399} -> PackageSetting{fa615bc com.netflix.mediaclient/10272} BLOCKED
06-30 18:29:53.338  1819  5784 I AppsFilter: interaction: PackageSetting{3d67e4d com.example.crashcourse/10399} -> PackageSetting{fbeb945 com.android.internal.systemui.navbar.transparent/10275} BLOCKED
06-30 18:29:53.338  1819  5784 I AppsFilter: interaction: PackageSetting{3d67e4d com.example.crashcourse/10399} -> PackageSetting{106189a com.oplus.android.overlay.modules.documentsui/10004} BLOCKED
06-30 18:29:53.338  1819  5784 I AppsFilter: interaction: PackageSetting{3d67e4d com.example.crashcourse/10399} -> PackageSetting{d3dba44 com.UCMobile.intl/10360} BLOCKED
06-30 18:29:53.338  1819  5784 I AppsFilter: interaction: PackageSetting{3d67e4d com.example.crashcourse/10399} -> PackageSetting{c3395cb com.coloros.calculator/10142} BLOCKED
06-30 18:29:53.338  1819  5784 I AppsFilter: interaction: PackageSetting{3d67e4d com.example.crashcourse/10399} -> PackageSetting{f9cd1a8 com.google.android.connectivity.resources/10242} BLOCKED
06-30 18:29:53.338  1819  5784 I AppsFilter: interaction: PackageSetting{3d67e4d com.example.crashcourse/10399} -> PackageSetting{d96a4c1 com.google.android.feedback/10201} BLOCKED
06-30 18:29:53.338  1819  5784 I AppsFilter: interaction: PackageSetting{3d67e4d com.example.crashcourse/10399} -> PackageSetting{d9d2466 com.google.android.printservice.recommendation/10205} BLOCKED
06-30 18:29:53.338  1819  5784 I AppsFilter: interaction: PackageSetting{3d67e4d com.example.crashcourse/10399} -> PackageSetting{9e3c3a7 com.google.android.apps.photos/10237} BLOCKED
06-30 18:29:53.338  1819  5784 I AppsFilter: interaction: PackageSetting{3d67e4d com.example.crashcourse/10399} -> PackageSetting{25bb970 com.google.android.calendar/10224} BLOCKED
06-30 18:29:53.338  1819  5784 I AppsFilter: interaction: PackageSetting{3d67e4d com.example.crashcourse/10399} -> PackageSetting{5c16054 com.fullmetalgamedev.fruitshooting/10264} BLOCKED
06-30 18:29:53.338  1819  5784 I AppsFilter: interaction: PackageSetting{3d67e4d com.example.crashcourse/10399} -> PackageSetting{3a7cbfd com.spotify.music/10277} BLOCKED
06-30 18:29:53.338  1819  5784 I AppsFilter: interaction: PackageSetting{3d67e4d com.example.crashcourse/10399} -> PackageSetting{14720f2 com.google.android.documentsui/10062} BLOCKED
06-30 18:29:53.338  1819  5784 I AppsFilter: interaction: PackageSetting{3d67e4d com.example.crashcourse/10399} -> PackageSetting{47ef343 com.jt.indonesiaexpress/10266} BLOCKED
06-30 18:29:53.338  1819  5784 I AppsFilter: interaction: PackageSetting{3d67e4d com.example.crashcourse/10399} -> PackageSetting{fe2dc0 com.gojek.app/10308} BLOCKED
06-30 18:29:53.338  1819  5784 I AppsFilter: interaction: PackageSetting{3d67e4d com.example.crashcourse/10399} -> PackageSetting{aa2af9 com.google.android.accessibility.switchaccess/10296} BLOCKED
06-30 18:29:53.338  1819  5784 I AppsFilter: interaction: PackageSetting{3d67e4d com.example.crashcourse/10399} -> PackageSetting{7225a3e com.facebook.katana/10326} BLOCKED
06-30 18:29:53.338  1819  5784 I AppsFilter: interaction: PackageSetting{3d67e4d com.example.crashcourse/10399} -> PackageSetting{b13809f com.coloros.alarmclock/10148} BLOCKED
06-30 18:29:53.338  1819  5784 I AppsFilter: interaction: PackageSetting{3d67e4d com.example.crashcourse/10399} -> PackageSetting{27865ec com.oplus.games/10106} BLOCKED
06-30 18:29:53.338  1819  5784 I AppsFilter: interaction: PackageSetting{3d67e4d com.example.crashcourse/10399} -> PackageSetting{cd97db5 com.android.providers.partnerbookmarks/10127} BLOCKED
06-30 18:29:53.338  1819  5784 I AppsFilter: interaction: PackageSetting{3d67e4d com.example.crashcourse/10399} -> PackageSetting{be5dc4a com.katanlabs.famimart/10302} BLOCKED
06-30 18:29:53.338  1819  5784 I AppsFilter: interaction: PackageSetting{3d67e4d com.example.crashcourse/10399} -> PackageSetting{53987bb com.android.carrierconfig.overlay.product/10037} BLOCKED
06-30 18:29:53.338  1819  5784 I AppsFilter: interaction: PackageSetting{3d67e4d com.example.crashcourse/10399} -> PackageSetting{67bf4d8 com.oplus.wallpapers/10168} BLOCKED
06-30 18:29:53.338  1819  5784 I AppsFilter: interaction: PackageSetting{3d67e4d com.example.crashcourse/10399} -> PackageSetting{e714031 com.android.apps.tag/10068} BLOCKED
06-30 18:29:53.338  1819  5784 I AppsFilter: interaction: PackageSetting{3d67e4d com.example.crashcourse/10399} -> PackageSetting{ead7316 com.facebook.orca/10356} BLOCKED
06-30 18:29:53.338  1819  5784 I AppsFilter: interaction: PackageSetting{3d67e4d com.example.crashcourse/10399} -> PackageSetting{1eee497 com.oplus.encryption/10147} BLOCKED
06-30 18:29:53.338  1819  5784 I AppsFilter: interaction: PackageSetting{3d67e4d com.example.crashcourse/10399} -> PackageSetting{278684 com.coloros.securepay/10163} BLOCKED
06-30 18:29:53.338  1819  5784 I AppsFilter: interaction: PackageSetting{3d67e4d com.example.crashcourse/10399} -> PackageSetting{9e8ae6d com.facebook.system/10207} BLOCKED
06-30 18:29:53.338  1819  5784 I AppsFilter: interaction: PackageSetting{3d67e4d com.example.crashcourse/10399} -> PackageSetting{285aaa2 com.chess/10309} BLOCKED
06-30 18:29:53.338  1819  5784 I AppsFilter: interaction: PackageSetting{3d67e4d com.example.crashcourse/10399} -> PackageSetting{8333333 com.katanlabs.filltheglass/10303} BLOCKED
06-30 18:29:53.338  1819  5784 I AppsFilter: interaction: PackageSetting{3d67e4d com.example.crashcourse/10399} -> PackageSetting{3d886f0 com.google.android.healthconnect.controller/10316} BLOCKED
06-30 18:29:53.338  1819  5784 I AppsFilter: interaction: PackageSetting{3d67e4d com.example.crashcourse/10399} -> PackageSetting{9eec469 com.heytap.colorfulengine/10096} BLOCKED
06-30 18:29:53.338  1819  5784 I AppsFilter: interaction: PackageSetting{3d67e4d com.example.crashcourse/10399} -> PackageSetting{cb7ceee com.gojek.gopay/10286} BLOCKED
06-30 18:29:53.338  1819  5784 I AppsFilter: interaction: PackageSetting{3d67e4d com.example.crashcourse/10399} -> PackageSetting{563cf8f com.android.bookmarkprovider/10070} BLOCKED
06-30 18:29:53.338  1819  5784 I AppsFilter: interaction: PackageSetting{3d67e4d com.example.crashcourse/10399} -> PackageSetting{c57221c com.linkedin.android/10276} BLOCKED
06-30 18:29:53.338  1819  5784 I AppsFilter: interaction: PackageSetting{3d67e4d com.example.crashcourse/10399} -> PackageSetting{b263e25 com.heytap.browser/10229} BLOCKED
06-30 18:29:53.338  1819  5784 I AppsFilter: interaction: PackageSetting{3d67e4d com.example.crashcourse/10399} -> PackageSetting{bd5ebfa com.google.android.networkstack.overlay/10010} BLOCKED
06-30 18:29:53.338  1819  5784 I AppsFilter: interaction: PackageSetting{3d67e4d com.example.crashcourse/10399} -> PackageSetting{557d5ab com.google.android.apps.healthdata/10210} BLOCKED
06-30 18:29:53.338  1819  5784 I AppsFilter: interaction: PackageSetting{3d67e4d com.example.crashcourse/10399} -> PackageSetting{6c24408 com.google.android.apps.youtube.creator/10324} BLOCKED
06-30 18:29:53.338  1819  5784 I AppsFilter: interaction: PackageSetting{3d67e4d com.example.crashcourse/10399} -> PackageSetting{c8497e2 com.google.android.projection.gearhead/10093} BLOCKED
06-30 18:29:53.338  1819  5784 I AppsFilter: interaction: PackageSetting{3d67e4d com.example.crashcourse/10399} -> PackageSetting{7a197a1 com.oplus.multiapp/10194} BLOCKED
06-30 18:29:53.338  1819  5784 I AppsFilter: interaction: PackageSetting{3d67e4d com.example.crashcourse/10399} -> PackageSetting{386cdc6 com.google.android.safetycore/10347} BLOCKED
06-30 18:29:53.338  1819  5784 I AppsFilter: interaction: PackageSetting{3d67e4d com.example.crashcourse/10399} -> PackageSetting{3c2187 com.google.android.apps.chromecast.app/10262} BLOCKED
06-30 18:29:53.338  1819  5784 I AppsFilter: interaction: PackageSetting{3d67e4d com.example.crashcourse/10399} -> PackageSetting{587b773 com.android.cts.ctsshim/10252} BLOCKED
06-30 18:29:53.338  1819  5784 I AppsFilter: interaction: PackageSetting{3d67e4d com.example.crashcourse/10399} -> PackageSetting{13b98b4 com.booking/10267} BLOCKED
06-30 18:29:53.338  1819  5784 I AppsFilter: interaction: PackageSetting{3d67e4d com.example.crashcourse/10399} -> PackageSetting{e1f0cdd com.feraset.tune/10294} BLOCKED
06-30 18:29:53.338  1819  5784 I AppsFilter: interaction: PackageSetting{3d67e4d com.example.crashcourse/10399} -> PackageSetting{9120052 com.google.android.wifi.resources/10312} BLOCKED
06-30 18:29:53.338  1819  5784 I AppsFilter: interaction: PackageSetting{3d67e4d com.example.crashcourse/10399} -> PackageSetting{a2f4f23 com.coloros.video/10120} BLOCKED
06-30 18:29:53.338  1819  5784 I AppsFilter: interaction: PackageSetting{3d67e4d com.example.crashcourse/10399} -> PackageSetting{8538c20 com.google.android.wifi.dialog/10314} BLOCKED
06-30 18:29:53.338  1819  5784 I AppsFilter: interaction: PackageSetting{3d67e4d com.example.crashcourse/10399} -> PackageSetting{10499d9 com.heytap.accessory/10095} BLOCKED
06-30 18:29:53.338  1819  5784 I AppsFilter: interaction: PackageSetting{3d67e4d com.example.crashcourse/10399} -> PackageSetting{cabcf9e com.coloros.filemanager/10149} BLOCKED
06-30 18:29:53.338  1819  5784 I AppsFilter: interaction: PackageSetting{3d67e4d com.example.crashcourse/10399} -> PackageSetting{e37fcaa com.android.microdroid.empty_payload/10300} BLOCKED
06-30 18:29:53.338  1819  5784 I AppsFilter: interaction: PackageSetting{3d67e4d com.example.crashcourse/10399} -> PackageSetting{9dba7f id.go.bps.baku/10271} BLOCKED
06-30 18:29:53.339  1819  5784 I AppsFilter: interaction: PackageSetting{3d67e4d com.example.crashcourse/10399} -> PackageSetting{f354a4c com.google.android.keep/10233} BLOCKED
06-30 18:29:53.339  1819  5784 I AppsFilter: interaction: PackageSetting{3d67e4d com.example.crashcourse/10399} -> PackageSetting{88752ce com.nearme.instant.platform/10130} BLOCKED
06-30 18:29:53.339  1819  5784 I AppsFilter: interaction: PackageSetting{3d67e4d com.example.crashcourse/10399} -> PackageSetting{91bfa95 com.coloros.soundrecorder/10159} BLOCKED
06-30 18:29:53.339  1819  5784 I AppsFilter: interaction: PackageSetting{3d67e4d com.example.crashcourse/10399} -> PackageSetting{b8147aa com.oplus.cast/10101} BLOCKED
06-30 18:29:53.339  1819  5784 I AppsFilter: interaction: PackageSetting{3d67e4d com.example.crashcourse/10399} -> PackageSetting{15d7f9b com.oplus.cota/10098} BLOCKED
06-30 18:29:53.339  1819  5784 I AppsFilter: interaction: PackageSetting{3d67e4d com.example.crashcourse/10399} -> PackageSetting{e92bf38 com.oplus.ndsf/10334} BLOCKED
06-30 18:29:53.339  1819  5784 I AppsFilter: interaction: PackageSetting{3d67e4d com.example.crashcourse/10399} -> PackageSetting{80eab11 com.oplus.onet/10108} BLOCKED
06-30 18:29:53.339  1819  5784 I AppsFilter: interaction: PackageSetting{3d67e4d com.example.crashcourse/10399} -> PackageSetting{6843476 com.android.email.partnerprovider/10128} BLOCKED
06-30 18:29:53.339  1819  5784 I AppsFilter: interaction: PackageSetting{3d67e4d com.example.crashcourse/10399} -> PackageSetting{78a7a77 com.king.candycrushsaga/10332} BLOCKED
06-30 18:29:53.339  1819  5784 I AppsFilter: interaction: PackageSetting{3d67e4d com.example.crashcourse/10399} -> PackageSetting{65096e4 com.shopee.id/10281} BLOCKED
06-30 18:29:53.339  1819  5784 I AppsFilter: interaction: PackageSetting{3d67e4d com.example.crashcourse/10399} -> PackageSetting{6a1e74d com.oppo.quicksearchbox/10102} BLOCKED
06-30 18:29:53.339  1819  5784 I AppsFilter: interaction: PackageSetting{3d67e4d com.example.crashcourse/10399} -> PackageSetting{9f72202 com.google.android.gms.location.history/10129} BLOCKED
06-30 18:29:53.339  1819  5784 I AppsFilter: interaction: PackageSetting{3d67e4d com.example.crashcourse/10399} -> PackageSetting{a224713 com.android.internal.systemui.navbar.gestural/10028} BLOCKED
06-30 18:29:53.339  1819  5784 I AppsFilter: interaction: PackageSetting{3d67e4d com.example.crashcourse/10399} -> PackageSetting{df23d50 com.google.android.apps.youtube.music/10260} BLOCKED
06-30 18:29:53.339  1819  5784 I AppsFilter: interaction: PackageSetting{3d67e4d com.example.crashcourse/10399} -> PackageSetting{ab2ab49 com.android.bluetoothmidiservice/10072} BLOCKED
06-30 18:29:53.339  1819  5784 I AppsFilter: interaction: PackageSetting{3d67e4d com.example.crashcourse/10399} -> PackageSetting{ab27ff5 com.facebook.appmanager/10221} BLOCKED
06-30 18:29:53.339  1819  5784 I AppsFilter: interaction: PackageSetting{3d67e4d com.example.crashcourse/10399} -> PackageSetting{1b95c4e id.co.bri.brimo/10328} BLOCKED
06-30 18:29:53.339  1819  5784 I AppsFilter: interaction: PackageSetting{3d67e4d com.example.crashcourse/10399} -> PackageSetting{860416f com.coloros.operationManual/10158} BLOCKED
06-30 18:29:53.339  1819  5784 I AppsFilter: interaction: PackageSetting{3d67e4d com.example.crashcourse/10399} -> PackageSetting{fc5de7c com.coloros.floatassistant/10150} BLOCKED
06-30 18:29:53.339  1819  5784 I AppsFilter: interaction: PackageSetting{3d67e4d com.example.crashcourse/10399} -> PackageSetting{f1b305 com.coloros.childrenspace/10146} BLOCKED
06-30 18:29:53.339  1819  5784 I AppsFilter: interaction: PackageSetting{3d67e4d com.example.crashcourse/10399} -> PackageSetting{652ef5a com.google.android.cellbroadcastreceiver/10245} BLOCKED
06-30 18:29:53.339  1819  5784 I AppsFilter: interaction: PackageSetting{3d67e4d com.example.crashcourse/10399} -> PackageSetting{fd9858b com.oplus.linker/10111} BLOCKED
06-30 18:29:53.339  1819  5784 I AppsFilter: interaction: PackageSetting{3d67e4d com.example.crashcourse/10399} -> PackageSetting{ad06668 com.heytap.mall/10280} BLOCKED
06-30 18:29:53.339  1819  5784 I AppsFilter: interaction: PackageSetting{3d67e4d com.example.crashcourse/10399} -> PackageSetting{65f7a81 com.oplus.melody/10136} BLOCKED
06-30 18:29:53.339  1819  5784 I AppsFilter: interaction: PackageSetting{3d67e4d com.example.crashcourse/10399} -> PackageSetting{ec0a726 com.oplus.member/10318} BLOCKED
06-30 18:29:53.339  1819  5784 I AppsFilter: interaction: PackageSetting{3d67e4d com.example.crashcourse/10399} -> PackageSetting{858ef67 android.auto_generated_rro_product__/10038} BLOCKED
06-30 18:29:53.339  1819  5784 I AppsFilter: interaction: PackageSetting{3d67e4d com.example.crashcourse/10399} -> PackageSetting{7798114 com.google.android.apps.adm/10255} BLOCKED
06-30 18:29:53.339  1819  5784 I AppsFilter: interaction: PackageSetting{3d67e4d com.example.crashcourse/10399} -> PackageSetting{d883dbd com.android.wallpaperpicker/10125} BLOCKED
06-30 18:29:53.339  1819  5784 I AppsFilter: interaction: PackageSetting{3d67e4d com.example.crashcourse/10399} -> PackageSetting{7efbb7f com.coloros.musiclink/10231} BLOCKED
06-30 18:29:53.339  1819  5784 I AppsFilter: interaction: PackageSetting{3d67e4d com.example.crashcourse/10399} -> PackageSetting{3000fb2 com.oplus.screenshot/10118} BLOCKED
06-30 18:29:53.339  1819  5784 I AppsFilter: interaction: PackageSetting{3d67e4d com.example.crashcourse/10399} -> PackageSetting{17b1b03 org.chromium.webapk.a6167574711f2ae2d_v2/10138} BLOCKED
06-30 18:29:53.339  1819  5784 I AppsFilter: interaction: PackageSetting{3d67e4d com.example.crashcourse/10399} -> PackageSetting{af79a80 com.android.internal.systemui.navbar.gestural_narrow_back/10031} BLOCKED
06-30 18:29:53.339  1819  5784 I AppsFilter: interaction: PackageSetting{3d67e4d com.example.crashcourse/10399} -> PackageSetting{b7ff8b9 com.google.android.photopicker/10333} BLOCKED
06-30 18:29:53.339  1819  5784 I AppsFilter: interaction: PackageSetting{3d67e4d com.example.crashcourse/10399} -> PackageSetting{b5b74fe com.canva.editor/10331} BLOCKED
06-30 18:29:53.339  1819  5784 I AppsFilter: interaction: PackageSetting{3d67e4d com.example.crashcourse/10399} -> PackageSetting{e0a645f cn.wps.moffice_eng/10282} BLOCKED
06-30 18:29:53.339  1819  5784 I AppsFilter: interaction: PackageSetting{3d67e4d com.example.crashcourse/10399} -> PackageSetting{57bdeac org.chromium.webapk.a914c413b3bddf2b0_v2/10171} BLOCKED
06-30 18:29:53.339  1819  5784 I AppsFilter: interaction: PackageSetting{3d67e4d com.example.crashcourse/10399} -> PackageSetting{89e6775 com.google.android.inputmethod.latin/10236} BLOCKED
06-30 18:29:53.340  1819  5784 I AppsFilter: interaction: PackageSetting{3d67e4d com.example.crashcourse/10399} -> PackageSetting{b28a8fd com.google.android.apps.restore/10094} BLOCKED
06-30 18:29:53.598  1819  1948 D CompatibilityChangeReporter: Compat change id reported: 135634846; UID 10104; state: DISABLED
06-30 18:29:53.598  1819  1948 D CompatibilityChangeReporter: Compat change id reported: 177438394; UID 10104; state: DISABLED
06-30 18:29:53.598  1819  1948 D CompatibilityChangeReporter: Compat change id reported: 135772972; UID 10104; state: DISABLED
06-30 18:29:53.598  1819  1948 D CompatibilityChangeReporter: Compat change id reported: 135754954; UID 10104; state: ENABLED
06-30 18:29:53.598  1819  1896 D CompatibilityChangeReporter: Compat change id reported: 143937733; UID 10104; state: ENABLED
06-30 18:29:53.617  1819  1896 I ActivityManager: Start proc 29539:com.google.process.gservices/u0a104 for content provider {com.google.android.gsf/com.google.android.gsf.gservices.GservicesProvider}
06-30 18:29:53.698  1819  1948 D CompatibilityChangeReporter: Compat change id reported: 168419799; UID 10104; state: DISABLED
06-30 18:29:53.699  1819  1948 D CompatibilityChangeReporter: Compat change id reported: 273564678; UID 10104; state: DISABLED
06-30 18:29:53.699  1819  1948 D ActivityTaskManagerServiceExtImpl: preBindApplication record is null
06-30 18:29:53.840 29539 29539 D ResourcesManagerExtImpl: applyConfigurationToAppResourcesLocked app.getDisplayId() return callback.displayId:-1
06-30 18:29:53.899  1819  1948 W ActivityManager: Unable to start service Intent { act=com.google.android.gms.gservices.START pkg=com.google.android.gms mCallingUid=10104 } U=0: not found
06-30 18:29:53.900  1819  1948 W ActivityManager: Unbind failed: could not find connection for android.os.BinderProxy@8a0d414
06-30 18:29:53.959  1819  1948 I ActivityManager: Flag disabled. Ignoring finishAttachApplication from uid: 10104. pid: 29539
06-30 18:29:54.014  1819  1917 I OplusSmartBrightnessController: deltaLux = 2.0976906, scale = 1.0
06-30 18:29:54.015  1819  1919 D OplusSmartBrightnessController: handleMessage MSG_LUX_CHANGED, mLux:12.0 luxQueue=[12.0, 12.0, 12.0, 12.0, 12.0, 12.0, 12.0, 12.0, 12.0, 12.0, 12.0]
06-30 18:29:54.372  1819  1948 D CompatibilityChangeReporter: Compat change id reported: 74210811; UID 1000; state: DISABLED
06-30 18:29:54.375  1819  5784 W OplusDexOptimizeManager: isFirstNotifyDexLoad: isExistInDelate=false isExistInDexContainer=false
06-30 18:29:54.375  1819  5784 W OplusDexOptimizeManager: isFirstNotifyDexLoad: result=false
06-30 18:29:54.376 29520 29520 I Quality : ActivityThread: createClassLoader delay 1048 /data/app/~~6aLbHb9GwLVInmKPmTUnrA==/com.example.crashcourse-OUFQVW1w_yF8kOBumuiyNw==/base.apk 29520
06-30 18:29:54.379 29520 29520 I Quality : ActivityThread: createOrUpdateClassLoaderLocked delay 1073 com.example.crashcourse 29520
06-30 18:29:54.422 29520 29520 D ResourcesManagerExtImpl: applyConfigurationToAppResourcesLocked app.getDisplayId() return callback.displayId:-1
06-30 18:29:54.423  1819  5784 D LockSettingsService: [getStrongAuthForUser]  userId = 0
06-30 18:29:54.517  1819  5770 I ActivityManager: Flag disabled. Ignoring finishAttachApplication from uid: 10399. pid: 29520
06-30 18:29:54.518 29520 29520 I Quality : ActivityThread: bindApplication delay 1353 com.example.crashcourse 29520
06-30 18:29:54.522 29520 29536 I Quality : Blocked msg = Package name: com.example.crashcourse [ schedGroup: 5 schedPolicy: 0 ] process the message: { when=-1s432ms what=110 target=android.app.ActivityThread$H obj=AppBindData{appInfo=ApplicationInfo{71e12c4 com.example.crashcourse}} } took 1353 ms
06-30 18:29:54.540 29520 29520 D ResourcesManagerExtImpl: applyConfigurationToAppResourcesLocked app.getDisplayId() return callback.displayId:-1
06-30 18:29:54.643  1819  5784 D ActivityTaskManager: onWindowFocusChanged Task{9746a73 #5 type=home I=com.android.launcher/.Launcher} would transfer to compact
06-30 18:29:54.643  1819  5784 D ActivityTaskManager: NFW_setLastResumedActivityUncheckLocked:true r:ActivityRecord{cfd8439 u0 com.android.launcher/.Launcher t5} currentFocus:null
06-30 18:29:54.643  1819  5784 D FlexibleTaskController: onTaskFocusChanged prevTask:Task{7064b69 #4142 type=standard A=10399:com.example.crashcourse} ,currentTask:Task{9746a73 #5 type=home I=com.android.launcher/.Launcher}
06-30 18:29:54.644  1819  5784 D OplusTransitionController: requestStartTransition, requestInfo type: CLOSE, remoteTransition: null, displayChange: null, transition: TransitionRecord{108b86 id=215 type=CLOSE flags=0x0}, caller: com.android.server.wm.TransitionControllerExtImpl.requestStartTransition:41 com.android.server.wm.TransitionController.requestStartTransition:738 com.android.server.wm.TransitionController.requestCloseTransitionIfNeeded:781 com.android.server.wm.ActivityRecord.finishIfPossible:4069 com.android.server.wm.ActivityClientController.finishActivity:602 
06-30 18:29:54.645  1819  5784 D ActivityRecordExtImpl: skipPrepareAppTransitionForZoom false
06-30 18:29:54.645 25821 26015 V WindowManagerShell: Transition requested: android.os.BinderProxy@33c1fd1 TransitionRequestInfo { type = CLOSE, triggerTask = TaskInfo{userId=0 taskId=4142 displayId=0 isRunning=false baseIntent=Intent { act=android.intent.action.MAIN cat=[android.intent.category.LAUNCHER] flg=0x10200000 cmp=com.example.crashcourse/.MainActivity mCallingUid=10179 } baseActivity=null topActivity=null origActivity=null realActivity=ComponentInfo{com.example.crashcourse/com.example.crashcourse.MainActivity} numActivities=0 lastActiveTime=16083897 supportsSplitScreenMultiWindow=true supportsMultiWindow=true supportsPocketStudioMultiWindow=true isInFlexibleEmbedded = false uid = -1 pid = -1 resizeMode=1 isResizeable=true minWidth=-1 minHeight=-1 defaultMinSize=220 token=WCT{android.window.IWindowContainerToken$Stub$Proxy@ef16a36} topActivityType=1 pictureInPictureParams=null shouldDockBigOverlays=false launchIntoPipHostTaskId=-1 lastParentTaskIdBeforePip=-1 displayCutoutSafeInsets=Rect(0, 64 - 0, 0) topActivityInfo=null launchCookies=[] positionInParent=Point(0, 0) parentTaskId=-1 isFocused=false isVisible=true isVisibleRequested=true isSleeping=false topActivityInSizeCompat=false topActivityInOplusCompatMode=false topActivityEligibleForLetterboxEducation= false topActivityLetterboxed= false isFromDoubleTap= false topActivityLetterboxVerticalPosition= -1 topActivityLetterboxHorizontalPosition= -1 topActivityLetterboxWidth=-1 topActivityLetterboxHeight=-1 locusId=null displayAreaFeatureId=1 cameraCompatControlState=hidden locusId= null topActivityLetterboxInsets=Rect(0, 0 - 0, 0)}, remoteTransition = null, displayChange = null }
06-30 18:29:54.646  1819  5784 D ActivityTaskManager: setVisibility(Token{4de49ee ActivityRecord{6b7a233 u0 com.example.crashcourse/.MainActivity t4142 f}}}, visible=false) defer commitVisibility for transition collecting
06-30 18:29:54.651  1819  5784 I TaskOrganizerController: onTaskInfoChanged taskid 4142 config { mBounds=Rect(0, 0 - 720, 1612) mAppBounds=Rect(0, 64 - 720, 1524) mMaxBounds=Rect(0, 0 - 720, 1612) mDisplayRotation=ROTATION_0 mWindowingMode=fullscreen mDisplayWindowingMode=fullscreen mActivityType=standard mAlwaysOnTop=undefined mRotation=ROTATION_0}
06-30 18:29:54.651  1819  5784 D FlexibleWindowManager: onFlexibleWindowTaskInfoChanged: mTaskId = 4142 oldIsTaskEmbedded = false   curIsTaskEmbedded = false  topActivity = null
06-30 18:29:54.651  1819  5784 D OplusFlexibleWindowMinimizedManagerHelper: onTaskInfoChanged taskInfo:TaskInfo{userId=0 taskId=4142 displayId=0 isRunning=false baseIntent=Intent { act=android.intent.action.MAIN cat=[android.intent.category.LAUNCHER] flg=0x10200000 cmp=com.example.crashcourse/.MainActivity mCallingUid=10179 } baseActivity=null topActivity=null origActivity=null realActivity=ComponentInfo{com.example.crashcourse/com.example.crashcourse.MainActivity} numActivities=0 lastActiveTime=16085477 supportsSplitScreenMultiWindow=true supportsMultiWindow=true supportsPocketStudioMultiWindow=true isInFlexibleEmbedded = false uid = -1 pid = -1 resizeMode=1 isResizeable=true minWidth=-1 minHeight=-1 defaultMinSize=220 token=WCT{RemoteToken{7f8b52 Task{7064b69 #4142 type=standard A=10399:com.example.crashcourse}}} topActivityType=1 pictureInPictureParams=null shouldDockBigOverlays=false launchIntoPipHostTaskId=-1 lastParentTaskIdBeforePip=-1 displayCutoutSafeInsets=Rect(0, 64 - 0, 0) topActivityInfo=null launchCookies=[] positionInParent=Point(0, 0) parentTaskId=-1 isFocused=false isVisible=true isVisibleRequested=false isSleeping=false topActivityInSizeCompat=false topActivityInOplusCompatMode=false topActivityEligibleForLetterboxEducation= false topActivityLetterboxed= false isFromDoubleTap= false topActivityLetterboxVerticalPosition= -1 topActivityLetterboxHorizontalPosition= -1 topActivityLetterboxWidth=-1 topActivityLetterboxHeight=-1 locusId=null displayAreaFeatureId=1 cameraCompatControlState=hidden locusId= null topActivityLetterboxInsets=Rect(0, 0 - 0, 0)} task:Task{7064b69 #4142 type=standard A=10399:com.example.crashcourse}
06-30 18:29:54.651  1819  5784 I TaskOrganizerController: onTaskInfoChanged taskid 1 config { mBounds=Rect(0, 0 - 720, 1612) mAppBounds=Rect(0, 64 - 720, 1524) mMaxBounds=Rect(0, 0 - 720, 1612) mDisplayRotation=ROTATION_0 mWindowingMode=fullscreen mDisplayWindowingMode=fullscreen mActivityType=home mAlwaysOnTop=undefined mRotation=ROTATION_0}
06-30 18:29:54.651  1819  5784 D FlexibleWindowManager: onFlexibleWindowTaskInfoChanged: mTaskId = 1 oldIsTaskEmbedded = false   curIsTaskEmbedded = false  topActivity = ComponentInfo{com.android.launcher/com.android.launcher.Launcher}
06-30 18:29:54.652  1819  5784 D OplusFlexibleWindowMinimizedManagerHelper: onTaskInfoChanged taskInfo:TaskInfo{userId=0 taskId=1 displayId=0 isRunning=true baseIntent=Intent { act=android.intent.action.MAIN cat=[android.intent.category.HOME] flg=0x10000100 cmp=com.android.launcher/.Launcher mCallingUid=1000 } baseActivity=ComponentInfo{com.android.launcher/com.android.launcher.Launcher} topActivity=ComponentInfo{com.android.launcher/com.android.launcher.Launcher} origActivity=null realActivity=null numActivities=1 lastActiveTime=36257 supportsSplitScreenMultiWindow=false supportsMultiWindow=true supportsPocketStudioMultiWindow=true isInFlexibleEmbedded = false uid = 10179 pid = 2598 resizeMode=2 isResizeable=true minWidth=-1 minHeight=-1 defaultMinSize=220 token=WCT{RemoteToken{a13acf Task{bf14035 #1 type=home}}} topActivityType=2 pictureInPictureParams=null shouldDockBigOverlays=false launchIntoPipHostTaskId=-1 lastParentTaskIdBeforePip=-1 displayCutoutSafeInsets=Rect(0, 64 - 0, 0) topActivityInfo=ActivityInfo{d351601 com.android.launcher.Launcher} launchCookies=[] positionInParent=Point(0, 0) parentTaskId=-1 isFocused=true isVisible=false isVisibleRequested=false isSleeping=false topActivityInSizeCompat=false topActivityInOplusCompatMode=false topActivityEligibleForLetterboxEducation= false topActivityLetterboxed= false isFromDoubleTap= false topActivityLetterboxVerticalPosition= -1 topActivityLetterboxHorizontalPosition= -1 topActivityLetterboxWidth=-1 topActivityLetterboxHeight=-1 locusId=LocusId[17_chars] displayAreaFeatureId=1 cameraCompatControlState=hidden locusId= LocusId[17_chars] topActivityLetterboxInsets=Rect(0, 0 - 0, 0)} task:Task{bf14035 #1 type=home}
06-30 18:29:54.654 25821 26015 D ShellTaskOrganizer: dispatchTaskEventToClientIfNeed, eventType:2, taskInfo:TaskInfo{userId=0 taskId=4142 displayId=0 isRunning=false baseIntent=Intent { act=android.intent.action.MAIN cat=[android.intent.category.LAUNCHER] flg=0x10200000 cmp=com.example.crashcourse/.MainActivity mCallingUid=10179 } baseActivity=null topActivity=null origActivity=null realActivity=ComponentInfo{com.example.crashcourse/com.example.crashcourse.MainActivity} numActivities=0 lastActiveTime=16085477 supportsSplitScreenMultiWindow=true supportsMultiWindow=true supportsPocketStudioMultiWindow=true isInFlexibleEmbedded = false uid = -1 pid = -1 resizeMode=1 isResizeable=true minWidth=-1 minHeight=-1 defaultMinSize=220 token=WCT{android.window.IWindowContainerToken$Stub$Proxy@6eadd37} topActivityType=1 pictureInPictureParams=null shouldDockBigOverlays=false launchIntoPipHostTaskId=-1 lastParentTaskIdBeforePip=-1 displayCutoutSafeInsets=Rect(0, 64 - 0, 0) topActivityInfo=null launchCookies=[] positionInParent=Point(0, 0) parentTaskId=-1 isFocused=false isVisible=true isVisibleRequested=false isSleeping=false topActivityInSizeCompat=false topActivityInOplusCompatMode=false topActivityEligibleForLetterboxEducation= false topActivityLetterboxed= false isFromDoubleTap= false topActivityLetterboxVerticalPosition= -1 topActivityLetterboxHorizontalPosition= -1 topActivityLetterboxWidth=-1 topActivityLetterboxHeight=-1 locusId=null displayAreaFeatureId=1 cameraCompatControlState=hidden locusId= null topActivityLetterboxInsets=Rect(0, 0 - 0, 0)}, leash:null
06-30 18:29:54.655 25821 26015 D ShellTaskOrganizer: dispatchTaskEventToClientIfNeed, eventType:2, taskInfo:TaskInfo{userId=0 taskId=1 displayId=0 isRunning=true baseIntent=Intent { act=android.intent.action.MAIN cat=[android.intent.category.HOME] flg=0x10000100 cmp=com.android.launcher/.Launcher mCallingUid=1000 } baseActivity=ComponentInfo{com.android.launcher/com.android.launcher.Launcher} topActivity=ComponentInfo{com.android.launcher/com.android.launcher.Launcher} origActivity=null realActivity=null numActivities=1 lastActiveTime=36257 supportsSplitScreenMultiWindow=false supportsMultiWindow=true supportsPocketStudioMultiWindow=true isInFlexibleEmbedded = false uid = 10179 pid = 2598 resizeMode=2 isResizeable=true minWidth=-1 minHeight=-1 defaultMinSize=220 token=WCT{android.window.IWindowContainerToken$Stub$Proxy@f122a4} topActivityType=2 pictureInPictureParams=null shouldDockBigOverlays=false launchIntoPipHostTaskId=-1 lastParentTaskIdBeforePip=-1 displayCutoutSafeInsets=Rect(0, 64 - 0, 0) topActivityInfo=ActivityInfo{e11e80d com.android.launcher.Launcher} launchCookies=[] positionInParent=Point(0, 0) parentTaskId=-1 isFocused=true isVisible=false isVisibleRequested=false isSleeping=false topActivityInSizeCompat=false topActivityInOplusCompatMode=false topActivityEligibleForLetterboxEducation= false topActivityLetterboxed= false isFromDoubleTap= false topActivityLetterboxVerticalPosition= -1 topActivityLetterboxHorizontalPosition= -1 topActivityLetterboxWidth=-1 topActivityLetterboxHeight=-1 locusId=LocusId[17_chars] displayAreaFeatureId=1 cameraCompatControlState=hidden locusId= LocusId[17_chars] topActivityLetterboxInsets=Rect(0, 0 - 0, 0)}, leash:null
06-30 18:29:54.714  1819  2227 I WallpaperManagerServiceExt: getFoldWallpaperInfo user=0 which=32 phyDisplay=1
06-30 18:29:54.714  1819  2227 I WallpaperManagerServiceExt: getFoldWallpaperInfo user=0 which=16 phyDisplay=1
06-30 18:29:54.716  1819  2227 D ActivityTaskManager: Skipping, invisible task: Task{9746a73 #5 type=home I=com.android.launcher/.Launcher}
06-30 18:29:54.716  1819  2227 D OplusAppListInterceptManager: shouldFilterTask
06-30 18:29:54.716  1819  2227 D OplusAppListInterceptManager: shouldFilterTask::packageName = com.example.crashcourse
06-30 18:29:54.716  1819  2227 D ActivityTaskManager: Skipping, invisible task: Task{5bc737e #4141 type=standard A=10368:com.whatsapp.w4b:voip}
06-30 18:29:54.716  1819  2227 D OplusAppListInterceptManager: shouldFilterTask
06-30 18:29:54.716  1819  2227 D OplusAppListInterceptManager: shouldFilterTask::packageName = com.whatsapp.w4b
06-30 18:29:54.716  1819  2227 D OplusAppListInterceptManager: shouldFilterTask
06-30 18:29:54.716  1819  2227 D OplusAppListInterceptManager: shouldFilterTask::packageName = com.android.chrome
06-30 18:29:54.716  1819  2227 D OplusAppListInterceptManager: shouldFilterTask
06-30 18:29:54.716  1819  2227 D OplusAppListInterceptManager: shouldFilterTask::packageName = com.google.android.googlequicksearchbox
06-30 18:29:54.717  1819  2227 D OplusAppListInterceptManager: shouldFilterTask
06-30 18:29:54.717  1819  2227 D OplusAppListInterceptManager: shouldFilterTask::packageName = com.google.android.googlequicksearchbox
06-30 18:29:54.717  1819  2227 D OplusAppListInterceptManager: shouldFilterTask
06-30 18:29:54.717  1819  2227 D OplusAppListInterceptManager: shouldFilterTask::packageName = com.google.android.youtube
06-30 18:29:54.717  1819  2227 D OplusAppListInterceptManager: shouldFilterTask
06-30 18:29:54.717  1819  2227 D OplusAppListInterceptManager: shouldFilterTask::packageName = org.chromium.webapk.a6167574711f2ae2d_v2
06-30 18:29:54.717  1819  2227 D OplusAppListInterceptManager: shouldFilterTask
06-30 18:29:54.717  1819  2227 D OplusAppListInterceptManager: shouldFilterTask::packageName = com.bca.mybca.omni.android
06-30 18:29:54.717  1819  3586 I ActivityManager: Process com.oplus.romupdate (pid 29325) has died: svcb SVC 
06-30 18:29:54.717  1819  2227 D OplusAppListInterceptManager: shouldFilterTask
06-30 18:29:54.717  1819  2227 D OplusAppListInterceptManager: shouldFilterTask::packageName = com.google.android.apps.docs
06-30 18:29:54.717  1819  2227 D OplusAppListInterceptManager: shouldFilterTask
06-30 18:29:54.717  1819  2227 D OplusAppListInterceptManager: shouldFilterTask::packageName = com.google.android.gm
06-30 18:29:54.717  1819  2227 D OplusAppListInterceptManager: shouldFilterTask
06-30 18:29:54.717  1819  2227 D OplusAppListInterceptManager: shouldFilterTask::packageName = com.android.settings
06-30 18:29:54.718  1819  2227 D CompatibilityChangeReporter: Compat change id reported: 197654537; UID 1000; state: ENABLED
06-30 18:29:54.718  1819  2227 D OplusSplitScreenManagerService: com.android.settings unSupportsSplitScreen by blockList or ForbidActivityList
06-30 18:29:54.718  1819  2227 D OplusSplitScreenManagerService: com.android.settings unSupportsSplitScreen by blockList or ForbidActivityList
06-30 18:29:54.718  1819  2227 D OplusAppListInterceptManager: shouldFilterTask
06-30 18:29:54.718  1819  2227 D OplusAppListInterceptManager: shouldFilterTask::packageName = com.facebook.orca
06-30 18:29:54.718  1819  2227 D OplusAppListInterceptManager: shouldFilterTask
06-30 18:29:54.718  1819  2227 D OplusAppListInterceptManager: shouldFilterTask::packageName = com.facebook.katana
06-30 18:29:54.718  1819  2227 D OplusAppListInterceptManager: shouldFilterTask
06-30 18:29:54.718  1819  2227 D OplusAppListInterceptManager: shouldFilterTask::packageName = com.oppo.quicksearchbox
06-30 18:29:54.718  1819  2227 D OplusAppListInterceptManager: shouldFilterTask
06-30 18:29:54.718  1819  2227 D OplusAppListInterceptManager: shouldFilterTask::packageName = com.heytap.market
06-30 18:29:54.718  1819  2227 D OplusAppListInterceptManager: shouldFilterTask
06-30 18:29:54.718  1819  2227 D OplusAppListInterceptManager: shouldFilterTask::packageName = com.camerasideas.instashot
06-30 18:29:54.718  1819  2227 D OplusAppListInterceptManager: shouldFilterTask
06-30 18:29:54.718  1819  2227 D OplusAppListInterceptManager: shouldFilterTask::packageName = com.chess
06-30 18:29:54.718  1819  2227 D OplusAppListInterceptManager: shouldFilterTask
06-30 18:29:54.718  1819  2227 D OplusAppListInterceptManager: shouldFilterTask::packageName = com.UCMobile.intl
06-30 18:29:54.718  1819  2227 D OplusAppListInterceptManager: shouldFilterTask
06-30 18:29:54.718  1819  2227 D OplusAppListInterceptManager: shouldFilterTask::packageName = com.google.android.googlequicksearchbox
06-30 18:29:54.718  1819  2227 D OplusAppListInterceptManager: shouldFilterTask
06-30 18:29:54.718  1819  2227 D OplusAppListInterceptManager: shouldFilterTask::packageName = id.co.bri.brimo
06-30 18:29:54.718  1819  2227 D OplusAppListInterceptManager: shouldFilterTask
06-30 18:29:54.718  1819  2227 D OplusAppListInterceptManager: shouldFilterTask::packageName = com.coloros.calculator
06-30 18:29:54.719  1819  2227 D OplusAppListInterceptManager: shouldFilterTask
06-30 18:29:54.719  1819  2227 D OplusAppListInterceptManager: shouldFilterTask::packageName = com.shopee.id
06-30 18:29:54.719  1819  2227 D ActivityTaskManager: after skip size 22
06-30 18:29:54.726  1819  1868 D DisplayManagerService: Drop pending events for gone uid 10160
06-30 18:29:54.750  1819  1902 E OplusThermalStats: Error getting package info: com.android.launcher
06-30 18:29:54.753  1819  3586 W ActivityManager: Process 29253 does not match uid 1000 ignore setting hits oom adj
06-30 18:29:54.756  1819  3586 W ActivityManager: Process 29215 does not match uid 1000 ignore setting hits oom adj
06-30 18:29:54.758  1819  2430 I ActivityManager: Process com.oplus.safecenter (pid 29215) has died: cch+35 CEM 
06-30 18:29:54.764  1819  2227 I WallpaperManagerServiceExt: getFoldWallpaperInfo user=0 which=32 phyDisplay=1
06-30 18:29:54.765  1819  2227 I WallpaperManagerServiceExt: getFoldWallpaperInfo user=0 which=16 phyDisplay=1
06-30 18:29:54.784  1819  2227 E OplusAthenaAm: AthenaAmManagerInternal transact code hello:6,flags:0
06-30 18:29:54.784  1819  2227 E OplusAthenaAm: AthenaAmManagerInternal transact code hello:7,flags:0
06-30 18:29:54.790  1819  2227 E OplusAthenaAm: AthenaAmManagerInternal transact code hello:4,flags:0
06-30 18:29:54.790  1819  2227 E OplusAthenaAm: AthenaAmManagerInternal transact code hello:4,flags:0
06-30 18:29:54.790  1819  2227 E OplusAthenaAm: AthenaAmManagerInternal transact code hello:4,flags:0
06-30 18:29:54.798 29520 29520 D ActivityThread: ComponentInfo{com.example.crashcourse/com.example.crashcourse.MainActivity} checkFinished=true 1
06-30 18:29:54.801  1819  2431 I ActivityManager: Process com.oplus.notificationmanager (pid 29253) has died: cch+15 CEM 
06-30 18:29:54.807 29520 29520 I Quality : Skipped: true 18 cost 305.43872 refreshRate 16335971 bit true processName com.example.crashcourse
06-30 18:29:54.811  1819  2686 D VRR [OPlusExternalRefreshRateManager]: isPkgTfcEnable: pkgName = com.example.crashcourse, enable = false
06-30 18:29:54.811  1819  2686 D VRR [OPlusExternalRefreshRateManager]: getTfcMinFramerate: pkgName = com.example.crashcourse, min framerate = 0
06-30 18:29:54.813  1819  2431 W ActivityManager: Process 29456 does not match uid 10161 ignore setting hits oom adj
06-30 18:29:54.815  1819  3613 I ActivityManager: Process com.coloros.weather.service (pid 29456) has died: cch+15 CEM 
06-30 18:29:54.816 29520 29520 D ActivityThread: ComponentInfo{com.example.crashcourse/com.example.crashcourse.MainActivity} checkFinished=true 1
06-30 18:29:54.820  1819  2686 I WindowManager: Window{6eea764 u0 com.android.launcher/com.android.launcher.Launcher} state from HAS_DRAWN to DRAW_PENDING; reason: resetDrawState
06-30 18:29:54.820  1819  2686 D ActivityTaskManager: setVisibility(Token{6f28d30 ActivityRecord{cfd8439 u0 com.android.launcher/.Launcher t5}}, visible=true) defer commitVisibility for transition collecting
06-30 18:29:54.828  1819  2686 D ActivityTaskManager: NFW_setLastResumedActivityUncheckLocked:false r:ActivityRecord{cfd8439 u0 com.android.launcher/.Launcher t5} currentFocus:null
06-30 18:29:54.828  1819  2686 I OplusJoystickManager: handleApplicationSwitch deprecated!
06-30 18:29:54.831  1819  2686 D WindowManager: updateOrientation: mLastOrientation = SCREEN_ORIENTATION_UNSPECIFIED(-1) newOrientation = SCREEN_ORIENTATION_NOSENSOR(5) forceUpdate = true LastOrientationSource = ActivityRecord{cfd8439 u0 com.android.launcher/.Launcher t5}
06-30 18:29:54.831  1819  2686 D WindowManager: rotation(ROTATION_0) no changed.
06-30 18:29:54.831  1819  2683 D OplusAppSwitchListener: Detect com.example.crashcourse switch to background
06-30 18:29:54.831  1819  2683 D OplusFeatureReduceBrightness: onAppExit , info = com.example.crashcourse
06-30 18:29:54.831  1819  2683 D OplusEapManager: mTargetExitName :com.example.crashcourse
06-30 18:29:54.832  1819  2686 I TaskFragmentExtImpl: hookSetBinderUxFlag:true prev:ActivityRecord{cfd8439 u0 com.android.launcher/.Launcher t5}
06-30 18:29:54.832  1819  2686 D TaskFragmentExtImpl: addColorModeOnResume resume=true pkg = com.android.launcher
06-30 18:29:54.832  1819  2686 I TaskFragmentExtImpl: hookSetBinderUxFlag:false prev:ActivityRecord{cfd8439 u0 com.android.launcher/.Launcher t5}
06-30 18:29:54.832  1819  2686 D ActivityTaskManager: setVisibility(Token{6f28d30 ActivityRecord{cfd8439 u0 com.android.launcher/.Launcher t5}}, visible=true) defer commitVisibility for transition collecting
06-30 18:29:54.836  1819  2686 D RefreshRate: refresh rate changing from  60.0 to 90.0,maxRefreshRate=90.0 for   ;boosthome:1 sfModId=1,rate=90.0; isAnimating , rateId:1 ;win name:Splash Screen com.example.crashcourse,votes{PRIORITY_ANIMATION_BOOST -> Vote{mRefreshRate=90.0, mMinRefreshRate=90.0};PRIORITY_WINDOW_REQUEST -> Vote{mRefreshRate=90.0, mMinRefreshRate=90.0};},time:2025-06-30 11:29:54
06-30 18:29:54.839  1819  2686 D WindowManagerServiceExtImpl: extractConfigInfoAndRealFlags rotation=0, screenDp=360, win=Window{6eea764 u0 com.android.launcher/com.android.launcher.Launcher}
06-30 18:29:54.839  1819  2686 V WindowManager: Relayout Window{6eea764 u0 com.android.launcher/com.android.launcher.Launcher}: viewVisibility=0, oldvis=8, req=720x1612, vsysui=LAYOUT_STABLE LAYOUT_HIDE_NAVIGATION LAYOUT_FULLSCREEN LIGHT_STATUS_BAR LIGHT_NAVIGATION_BAR
06-30 18:29:54.842  1819  1868 D DisplayManagerService: Drop pending events for gone uid 10161
06-30 18:29:54.844  1819  2686 V WindowManager: Changing focus from null to Window{6eea764 u0 com.android.launcher/com.android.launcher.Launcher},diplayid=0
06-30 18:29:54.848  2598  2598 D VRI[Launcher]: relayoutWindow result, sizeChanged:false, surfaceControlChanged:false, transformHintChanged:false, mSurfaceSize:Point(720, 1612), mLastSurfaceSize:Point(720, 1612), mWidth:720, mHeight:1612, requestedWidth:720, requestedHeight:1612, transformHint:0, lastTransformHint:0, installOrientation:0, displayRotation:0, isSurfaceValid:true, attr.flag:-2121203456, useBlast:true, tmpFrames:ClientWindowFrames{frame=[0,0][720,1612] display=[0,0][720,1612] parentFrame=[0,0][0,0]}
06-30 18:29:54.848  2598  2598 W VRI[Launcher]: updateBlastSurfaceIfNeeded, surfaceSize:Point(720, 1612), lastSurfaceSize:Point(720, 1612), format:-2, blastBufferQueue:null
06-30 18:29:54.864 10840 10840 W VRI[VoipActivityV2]: handleResized abandoned!
06-30 18:29:54.867  2598  2598 D ActivityThread: ComponentInfo{com.android.launcher/com.android.launcher.Launcher} checkFinished=false 4
06-30 18:29:54.867  2598  2598 D ResourcesManagerExtImpl: applyConfigurationToAppResourcesLocked app.getDisplayId() return callback.displayId:0
06-30 18:29:54.869  2598  2598 W VRI[Launcher]: handleResized, msg:5, frameChanged:false, configChanged:false, displayChanged:false, attachedFrameChanged:false, compatScaleChanged:false, pendingDragResizing=false
06-30 18:29:54.870 25821 25821 W VRI[StatusBar]: handleResized abandoned!
06-30 18:29:54.870 25821 25821 W VRI[NavigationBar_displayId_0]: handleResized abandoned!
06-30 18:29:54.871  2598  2598 W VRI[Launcher]: handleResized, msg:5, frameChanged:false, configChanged:false, displayChanged:false, attachedFrameChanged:false, compatScaleChanged:false, pendingDragResizing=false
06-30 18:29:54.882 25821 26370 W VRI[OplusPrivacyIconTopRight]: handleResized abandoned!
06-30 18:29:54.884  1819  5784 D OplusTransitionController: onSyncFinishedDrawing, Window{6eea764 u0 com.android.launcher/com.android.launcher.Launcher}
06-30 18:29:54.885  1819  2683 D OplusAppSwitchListener: Detect com.android.launcher switch to foreground
06-30 18:29:54.885  1819  2683 D OplusEapManager: mTargetEnterName :com.android.launcher
06-30 18:29:54.886  1819  2683 D VRR [OPlusFrontAppManager]: OnAppSwitchObserver: onAppEnter , info.targetName = com.android.launcher
06-30 18:29:54.891  1819  5784 I WindowManager: finishDrawing skipLayout:false Window{6eea764 u0 com.android.launcher/com.android.launcher.Launcher} com.android.server.wm.WindowManagerService.finishDrawingWindow:2972 com.android.server.wm.Session.finishDrawing:311 android.view.IWindowSession$Stub.onTransact:779 
06-30 18:29:54.891  1819  5784 I WindowManager: Window{6eea764 u0 com.android.launcher/com.android.launcher.Launcher} state from DRAW_PENDING to COMMIT_DRAW_PENDING; reason: finishDrawingLocked
06-30 18:29:54.891  1819  5784 D OplusTransitionAnimationManager: skipFinishDrawingIfNeed clientRotation=0, currentRotation=0, hasFixedRotationApp=false, requestedOrientation=5, win=Window{6eea764 u0 com.android.launcher/com.android.launcher.Launcher}, activity=ActivityRecord{cfd8439 u0 com.android.launcher/.Launcher t5}, currentConfig={1.0 ??mcc??mnc [in_ID] ldltr sw360dp w360dp h730dp 320dpi nrml long port finger -keyb/h/h -nav/h winConfig={ mBounds=Rect(0, 0 - 720, 1612) mAppBounds=Rect(0, 64 - 720, 1524) mMaxBounds=Rect(0, 0 - 720, 1612) mDisplayRotation=ROTATION_0 mWindowingMode=fullscreen mDisplayWindowingMode=fullscreen mActivityType=home mAlwaysOnTop=undefined mRotation=ROTATION_0} s.31 fontWeightAdjustment=0mThemeChanged= 0, mThemeChangedFlags= 0, mFlipFont= 0, mScenario= -1, mAccessibleChanged= -1, mUxIconConfig= 3465543965406134305, mMaterialColor= 0, mUserId= 0, mFontUserId= 0, mFontVariationSettings= 226, mFoldingAngle = -1.0, mIconPackName= , mDarkModeBackgroundMaxL= 0.0, mDarkModeDialogBgMaxL= 27.0, mDarkModeForegroundMinL= 100.0, mOplusConfigType= 1, mOplusChangedConfigs= 0, OpSans= -1, mBurmeseFontFlag= 2, mFlag= 0, mFlexibleActivitySuitable= -1, mPuttDisplayFlag= -1}
06-30 18:29:54.899  1819  1872 I WindowManager: Window{6eea764 u0 com.android.launcher/com.android.launcher.Launcher} state from COMMIT_DRAW_PENDING to READY_TO_SHOW; reason: commitFinishDrawingLocked
06-30 18:29:54.899  1819  1872 D ActivityTaskManager: Clearing startingData for token=null
06-30 18:29:54.903  1819  1872 D ActivityTaskManager: Clearing startingData for token=null
06-30 18:29:54.903  1819  1872 I WindowManager: Window{6eea764 u0 com.android.launcher/com.android.launcher.Launcher} state from READY_TO_SHOW to HAS_DRAWN; reason: performShowLocked
06-30 18:29:54.904  1819  1872 D OplusFlexibleActivityTransitionManager: fixTransitType type result:2, targets: [Task{bf14035 #1 type=home}, Task{7064b69 #4142 type=standard A=10399:com.example.crashcourse}, WallpaperWindowToken{43fbd52 token=android.os.Binder@862bac6}]
