06-30 18:31:14.042  1819  1872 I FlexibleTaskController: 	at com.android.server.wm.WindowAnimator$$ExternalSyntheticLambda1.doFrame(R8$$SyntheticClass:0)
06-30 18:31:14.042  1819  1872 I FlexibleTaskController: 	at android.view.Choreographer$CallbackRecord.run(Choreographer.java:1542)
06-30 18:31:14.042  1819  1872 I FlexibleTaskController: 	at android.view.Choreographer$CallbackRecord.run(Choreographer.java:1553)
06-30 18:31:14.042  1819  1872 I FlexibleTaskController: 	at android.view.Choreographer.doCallbacks(Choreographer.java:1109)
06-30 18:31:14.042  1819  1872 I FlexibleTaskController: 	at android.view.Choreographer.doFrame(Choreographer.java:984)
06-30 18:31:14.042  1819  1872 I FlexibleTaskController: 	at android.view.Choreographer$FrameDisplayEventReceiver.run(Choreographer.java:1527)
06-30 18:31:14.042  1819  1872 I FlexibleTaskController: 	at android.os.Handler.handleCallback(Handler.java:958)
06-30 18:31:14.042  1819  1872 I FlexibleTaskController: 	at android.os.Handler.dispatchMessage(Handler.java:99)
06-30 18:31:14.042  1819  1872 I FlexibleTaskController: 	at android.os.Looper.loopOnce(Looper.java:257)
06-30 18:31:14.042  1819  1872 I FlexibleTaskController: 	at android.os.Looper.loop(Looper.java:368)
06-30 18:31:14.042  1819  1872 I FlexibleTaskController: 	at android.os.HandlerThread.run(HandlerThread.java:67)
06-30 18:31:14.042  1819  1872 I FlexibleTaskController: 	at com.android.server.ServiceThread.run(ServiceThread.java:46)
06-30 18:31:14.043  1819  1872 D OplusFlexibleWindowMinimizedManagerHelper: onTaskVanished taskInfo:4143 task:Task{745f834 #4143 type=standard A=10399:com.example.crashcourse}
06-30 18:31:14.043  1819  1872 I FlexibleTaskController: releaseFlexibleTaskCaptionView task=Task{745f834 #4143 type=standard A=10399:com.example.crashcourse}
06-30 18:31:14.043  1819  1872 I FlexibleTaskController: java.lang.Throwable
06-30 18:31:14.043  1819  1872 I FlexibleTaskController: 	at com.android.server.wm.FlexibleTaskController.releaseFlexibleCaptionView(FlexibleTaskController.java:1224)
06-30 18:31:14.043  1819  1872 I FlexibleTaskController: 	at com.android.server.wm.FlexibleWindowManagerService.onFlexibleWindowTaskVanished(FlexibleWindowManagerService.java:797)
06-30 18:31:14.043  1819  1872 I FlexibleTaskController: 	at com.android.server.wm.TaskOrganizerControllerExtImpl.onTaskVanished(TaskOrganizerControllerExtImpl.java:105)
06-30 18:31:14.043  1819  1872 I FlexibleTaskController: 	at com.android.server.wm.TaskOrganizerController$TaskOrganizerPendingEventsQueue.dispatchPendingEvent(TaskOrganizerController.java:319)
06-30 18:31:14.043  1819  1872 I FlexibleTaskController: 	at com.android.server.wm.TaskOrganizerController$TaskOrganizerPendingEventsQueue.dispatchPendingEvents(TaskOrganizerController.java:302)
06-30 18:31:14.043  1819  1872 I FlexibleTaskController: 	at com.android.server.wm.TaskOrganizerController.dispatchPendingEvents(TaskOrganizerController.java:1050)
06-30 18:31:14.043  1819  1872 I FlexibleTaskController: 	at com.android.server.wm.WindowAnimator.animate(WindowAnimator.java:212)
06-30 18:31:14.043  1819  1872 I FlexibleTaskController: 	at com.android.server.wm.WindowAnimator.lambda$new$1(WindowAnimator.java:107)
06-30 18:31:14.043  1819  1872 I FlexibleTaskController: 	at com.android.server.wm.WindowAnimator.$r8$lambda$aHNu1uhcqxihX5NZc4McDDQPAyw(WindowAnimator.java:0)
06-30 18:31:14.043  1819  1872 I FlexibleTaskController: 	at com.android.server.wm.WindowAnimator$$ExternalSyntheticLambda1.doFrame(R8$$SyntheticClass:0)
06-30 18:31:14.043  1819  1872 I FlexibleTaskController: 	at android.view.Choreographer$CallbackRecord.run(Choreographer.java:1542)
06-30 18:31:14.043  1819  1872 I FlexibleTaskController: 	at android.view.Choreographer$CallbackRecord.run(Choreographer.java:1553)
06-30 18:31:14.043  1819  1872 I FlexibleTaskController: 	at android.view.Choreographer.doCallbacks(Choreographer.java:1109)
06-30 18:31:14.043  1819  1872 I FlexibleTaskController: 	at android.view.Choreographer.doFrame(Choreographer.java:984)
06-30 18:31:14.043  1819  1872 I FlexibleTaskController: 	at android.view.Choreographer$FrameDisplayEventReceiver.run(Choreographer.java:1527)
06-30 18:31:14.043  1819  1872 I FlexibleTaskController: 	at android.os.Handler.handleCallback(Handler.java:958)
06-30 18:31:14.043  1819  1872 I FlexibleTaskController: 	at android.os.Handler.dispatchMessage(Handler.java:99)
06-30 18:31:14.043  1819  1872 I FlexibleTaskController: 	at android.os.Looper.loopOnce(Looper.java:257)
06-30 18:31:14.043  1819  1872 I FlexibleTaskController: 	at android.os.Looper.loop(Looper.java:368)
06-30 18:31:14.043  1819  1872 I FlexibleTaskController: 	at android.os.HandlerThread.run(HandlerThread.java:67)
06-30 18:31:14.043  1819  1872 I FlexibleTaskController: 	at com.android.server.ServiceThread.run(ServiceThread.java:46)
06-30 18:31:14.051  1819  2636 W WindowManager: Failed looking up window session=Session{8a7553e 25821:u0a10182} callers=com.android.server.wm.WindowManagerService.windowForClientLocked:6484 com.android.server.wm.WindowManagerService.relayoutWindow:2368 com.android.server.wm.Session.relayout:263 
06-30 18:31:14.054  1819  2636 D ActivityTaskManager: Skipping, invisible task: Task{9746a73 #5 type=home I=com.android.launcher/.Launcher}
06-30 18:31:14.054  1819  2636 D OplusAppListInterceptManager: shouldFilterTask
06-30 18:31:14.055  1819  2636 D OplusAppListInterceptManager: shouldFilterTask::packageName = com.example.crashcourse
06-30 18:31:14.055  1819  2636 D ActivityTaskManager: Skipping, invisible task: Task{5bc737e #4141 type=standard A=10368:com.whatsapp.w4b:voip}
06-30 18:31:14.055  1819  2636 D OplusAppListInterceptManager: shouldFilterTask
06-30 18:31:14.055  1819  2636 D OplusAppListInterceptManager: shouldFilterTask::packageName = com.whatsapp.w4b
06-30 18:31:14.055  1819  2636 D OplusAppListInterceptManager: shouldFilterTask
06-30 18:31:14.055  1819  2636 D OplusAppListInterceptManager: shouldFilterTask::packageName = com.android.chrome
06-30 18:31:14.056  1819  2636 D OplusAppListInterceptManager: shouldFilterTask
06-30 18:31:14.056  1819  2636 D OplusAppListInterceptManager: shouldFilterTask::packageName = com.google.android.googlequicksearchbox
06-30 18:31:14.056  1819  2636 D OplusAppListInterceptManager: shouldFilterTask
06-30 18:31:14.056  1819  2636 D OplusAppListInterceptManager: shouldFilterTask::packageName = com.google.android.googlequicksearchbox
06-30 18:31:14.056  1819  2636 D OplusAppListInterceptManager: shouldFilterTask
06-30 18:31:14.056  1819  2636 D OplusAppListInterceptManager: shouldFilterTask::packageName = com.google.android.youtube
06-30 18:31:14.056  1819  2636 D OplusAppListInterceptManager: shouldFilterTask
06-30 18:31:14.057  1819  2636 D OplusAppListInterceptManager: shouldFilterTask::packageName = org.chromium.webapk.a6167574711f2ae2d_v2
06-30 18:31:14.057  1819  2636 D OplusAppListInterceptManager: shouldFilterTask
06-30 18:31:14.057  1819  2636 D OplusAppListInterceptManager: shouldFilterTask::packageName = com.bca.mybca.omni.android
06-30 18:31:14.057  1819  2636 D OplusAppListInterceptManager: shouldFilterTask
06-30 18:31:14.057  1819  2636 D OplusAppListInterceptManager: shouldFilterTask::packageName = com.google.android.apps.docs
06-30 18:31:14.057  1819  2636 D OplusAppListInterceptManager: shouldFilterTask
06-30 18:31:14.057  1819  2636 D OplusAppListInterceptManager: shouldFilterTask::packageName = com.google.android.gm
06-30 18:31:14.057  1819  2636 D ActivityTaskManager: after skip size 10
06-30 18:31:14.073  1819  2636 D ActivityTaskManager: Skipping, invisible task: Task{9746a73 #5 type=home I=com.android.launcher/.Launcher}
06-30 18:31:14.073  1819  2636 D OplusAppListInterceptManager: shouldFilterTask
06-30 18:31:14.073  1819  2636 D OplusAppListInterceptManager: shouldFilterTask::packageName = com.example.crashcourse
06-30 18:31:14.074  1819  2636 D ActivityTaskManager: Skipping, invisible task: Task{5bc737e #4141 type=standard A=10368:com.whatsapp.w4b:voip}
06-30 18:31:14.074  1819  2636 D OplusAppListInterceptManager: shouldFilterTask
06-30 18:31:14.074  1819  2636 D OplusAppListInterceptManager: shouldFilterTask::packageName = com.whatsapp.w4b
06-30 18:31:14.074  1819  2636 D OplusAppListInterceptManager: shouldFilterTask
06-30 18:31:14.074  1819  2636 D OplusAppListInterceptManager: shouldFilterTask::packageName = com.android.chrome
06-30 18:31:14.074  1819  2636 D OplusAppListInterceptManager: shouldFilterTask
06-30 18:31:14.075  1819  2636 D OplusAppListInterceptManager: shouldFilterTask::packageName = com.google.android.googlequicksearchbox
06-30 18:31:14.075  1819  2636 D OplusAppListInterceptManager: shouldFilterTask
06-30 18:31:14.075  1819  2636 D OplusAppListInterceptManager: shouldFilterTask::packageName = com.google.android.googlequicksearchbox
06-30 18:31:14.075  1819  2636 D OplusAppListInterceptManager: shouldFilterTask
06-30 18:31:14.075  1819  2636 D OplusAppListInterceptManager: shouldFilterTask::packageName = com.google.android.youtube
06-30 18:31:14.076  1819  2636 D OplusAppListInterceptManager: shouldFilterTask
06-30 18:31:14.076  1819  2636 D OplusAppListInterceptManager: shouldFilterTask::packageName = org.chromium.webapk.a6167574711f2ae2d_v2
06-30 18:31:14.076  1819  2636 D OplusAppListInterceptManager: shouldFilterTask
06-30 18:31:14.076  1819  2636 D OplusAppListInterceptManager: shouldFilterTask::packageName = com.bca.mybca.omni.android
06-30 18:31:14.076  1819  2636 D OplusAppListInterceptManager: shouldFilterTask
06-30 18:31:14.076  1819  2636 D OplusAppListInterceptManager: shouldFilterTask::packageName = com.google.android.apps.docs
06-30 18:31:14.077  1819  2636 D OplusAppListInterceptManager: shouldFilterTask
06-30 18:31:14.077  1819  2636 D OplusAppListInterceptManager: shouldFilterTask::packageName = com.google.android.gm
06-30 18:31:14.077  1819  2636 D ActivityTaskManager: after skip size 10
06-30 18:31:14.084  1819  2636 W WindowManager: Failed looking up window session=Session{8a7553e 25821:u0a10182} callers=com.android.server.wm.WindowManagerService.windowForClientLocked:6484 com.android.server.wm.Session.setOnBackInvokedCallbackInfo:968 android.view.IWindowSession$Stub.onTransact:1155 
06-30 18:31:14.084  1819  2636 I WindowManager: setOnBackInvokedCallback(): No window state for package:com.android.systemui
06-30 18:31:14.085  1819  3039 W WindowManager: Failed looking up window session=Session{8a7553e 25821:u0a10182} callers=com.android.server.wm.WindowManagerService.windowForClientLocked:6484 com.android.server.wm.WindowManagerService.removeWindow:2119 com.android.server.wm.Session.remove:241 
06-30 18:31:14.640  1819  1895 D CompatibilityChangeReporter: Compat change id reported: 135634846; UID 10100; state: DISABLED
06-30 18:31:14.641  1819  1895 D CompatibilityChangeReporter: Compat change id reported: 177438394; UID 10100; state: DISABLED
06-30 18:31:14.641  1819  1895 D CompatibilityChangeReporter: Compat change id reported: 135772972; UID 10100; state: DISABLED
06-30 18:31:14.641  1819  1895 D CompatibilityChangeReporter: Compat change id reported: 135754954; UID 10100; state: ENABLED
06-30 18:31:14.643  1819  1896 D CompatibilityChangeReporter: Compat change id reported: 143937733; UID 10100; state: ENABLED
06-30 18:31:14.668  1819  1896 I ActivityManager: Start proc 31165:com.android.vending/u0a100 for service {com.android.vending/com.google.android.finsky.setup.dse.impl.DseService}
06-30 18:31:14.753  1819  3039 D CompatibilityChangeReporter: Compat change id reported: 168419799; UID 10100; state: DISABLED
06-30 18:31:14.754  1819  3039 D CompatibilityChangeReporter: Compat change id reported: 273564678; UID 10100; state: DISABLED
06-30 18:31:14.754  1819  3039 D ActivityTaskManagerServiceExtImpl: preBindApplication record is null
06-30 18:31:14.763  1819  1970 D CompatibilityChangeReporter: Compat change id reported: 265195908; UID 10100; state: ENABLED
06-30 18:31:14.767  1819  1870 D OplusInterceptLockScreenWindow: starting IOplusLockScreenCallbacks service...
06-30 18:31:14.802  1819  3039 D CompatibilityChangeReporter: Compat change id reported: 170503758; UID 10100; state: ENABLED
06-30 18:31:15.073  1819  1980 E AppOps  : attributionTag  not declared in manifest of com.oplus.healthservice
06-30 18:31:15.076  1819  1980 E AppOps  : attributionTag  not declared in manifest of com.oplus.healthservice
06-30 18:31:15.205 31165 31165 D ResourcesManagerExtImpl: applyConfigurationToAppResourcesLocked app.getDisplayId() return callback.displayId:-1
06-30 18:31:15.548  1819  1948 D CompatibilityChangeReporter: Compat change id reported: 161145287; UID 10100; state: ENABLED
06-30 18:31:15.616  1819  1917 I OplusSmartBrightnessController: deltaLux = 1.6564579, scale = 1.6165755
06-30 18:31:15.620  1819  1919 D OplusSmartBrightnessController: handleMessage MSG_LUX_CHANGED, mLux:11.921364 luxQueue=[11.0, 11.0, 10.0, 11.0, 11.0, 12.0, 11.0, 11.0, 12.0, 12.0, 12.0]
06-30 18:31:15.748 31165 31165 I Quality : ActivityThread: callApplicationOnCreate delay 518 com.android.vending 31165
06-30 18:31:15.756  1819  5764 I ActivityManager: Flag disabled. Ignoring finishAttachApplication from uid: 10100. pid: 31165
06-30 18:31:15.820  1819  1948 W PackageManager: package com.android.vending uid 10100 pid 31165 call SetEnabledSetting(com.android.vending component = com.android.vending.AssetBrowserActivity, 1, 0)
06-30 18:31:15.892  1819  1948 D CompatibilityChangeReporter: Compat change id reported: 135634846; UID 10104; state: DISABLED
06-30 18:31:15.892  1819  1948 D CompatibilityChangeReporter: Compat change id reported: 177438394; UID 10104; state: DISABLED
06-30 18:31:15.893  1819  1948 D CompatibilityChangeReporter: Compat change id reported: 135772972; UID 10104; state: DISABLED
06-30 18:31:15.893  1819  1948 D CompatibilityChangeReporter: Compat change id reported: 135754954; UID 10104; state: ENABLED
06-30 18:31:15.894  1819  1896 D CompatibilityChangeReporter: Compat change id reported: 143937733; UID 10104; state: ENABLED
06-30 18:31:15.926  1819  1896 I ActivityManager: Start proc 31225:com.google.process.gapps/u0a104 for content provider {com.google.android.gsf/com.google.android.gsf.settings.GoogleSettingsProvider}
06-30 18:31:15.940  1819  1948 D CompatibilityChangeReporter: Compat change id reported: 319212206; UID 10100; state: ENABLED
06-30 18:31:15.995  1819  5764 D CompatibilityChangeReporter: Compat change id reported: 168419799; UID 10104; state: DISABLED
06-30 18:31:15.995  1819  5764 D CompatibilityChangeReporter: Compat change id reported: 273564678; UID 10104; state: DISABLED
06-30 18:31:15.996  1819  5764 D ActivityTaskManagerServiceExtImpl: preBindApplication record is null
06-30 18:31:16.013  1819  5783 D CompatibilityChangeReporter: Compat change id reported: 135634846; UID 10104; state: DISABLED
06-30 18:31:16.013  1819  5783 D CompatibilityChangeReporter: Compat change id reported: 177438394; UID 10104; state: DISABLED
06-30 18:31:16.013  1819  5783 D CompatibilityChangeReporter: Compat change id reported: 135772972; UID 10104; state: DISABLED
06-30 18:31:16.013  1819  5783 D CompatibilityChangeReporter: Compat change id reported: 135754954; UID 10104; state: ENABLED
06-30 18:31:16.014  1819  1896 D CompatibilityChangeReporter: Compat change id reported: 143937733; UID 10104; state: ENABLED
06-30 18:31:16.028  1819  2686 D CompatibilityChangeReporter: Compat change id reported: 170503758; UID 10104; state: ENABLED
06-30 18:31:16.030  1819  1896 I ActivityManager: Start proc 31263:com.google.android.gms/u0a104 for service {com.google.android.gms/com.google.android.gms.chimera.GmsBoundBrokerService}
06-30 18:31:16.090 31225 31225 D ResourcesManagerExtImpl: applyConfigurationToAppResourcesLocked app.getDisplayId() return callback.displayId:-1
06-30 18:31:16.113  1819  2686 D CompatibilityChangeReporter: Compat change id reported: 168419799; UID 10104; state: DISABLED
06-30 18:31:16.114  1819  2686 D CompatibilityChangeReporter: Compat change id reported: 273564678; UID 10104; state: DISABLED
06-30 18:31:16.115  1819  2686 D ActivityTaskManagerServiceExtImpl: preBindApplication record is null
06-30 18:31:16.185  1819  2686 I ActivityManager: Flag disabled. Ignoring finishAttachApplication from uid: 10104. pid: 31225
06-30 18:31:16.195  1819  5783 D VRR [OPlusExternalRefreshRateManager]: isPkgTfcEnable: pkgName = com.google.android.gsf, enable = false
06-30 18:31:16.195  1819  5783 D VRR [OPlusExternalRefreshRateManager]: getTfcMinFramerate: pkgName = com.google.android.gsf, min framerate = 0
06-30 18:31:16.207  1819  2011 D PowerManagerService: userActivityNoUpdateLocked: groupId=0, eventTime=14587993, event=touch, flags=0x0, uid=1000
06-30 18:31:16.287  1819  2686 D MultiApp.CMAService: changeIntentIfNeed --- from launcher
06-30 18:31:16.293  1819  2686 D FlexibleTaskController: adjustOptionsForFlexibleTask skip adjust options reason:2
06-30 18:31:16.293  1819  2686 D FlexibleWindowManager: no reused task found for ActivityRecord{d8f0d24 u0 com.example.crashcourse/.MainActivity
06-30 18:31:16.302  1819  2686 I OplusScreenSecurityMask: onStackAdded task = Task{416d889 #4144 type=standard} record = null displayId = 0
06-30 18:31:16.303  1819  2686 I OplusScreenSecurityMask: onStackAdded task = Task{416d889 #4144 type=standard A=10399:com.example.crashcourse} record = null displayId = 0
06-30 18:31:16.308  1819  2686 D TaskFragmentExtImpl: add ActivityRecord{d8f0d24 u0 com.example.crashcourse/.MainActivity t4144} to mActivityRecordSum = Counter{ com.example.crashcourse/.MainActivity(1) }
06-30 18:31:16.312  1819  2686 D OplusStartingWindowManager: reviseWindowFlagsForStarting activityRecord =:ActivityRecord{d8f0d24 u0 com.example.crashcourse/.MainActivity t4144}, RUS version:20240715
06-30 18:31:16.312  1819  2686 D ActivityTaskManager: validateStartingWindowTheme:  Pkg=com.example.crashcourse, Translucent=false, Floating=false, ShowWallpaper=false, Disable=false, LaunchSource=2
06-30 18:31:16.313  1819  2686 D ActivityTaskManager: getStartingWindowType: , newTask=true, taskSwitch=true, processRunning=true, allowTaskSnapshot=true, activityCreated=false, activityAllDrawn=false, snapshot=null, record:ActivityRecord{d8f0d24 u0 com.example.crashcourse/.MainActivity t4144}
06-30 18:31:16.313  1819  2686 D ActivityRecordExtImpl: handleStartingWindowForCompactWindow origin type:2, adjustType : 2
06-30 18:31:16.315  1819  2686 D OplusZoomWindowRUSConfigManager: isSupportZoomModeWithPolicyLocked: target = com.example.crashcourse/.MainActivity
06-30 18:31:16.315  1819  2686 D OplusZoomWindowRUSConfigManager: targetPkg = com.example.crashcourse
06-30 18:31:16.316  1819  2686 I TaskFragmentExtImpl: hookSetBinderUxFlag:true prev:ActivityRecord{cfd8439 u0 com.android.launcher/.Launcher t5}
06-30 18:31:16.316 25821 26171 D PhoneStartingWindowTypeAlgorithm: preferredStartingWindowType newTask=true, taskSwitch=true, processRunning=true, allowTaskSnapshot=true, activityCreated=false, isSolidColorSplashScreen=false, legacySplashScreen=false, activityDrawn=false, windowless=false, topIsHome=false
06-30 18:31:16.316 25821 26171 D OplusShellStartingWindowManager: getReviseStartingWindowType not support, windowInfo is null
06-30 18:31:16.317  1819  1919 D OplusFeatureHDREnhanceBrightness: checkIsPlayingHDR isPlayingHDR=0 rotation=0 whiteApp=false battery=16
06-30 18:31:16.317  1819  2686 I TaskFragmentExtImpl: hookSetBinderUxFlag:false prev:ActivityRecord{cfd8439 u0 com.android.launcher/.Launcher t5}
06-30 18:31:16.320  1819  2686 D ActivityTaskManager: notifyTaskRemoved, task: Task{745f834 #4143 type=standard A=10399:com.example.crashcourse} trace:com.android.server.wm.RecentTasks.removeForAddTask:1680 com.android.server.wm.RecentTasks.add:1254 com.android.server.wm.ActivityStarter.startActivityInner:2335 com.android.server.wm.ActivityStarter.startActivityUnchecked:1747 com.android.server.wm.ActivityStarter.executeRequest:1531 
06-30 18:31:16.320  1819  2686 D ActivityTaskManager: notifyTaskAdded, task: Task{416d889 #4144 type=standard A=10399:com.example.crashcourse} trace:com.android.server.wm.RecentTasks.add:1269 com.android.server.wm.ActivityStarter.startActivityInner:2335 com.android.server.wm.ActivityStarter.startActivityUnchecked:1747 com.android.server.wm.ActivityStarter.executeRequest:1531 com.android.server.wm.ActivityStarter.execute:830 
06-30 18:31:16.321  1819  2686 D OplusTransitionController: requestStartTransition, requestInfo type: OPEN, remoteTransition: null, displayChange: null, transition: TransitionRecord{b620754 id=218 type=OPEN flags=0x0}, caller: com.android.server.wm.TransitionControllerExtImpl.requestStartTransition:41 com.android.server.wm.TransitionController.requestStartTransition:738 com.android.server.wm.ActivityStarter.handleStartResult:1923 com.android.server.wm.ActivityStarter.startActivityUnchecked:1781 com.android.server.wm.ActivityStarter.executeRequest:1531 
06-30 18:31:16.321 25821 26171 D OplusShellStartingWindowManager: adjustSuggestedWindowType: skip no-system app and no-exception list app
06-30 18:31:16.322  1819  2686 I ActivityTaskManager: START u0 {act=android.intent.action.MAIN cat=[android.intent.category.LAUNCHER] flg=0x10200000 cmp=com.example.crashcourse/.MainActivity bnds=[360,692][528,888] (has extras) mCallingUid=10179} with LAUNCH_MULTIPLE from uid 10179 (BAL_ALLOW_ALLOWLISTED_COMPONENT) result code=0
06-30 18:31:16.322 25821 26015 V WindowManagerShell: Transition requested: android.os.BinderProxy@8ec6f0d TransitionRequestInfo { type = OPEN, triggerTask = TaskInfo{userId=0 taskId=4144 displayId=0 isRunning=true baseIntent=Intent { act=android.intent.action.MAIN cat=[android.intent.category.LAUNCHER] flg=0x10200000 cmp=com.example.crashcourse/.MainActivity mCallingUid=10179 } baseActivity=ComponentInfo{com.example.crashcourse/com.example.crashcourse.MainActivity} topActivity=ComponentInfo{com.example.crashcourse/com.example.crashcourse.MainActivity} origActivity=null realActivity=ComponentInfo{com.example.crashcourse/com.example.crashcourse.MainActivity} numActivities=1 lastActiveTime=16167152 supportsSplitScreenMultiWindow=true supportsMultiWindow=true supportsPocketStudioMultiWindow=true isInFlexibleEmbedded = false uid = 10399 pid = 0 resizeMode=1 isResizeable=true minWidth=-1 minHeight=-1 defaultMinSize=220 token=WCT{android.window.IWindowContainerToken$Stub$Proxy@78f6ec2} topActivityType=1 pictureInPictureParams=null shouldDockBigOverlays=false launchIntoPipHostTaskId=-1 lastParentTaskIdBeforePip=-1 displayCutoutSafeInsets=Rect(0, 64 - 0, 0) topActivityInfo=ActivityInfo{7dd74d3 com.example.crashcourse.MainActivity} launchCookies=[] positionInParent=Point(0, 0) parentTaskId=-1 isFocused=false isVisible=false isVisibleRequested=false isSleeping=false topActivityInSizeCompat=false topActivityInOplusCompatMode=false topActivityEligibleForLetterboxEducation= false topActivityLetterboxed= false isFromDoubleTap= false topActivityLetterboxVerticalPosition= -1 topActivityLetterboxHorizontalPosition= -1 topActivityLetterboxWidth=-1 topActivityLetterboxHeight=-1 locusId=null displayAreaFeatureId=1 cameraCompatControlState=hidden locusId= null topActivityLetterboxInsets=Rect(0, 0 - 0, 0)}, remoteTransition = null, displayChange = null }
06-30 18:31:16.323 25821 26172 D ShellStartingWindow: getWindowAttrs window attributes color: 0, replace icon: false
06-30 18:31:16.326  2598  2598 I Quality : Skipped: true 3 cost 43.355896 refreshRate 10933246 bit true processName com.android.launcher
06-30 18:31:16.328 25821 26172 D ShellStartingWindow: inconsize = 320
06-30 18:31:16.346  1819  2686 D ActivityTaskManager: attachStartingWindow: mStartingData=com.android.server.wm.SplashScreenStartingData@5caf8b5,mStartingWindow=Window{d25c93e u0 Splash Screen com.example.crashcourse}
06-30 18:31:16.346  1819  2686 I WindowManager: addWindow: New client android.os.BinderProxy@de9f5f9 : window=Window{d25c93e u0 Splash Screen com.example.crashcourse}
06-30 18:31:16.349 25821 26171 D OplusShellStartingWindowManager: handleSplashScreenView: normal third app or no-default
06-30 18:31:16.353  1819  5764 D ActivityTaskManager: setVisibility(Token{28b7445 ActivityRecord{d8f0d24 u0 com.example.crashcourse/.MainActivity t4144}}, visible=true) defer commitVisibility for transition collecting
06-30 18:31:16.354  1819  5764 D ActivityTaskManager: setVisibility(Token{6f28d30 ActivityRecord{cfd8439 u0 com.android.launcher/.Launcher t5}}, visible=false) defer commitVisibility for transition collecting
06-30 18:31:16.354  1819  5764 D WindowManager: updateOrientation: mLastOrientation = SCREEN_ORIENTATION_NOSENSOR(5) newOrientation = SCREEN_ORIENTATION_UNSPECIFIED(-1) forceUpdate = true LastOrientationSource = ActivityRecord{d8f0d24 u0 com.example.crashcourse/.MainActivity t4144}
06-30 18:31:16.355  1819  5764 D WindowManager: rotation(ROTATION_0) no changed.
06-30 18:31:16.355  1819  5764 D ActivityTaskManager: setVisibility(Token{28b7445 ActivityRecord{d8f0d24 u0 com.example.crashcourse/.MainActivity t4144}}, visible=true) defer commitVisibility for transition collecting
06-30 18:31:16.355  1819  5764 D OplusDexOptimizeManager: Do not in AppLaunchOptList!
06-30 18:31:16.356  1819  5764 D OplusCameraStartupOptimization: cameraPreopenIfNeed, r = ActivityRecord{d8f0d24 u0 com.example.crashcourse/.MainActivity t4144}
06-30 18:31:16.356  1819  5764 D OplusCameraStartupOptimization: needOptimizeForCamera bNeedOptimize:false clsName: com.example.crashcourse/.MainActivity
06-30 18:31:16.356  1819  1870 D OplusInterceptLockScreenWindow: starting IOplusLockScreenCallbacks service...
06-30 18:31:16.361  1819  5764 D ActivityTaskManager: onWindowFocusChanged Task{416d889 #4144 type=standard A=10399:com.example.crashcourse} would transfer to compact
06-30 18:31:16.361  1819  5764 D ActivityTaskManager: NFW_setLastResumedActivityUncheckLocked:true r:ActivityRecord{d8f0d24 u0 com.example.crashcourse/.MainActivity t4144} currentFocus:Window{6eea764 u0 com.android.launcher/com.android.launcher.Launcher}
06-30 18:31:16.362  1819  5764 V WindowManager: Changing focus from Window{6eea764 u0 com.android.launcher/com.android.launcher.Launcher} to null,diplayid=0
06-30 18:31:16.363  1819  5764 D FlexibleTaskController: onTaskFocusChanged prevTask:Task{9746a73 #5 type=home I=com.android.launcher/.Launcher} ,currentTask:Task{416d889 #4144 type=standard A=10399:com.example.crashcourse}
06-30 18:31:16.363  1819  5764 I OplusJoystickManager: handleApplicationSwitch deprecated!
06-30 18:31:16.364  1819  2683 D OplusAppSwitchListener: Detect com.android.launcher switch to background
06-30 18:31:16.364  1819  2683 D OplusFeatureReduceBrightness: onAppExit , info = com.android.launcher
06-30 18:31:16.364  1819  2683 D OplusEapManager: mTargetExitName :com.android.launcher
06-30 18:31:16.366  1819  5764 D ActivityTaskManager: setVisibility(Token{28b7445 ActivityRecord{d8f0d24 u0 com.example.crashcourse/.MainActivity t4144}}, visible=true) defer commitVisibility for transition collecting
06-30 18:31:16.368  1819  2683 D OplusAppSwitchListener: Detect com.example.crashcourse switch to foreground
06-30 18:31:16.368  1819  2683 D OplusEapManager: mTargetEnterName :com.example.crashcourse
06-30 18:31:16.369  1819  1922 D VRR [OPlusRefreshRateService]: handleFrontAppChange pkgName: null
06-30 18:31:16.372  1819  5764 I TaskOrganizerController: onTaskInfoChanged taskid 1 config { mBounds=Rect(0, 0 - 720, 1612) mAppBounds=Rect(0, 64 - 720, 1524) mMaxBounds=Rect(0, 0 - 720, 1612) mDisplayRotation=ROTATION_0 mWindowingMode=fullscreen mDisplayWindowingMode=fullscreen mActivityType=home mAlwaysOnTop=undefined mRotation=ROTATION_0}
06-30 18:31:16.372  1819  5764 D FlexibleWindowManager: onFlexibleWindowTaskInfoChanged: mTaskId = 1 oldIsTaskEmbedded = false   curIsTaskEmbedded = false  topActivity = ComponentInfo{com.android.launcher/com.android.launcher.Launcher}
06-30 18:31:16.373  1819  5764 D OplusFlexibleWindowMinimizedManagerHelper: onTaskInfoChanged taskInfo:TaskInfo{userId=0 taskId=1 displayId=0 isRunning=true baseIntent=Intent { act=android.intent.action.MAIN cat=[android.intent.category.HOME] flg=0x10000100 cmp=com.android.launcher/.Launcher mCallingUid=1000 } baseActivity=ComponentInfo{com.android.launcher/com.android.launcher.Launcher} topActivity=ComponentInfo{com.android.launcher/com.android.launcher.Launcher} origActivity=null realActivity=null numActivities=1 lastActiveTime=36257 supportsSplitScreenMultiWindow=false supportsMultiWindow=true supportsPocketStudioMultiWindow=true isInFlexibleEmbedded = false uid = 10179 pid = 2598 resizeMode=2 isResizeable=true minWidth=-1 minHeight=-1 defaultMinSize=220 token=WCT{RemoteToken{a13acf Task{bf14035 #1 type=home}}} topActivityType=2 pictureInPictureParams=null shouldDockBigOverlays=false launchIntoPipHostTaskId=-1 lastParentTaskIdBeforePip=-1 displayCutoutSafeInsets=Rect(0, 64 - 0, 0) topActivityInfo=ActivityInfo{d351601 com.android.launcher.Launcher} launchCookies=[] positionInParent=Point(0, 0) parentTaskId=-1 isFocused=false isVisible=true isVisibleRequested=false isSleeping=false topActivityInSizeCompat=false topActivityInOplusCompatMode=false topActivityEligibleForLetterboxEducation= false topActivityLetterboxed= false isFromDoubleTap= false topActivityLetterboxVerticalPosition= -1 topActivityLetterboxHorizontalPosition= -1 topActivityLetterboxWidth=-1 topActivityLetterboxHeight=-1 locusId=LocusId[17_chars] displayAreaFeatureId=1 cameraCompatControlState=hidden locusId= LocusId[17_chars] topActivityLetterboxInsets=Rect(0, 0 - 0, 0)} task:Task{bf14035 #1 type=home}
06-30 18:31:16.373 25821 26015 D ShellTaskOrganizer: dispatchTaskEventToClientIfNeed, eventType:2, taskInfo:TaskInfo{userId=0 taskId=1 displayId=0 isRunning=true baseIntent=Intent { act=android.intent.action.MAIN cat=[android.intent.category.HOME] flg=0x10000100 cmp=com.android.launcher/.Launcher mCallingUid=1000 } baseActivity=ComponentInfo{com.android.launcher/com.android.launcher.Launcher} topActivity=ComponentInfo{com.android.launcher/com.android.launcher.Launcher} origActivity=null realActivity=null numActivities=1 lastActiveTime=36257 supportsSplitScreenMultiWindow=false supportsMultiWindow=true supportsPocketStudioMultiWindow=true isInFlexibleEmbedded = false uid = 10179 pid = 2598 resizeMode=2 isResizeable=true minWidth=-1 minHeight=-1 defaultMinSize=220 token=WCT{android.window.IWindowContainerToken$Stub$Proxy@18b57e6} topActivityType=2 pictureInPictureParams=null shouldDockBigOverlays=false launchIntoPipHostTaskId=-1 lastParentTaskIdBeforePip=-1 displayCutoutSafeInsets=Rect(0, 64 - 0, 0) topActivityInfo=ActivityInfo{f00b127 com.android.launcher.Launcher} launchCookies=[] positionInParent=Point(0, 0) parentTaskId=-1 isFocused=false isVisible=true isVisibleRequested=false isSleeping=false topActivityInSizeCompat=false topActivityInOplusCompatMode=false topActivityEligibleForLetterboxEducation= false topActivityLetterboxed= false isFromDoubleTap= false topActivityLetterboxVerticalPosition= -1 topActivityLetterboxHorizontalPosition= -1 topActivityLetterboxWidth=-1 topActivityLetterboxHeight=-1 locusId=LocusId[17_chars] displayAreaFeatureId=1 cameraCompatControlState=hidden locusId= LocusId[17_chars] topActivityLetterboxInsets=Rect(0, 0 - 0, 0)}, leash:null
06-30 18:31:16.376  1819  2683 D VRR [OPlusFrontAppManager]: OnAppSwitchObserver: onAppEnter , info.targetName = com.example.crashcourse
06-30 18:31:16.378  1819  5783 D CoreBackPreview: Window{d25c93e u0 Splash Screen com.example.crashcourse}: Setting back callback OnBackInvokedCallbackInfo{mCallback=android.window.IOnBackInvokedCallback$Stub$Proxy@1105df0, mPriority=0, mIsAnimationCallback=false}
06-30 18:31:16.378  1819  2686 D WindowManagerServiceExtImpl: extractConfigInfoAndRealFlags rotation=0, screenDp=360, win=Window{d25c93e u0 Splash Screen com.example.crashcourse}
06-30 18:31:16.378  1819  2686 V WindowManager: Relayout Window{d25c93e u0 Splash Screen com.example.crashcourse}: viewVisibility=0, oldvis=0, req=720x1612, vsysui=
06-30 18:31:16.378  1819  2686 I WindowManager: Window{d25c93e u0 Splash Screen com.example.crashcourse} state from NO_SURFACE to DRAW_PENDING; reason: resetDrawState
06-30 18:31:16.379  1819  1948 W PackageManager: package com.android.vending uid 10100 pid 31165 call SetEnabledSetting(com.android.vending component = com.google.android.finsky.systemupdateactivity.SystemUpdateActivity, 1, 0)
06-30 18:31:16.381  1819  1922 D VRR [OPlusRefreshRateService]: handleFrontAppChange pkgName: com.example.crashcourse
06-30 18:31:16.381  1819  1948 W PackageManager: package com.android.vending uid 10100 pid 31165 call SetEnabledSetting(com.android.vending component = com.google.android.finsky.hibernation.impl.UnhibernateActivity, 1, 0)
06-30 18:31:16.385  1819  1948 W PackageManager: package com.android.vending uid 10100 pid 31165 call SetEnabledSetting(com.android.vending component = com.google.android.finsky.activities.DebugActivity, 2, 0)
06-30 18:31:16.387  1819  1948 W PackageManager: package com.android.vending uid 10100 pid 31165 call SetEnabledSetting(com.android.vending component = com.google.android.finsky.systemcomponentupdateui.common.SystemComponentUpdateActivity, 0, 0)
06-30 18:31:16.387 25821 26171 W VRI[crashcourse]: updateBlastSurfaceIfNeeded, surfaceSize:Point(720, 1612), lastSurfaceSize:Point(0, 0), format:-3, blastBufferQueue:null
06-30 18:31:16.389  1819  2137 D ORBrightnessMarvelsDataCollector: Runnable-MarvelsAppEnterInfo[2025-06-30 18:31:16,com.example.crashcourse,11.921364]
06-30 18:31:16.389  1819  1902 E OplusThermalStats: Error getting package info: com.example.crashcourse
06-30 18:31:16.399 29520 29520 D ResourcesManagerExtImpl: applyConfigurationToAppResourcesLocked app.getDisplayId() return callback.displayId:-1
06-30 18:31:16.400  1819  5783 W ActivityManager: Unable to start service Intent { act=deepthinker.intent.action.BIND_INTERFACE_SERVER pkg=com.oplus.deepthinker mCallingUid=1000 } U=0: not found
06-30 18:31:16.415  1819  5783 D ActivityTaskManager: onWindowFocusChanged Task{9746a73 #5 type=home I=com.android.launcher/.Launcher} would transfer to compact
06-30 18:31:16.416  1819  5783 D ActivityTaskManager: NFW_setLastResumedActivityUncheckLocked:true r:ActivityRecord{cfd8439 u0 com.android.launcher/.Launcher t5} currentFocus:null
06-30 18:31:16.416  1819  5783 D FlexibleTaskController: onTaskFocusChanged prevTask:Task{416d889 #4144 type=standard A=10399:com.example.crashcourse} ,currentTask:Task{9746a73 #5 type=home I=com.android.launcher/.Launcher}
06-30 18:31:16.417  1819  5783 D ActivityRecordExtImpl: skipPrepareAppTransitionForZoom false
06-30 18:31:16.418  1819  5783 D ActivityTaskManager: setVisibility(Token{28b7445 ActivityRecord{d8f0d24 u0 com.example.crashcourse/.MainActivity t4144 f}}}, visible=false) defer commitVisibility for transition collecting
06-30 18:31:16.422  1819  5783 I TaskOrganizerController: onTaskInfoChanged taskid 1 config { mBounds=Rect(0, 0 - 720, 1612) mAppBounds=Rect(0, 64 - 720, 1524) mMaxBounds=Rect(0, 0 - 720, 1612) mDisplayRotation=ROTATION_0 mWindowingMode=fullscreen mDisplayWindowingMode=fullscreen mActivityType=home mAlwaysOnTop=undefined mRotation=ROTATION_0}
06-30 18:31:16.423  1819  5783 D FlexibleWindowManager: onFlexibleWindowTaskInfoChanged: mTaskId = 1 oldIsTaskEmbedded = false   curIsTaskEmbedded = false  topActivity = ComponentInfo{com.android.launcher/com.android.launcher.Launcher}
06-30 18:31:16.423  1819  5783 D OplusFlexibleWindowMinimizedManagerHelper: onTaskInfoChanged taskInfo:TaskInfo{userId=0 taskId=1 displayId=0 isRunning=true baseIntent=Intent { act=android.intent.action.MAIN cat=[android.intent.category.HOME] flg=0x10000100 cmp=com.android.launcher/.Launcher mCallingUid=1000 } baseActivity=ComponentInfo{com.android.launcher/com.android.launcher.Launcher} topActivity=ComponentInfo{com.android.launcher/com.android.launcher.Launcher} origActivity=null realActivity=null numActivities=1 lastActiveTime=36257 supportsSplitScreenMultiWindow=false supportsMultiWindow=true supportsPocketStudioMultiWindow=true isInFlexibleEmbedded = false uid = 10179 pid = 2598 resizeMode=2 isResizeable=true minWidth=-1 minHeight=-1 defaultMinSize=220 token=WCT{RemoteToken{a13acf Task{bf14035 #1 type=home}}} topActivityType=2 pictureInPictureParams=null shouldDockBigOverlays=false launchIntoPipHostTaskId=-1 lastParentTaskIdBeforePip=-1 displayCutoutSafeInsets=Rect(0, 64 - 0, 0) topActivityInfo=ActivityInfo{d351601 com.android.launcher.Launcher} launchCookies=[] positionInParent=Point(0, 0) parentTaskId=-1 isFocused=true isVisible=true isVisibleRequested=false isSleeping=false topActivityInSizeCompat=false topActivityInOplusCompatMode=false topActivityEligibleForLetterboxEducation= false topActivityLetterboxed= false isFromDoubleTap= false topActivityLetterboxVerticalPosition= -1 topActivityLetterboxHorizontalPosition= -1 topActivityLetterboxWidth=-1 topActivityLetterboxHeight=-1 locusId=LocusId[17_chars] displayAreaFeatureId=1 cameraCompatControlState=hidden locusId= LocusId[17_chars] topActivityLetterboxInsets=Rect(0, 0 - 0, 0)} task:Task{bf14035 #1 type=home}
06-30 18:31:16.434  1819  1948 D OplusTransitionController: onSyncFinishedDrawing, Window{d25c93e u0 Splash Screen com.example.crashcourse}
06-30 18:31:16.434 25821 26015 D ShellTaskOrganizer: dispatchTaskEventToClientIfNeed, eventType:2, taskInfo:TaskInfo{userId=0 taskId=1 displayId=0 isRunning=true baseIntent=Intent { act=android.intent.action.MAIN cat=[android.intent.category.HOME] flg=0x10000100 cmp=com.android.launcher/.Launcher mCallingUid=1000 } baseActivity=ComponentInfo{com.android.launcher/com.android.launcher.Launcher} topActivity=ComponentInfo{com.android.launcher/com.android.launcher.Launcher} origActivity=null realActivity=null numActivities=1 lastActiveTime=36257 supportsSplitScreenMultiWindow=false supportsMultiWindow=true supportsPocketStudioMultiWindow=true isInFlexibleEmbedded = false uid = 10179 pid = 2598 resizeMode=2 isResizeable=true minWidth=-1 minHeight=-1 defaultMinSize=220 token=WCT{android.window.IWindowContainerToken$Stub$Proxy@92ec540} topActivityType=2 pictureInPictureParams=null shouldDockBigOverlays=false launchIntoPipHostTaskId=-1 lastParentTaskIdBeforePip=-1 displayCutoutSafeInsets=Rect(0, 64 - 0, 0) topActivityInfo=ActivityInfo{883ac79 com.android.launcher.Launcher} launchCookies=[] positionInParent=Point(0, 0) parentTaskId=-1 isFocused=true isVisible=true isVisibleRequested=false isSleeping=false topActivityInSizeCompat=false topActivityInOplusCompatMode=false topActivityEligibleForLetterboxEducation= false topActivityLetterboxed= false isFromDoubleTap= false topActivityLetterboxVerticalPosition= -1 topActivityLetterboxHorizontalPosition= -1 topActivityLetterboxWidth=-1 topActivityLetterboxHeight=-1 locusId=LocusId[17_chars] displayAreaFeatureId=1 cameraCompatControlState=hidden locusId= LocusId[17_chars] topActivityLetterboxInsets=Rect(0, 0 - 0, 0)}, leash:null
06-30 18:31:16.434  1819  1948 I WindowManager: finishDrawing skipLayout:false Window{d25c93e u0 Splash Screen com.example.crashcourse} com.android.server.wm.WindowManagerService.finishDrawingWindow:2972 com.android.server.wm.Session.finishDrawing:311 android.view.IWindowSession$Stub.onTransact:779 
06-30 18:31:16.435  1819  1948 I WindowManager: Window{d25c93e u0 Splash Screen com.example.crashcourse} state from DRAW_PENDING to COMMIT_DRAW_PENDING; reason: finishDrawingLocked
06-30 18:31:16.435  1819  1948 D OplusTransitionAnimationManager: skipFinishDrawingIfNeed clientRotation=0, currentRotation=0, hasFixedRotationApp=false, requestedOrientation=-1, win=Window{d25c93e u0 Splash Screen com.example.crashcourse}, activity=ActivityRecord{d8f0d24 u0 com.example.crashcourse/.MainActivity t4144 f}}, currentConfig={1.0 ??mcc??mnc [in_ID] ldltr sw360dp w360dp h730dp 320dpi nrml long port finger -keyb/h/h -nav/h winConfig={ mBounds=Rect(0, 0 - 720, 1612) mAppBounds=Rect(0, 64 - 720, 1524) mMaxBounds=Rect(0, 0 - 720, 1612) mDisplayRotation=ROTATION_0 mWindowingMode=fullscreen mDisplayWindowingMode=fullscreen mActivityType=standard mAlwaysOnTop=undefined mRotation=ROTATION_0} s.1 fontWeightAdjustment=0mThemeChanged= 0, mThemeChangedFlags= 0, mFlipFont= 0, mScenario= -1, mAccessibleChanged= -1, mUxIconConfig= 3465543965406134305, mMaterialColor= 0, mUserId= 0, mFontUserId= 0, mFontVariationSettings= 226, mFoldingAngle = -1.0, mIconPackName= , mDarkModeBackgroundMaxL= 0.0, mDarkModeDialogBgMaxL= 27.0, mDarkModeForegroundMinL= 100.0, mOplusConfigType= 1, mOplusChangedConfigs= 0, OpSans= -1, mBurmeseFontFlag= 2, mFlag= 0, mFlexibleActivitySuitable= -1, mPuttDisplayFlag= -1}
06-30 18:31:16.436 29520 29520 D ActivityThread: ComponentInfo{com.example.crashcourse/com.example.crashcourse.MainActivity} checkFinished=true 1
06-30 18:31:16.440  1819  1872 I WindowManager: Window{d25c93e u0 Splash Screen com.example.crashcourse} state from COMMIT_DRAW_PENDING to READY_TO_SHOW; reason: commitFinishDrawingLocked
06-30 18:31:16.440  1819  1872 D ActivityTaskManager: onStartingWindowDrawn: wasTaskVisible=false, mStartingData=com.android.server.wm.SplashScreenStartingData@5caf8b5, finishing=true,mLaunchedFromBubble=false, mVisibleRequested=false, mDisplayContent=Display{#0 state=ON size=720x1612 ROTATION_0}, isZoomMode=false
06-30 18:31:16.443 29520 29520 D ActivityThread: ComponentInfo{com.example.crashcourse/com.example.crashcourse.MainActivity} checkFinished=true 1
06-30 18:31:16.443  1819  1902 E OplusThermalStats: Error getting package info: com.android.launcher
06-30 18:31:16.455  1819  2636 D ActivityTaskManager: setVisibility(Token{6f28d30 ActivityRecord{cfd8439 u0 com.android.launcher/.Launcher t5}}, visible=true) defer commitVisibility for transition collecting
06-30 18:31:16.458  1819  2636 D ActivityTaskManager: NFW_setLastResumedActivityUncheckLocked:false r:ActivityRecord{cfd8439 u0 com.android.launcher/.Launcher t5} currentFocus:null
06-30 18:31:16.459  1819  2636 V WindowManager: Changing focus from null to Window{6eea764 u0 com.android.launcher/com.android.launcher.Launcher},diplayid=0
06-30 18:31:16.460  1819  2636 I OplusJoystickManager: handleApplicationSwitch deprecated!
06-30 18:31:16.460  1819  2683 D OplusAppSwitchListener: Detect com.example.crashcourse switch to background
06-30 18:31:16.460  1819  2683 D OplusFeatureReduceBrightness: onAppExit , info = com.example.crashcourse
06-30 18:31:16.460  1819  2683 D OplusEapManager: mTargetExitName :com.example.crashcourse
06-30 18:31:16.461  1819  1922 D VRR [OPlusRefreshRateService]: handleFrontAppChange pkgName: null
06-30 18:31:16.463  1819  2636 D WindowManager: updateOrientation: mLastOrientation = SCREEN_ORIENTATION_UNSPECIFIED(-1) newOrientation = SCREEN_ORIENTATION_NOSENSOR(5) forceUpdate = true LastOrientationSource = ActivityRecord{cfd8439 u0 com.android.launcher/.Launcher t5}
06-30 18:31:16.463  1819  2636 D WindowManager: rotation(ROTATION_0) no changed.
06-30 18:31:16.464  1819  2636 I TaskFragmentExtImpl: hookSetBinderUxFlag:true prev:ActivityRecord{cfd8439 u0 com.android.launcher/.Launcher t5}
06-30 18:31:16.464  1819  2636 D TaskFragmentExtImpl: addColorModeOnResume resume=true pkg = com.android.launcher
06-30 18:31:16.464  1819  2636 I TaskFragmentExtImpl: hookSetBinderUxFlag:false prev:ActivityRecord{cfd8439 u0 com.android.launcher/.Launcher t5}
06-30 18:31:16.466  1819  3039 W ActivityManager: Unable to start service Intent { act=deepthinker.intent.action.BIND_INTERFACE_SERVER pkg=com.oplus.deepthinker mCallingUid=1000 } U=0: not found
06-30 18:31:16.467  2598  2598 D ActivityThread: ComponentInfo{com.android.launcher/com.android.launcher.Launcher} checkFinished=false 4
06-30 18:31:16.468  2598  2598 D ResourcesManagerExtImpl: applyConfigurationToAppResourcesLocked app.getDisplayId() return callback.displayId:0
06-30 18:31:16.471  2598  2598 D VRI[Launcher]: relayoutWindow result, sizeChanged:false, surfaceControlChanged:false, transformHintChanged:false, mSurfaceSize:Point(720, 1612), mLastSurfaceSize:Point(720, 1612), mWidth:720, mHeight:1612, requestedWidth:720, requestedHeight:1612, transformHint:0, lastTransformHint:0, installOrientation:0, displayRotation:0, isSurfaceValid:true, attr.flag:-2121203456, useBlast:true, tmpFrames:ClientWindowFrames{frame=[0,0][720,1612] display=[0,0][720,1612] parentFrame=[0,0][720,1612]}
06-30 18:31:16.471  2598  2598 W VRI[Launcher]: updateBlastSurfaceIfNeeded, surfaceSize:Point(720, 1612), lastSurfaceSize:Point(720, 1612), format:-2, blastBufferQueue:android.graphics.BLASTBufferQueue@c0f899
06-30 18:31:16.471  1819  2636 D ActivityTaskManager: onStartingWindowDrawn: wasTaskVisible=true, mStartingData=com.android.server.wm.SplashScreenStartingData@5caf8b5, finishing=true,mLaunchedFromBubble=false, mVisibleRequested=false, mDisplayContent=Display{#0 state=ON size=720x1612 ROTATION_0}, isZoomMode=false
06-30 18:31:16.474  1819  1872 D ActivityTaskManager: onStartingWindowDrawn: wasTaskVisible=true, mStartingData=com.android.server.wm.SplashScreenStartingData@5caf8b5, finishing=true,mLaunchedFromBubble=false, mVisibleRequested=false, mDisplayContent=Display{#0 state=ON size=720x1612 ROTATION_0}, isZoomMode=false
06-30 18:31:16.474  2598  2598 W VRI[Launcher]: handleResized, msg:5, frameChanged:false, configChanged:false, displayChanged:false, attachedFrameChanged:false, compatScaleChanged:false, pendingDragResizing=false
06-30 18:31:16.479  1819  1872 D ActivityTaskManager: onStartingWindowDrawn: wasTaskVisible=true, mStartingData=com.android.server.wm.SplashScreenStartingData@5caf8b5, finishing=true,mLaunchedFromBubble=false, mVisibleRequested=false, mDisplayContent=Display{#0 state=ON size=720x1612 ROTATION_0}, isZoomMode=false
06-30 18:31:16.480  2598  2598 D VRI[Launcher]: relayoutWindow result, sizeChanged:false, surfaceControlChanged:false, transformHintChanged:false, mSurfaceSize:Point(720, 1612), mLastSurfaceSize:Point(720, 1612), mWidth:720, mHeight:1612, requestedWidth:720, requestedHeight:1612, transformHint:0, lastTransformHint:0, installOrientation:0, displayRotation:0, isSurfaceValid:true, attr.flag:-2121203456, useBlast:true, tmpFrames:ClientWindowFrames{frame=[0,0][720,1612] display=[0,0][720,1612] parentFrame=[0,0][720,1612]}
06-30 18:31:16.480  1819  2683 D OplusAppSwitchListener: Detect com.android.launcher switch to foreground
06-30 18:31:16.480  2598  2598 W VRI[Launcher]: updateBlastSurfaceIfNeeded, surfaceSize:Point(720, 1612), lastSurfaceSize:Point(720, 1612), format:-2, blastBufferQueue:android.graphics.BLASTBufferQueue@c0f899
06-30 18:31:16.482  1819  2137 D ORBrightnessMarvelsDataCollector: Runnable-MarvelsAppEnterInfo[2025-06-30 18:31:16,com.android.launcher,11.921364]
06-30 18:31:16.485  1819  5764 D WindowManagerServiceExtImpl: extractConfigInfoAndRealFlags rotation=0, screenDp=360, win=Window{6eea764 u0 com.android.launcher/com.android.launcher.Launcher}
06-30 18:31:16.486  1819  5764 V WindowManager: Relayout Window{6eea764 u0 com.android.launcher/com.android.launcher.Launcher}: viewVisibility=0, oldvis=0, req=720x1612, vsysui=LAYOUT_STABLE LAYOUT_HIDE_NAVIGATION LAYOUT_FULLSCREEN LIGHT_STATUS_BAR LIGHT_NAVIGATION_BAR
06-30 18:31:16.486  1819  2683 D OplusEapManager: mTargetEnterName :com.android.launcher
06-30 18:31:16.487  1819  2683 D VRR [OPlusFrontAppManager]: OnAppSwitchObserver: onAppEnter , info.targetName = com.android.launcher
06-30 18:31:16.487  1819  1922 D VRR [OPlusRefreshRateService]: handleFrontAppChange pkgName: com.android.launcher
06-30 18:31:16.492  1819  5764 D ActivityTaskManager: onStartingWindowDrawn: wasTaskVisible=true, mStartingData=com.android.server.wm.SplashScreenStartingData@5caf8b5, finishing=true,mLaunchedFromBubble=false, mVisibleRequested=false, mDisplayContent=Display{#0 state=ON size=720x1612 ROTATION_0}, isZoomMode=false
06-30 18:31:16.499  1819  5764 D WindowManagerServiceExtImpl: extractConfigInfoAndRealFlags rotation=0, screenDp=360, win=Window{6eea764 u0 com.android.launcher/com.android.launcher.Launcher}
06-30 18:31:16.500  1819  5764 V WindowManager: Relayout Window{6eea764 u0 com.android.launcher/com.android.launcher.Launcher}: viewVisibility=0, oldvis=0, req=720x1612, vsysui=LAYOUT_STABLE LAYOUT_HIDE_NAVIGATION LAYOUT_FULLSCREEN LIGHT_STATUS_BAR LIGHT_NAVIGATION_BAR
06-30 18:31:16.505  1819  5764 D ActivityTaskManager: onStartingWindowDrawn: wasTaskVisible=true, mStartingData=com.android.server.wm.SplashScreenStartingData@5caf8b5, finishing=true,mLaunchedFromBubble=false, mVisibleRequested=false, mDisplayContent=Display{#0 state=ON size=720x1612 ROTATION_0}, isZoomMode=false
06-30 18:31:16.511  1819  1948 D InputMethodManagerService: isSecurity: attribute.packageName = com.android.launcher mCurMethodId = com.google.android.inputmethod.latin/com.android.inputmethod.latin.LatinIME isSecurity = false ( enable = false needShow = false inBlackList = false isExist = false )
06-30 18:31:16.511  1819  1872 D ActivityTaskManager: onStartingWindowDrawn: wasTaskVisible=true, mStartingData=com.android.server.wm.SplashScreenStartingData@5caf8b5, finishing=true,mLaunchedFromBubble=false, mVisibleRequested=false, mDisplayContent=Display{#0 state=ON size=720x1612 ROTATION_0}, isZoomMode=false
06-30 18:31:16.514  1819  5764 D OplusTransitionController: onSyncFinishedDrawing, Window{6eea764 u0 com.android.launcher/com.android.launcher.Launcher}
06-30 18:31:16.515  1819  5764 I WindowManager: finishDrawing skipLayout:false Window{6eea764 u0 com.android.launcher/com.android.launcher.Launcher} com.android.server.wm.WindowManagerService.finishDrawingWindow:2972 com.android.server.wm.Session.finishDrawing:311 android.view.IWindowSession$Stub.onTransact:779 
