06-30 18:29:55.564  1819  1949 D OplusAppListInterceptManager: shouldFilterTask
06-30 18:29:55.564  1819  1949 D OplusAppListInterceptManager: shouldFilterTask::packageName = com.whatsapp.w4b
06-30 18:29:55.564  1819  1949 D OplusAppListInterceptManager: shouldFilterTask
06-30 18:29:55.564  1819  1949 D OplusAppListInterceptManager: shouldFilterTask::packageName = com.android.chrome
06-30 18:29:55.565  1819  1949 D OplusAppListInterceptManager: shouldFilterTask
06-30 18:29:55.565  1819  1949 D OplusAppListInterceptManager: shouldFilterTask::packageName = com.google.android.googlequicksearchbox
06-30 18:29:55.565  1819  1949 D OplusAppListInterceptManager: shouldFilterTask
06-30 18:29:55.565  1819  1949 D OplusAppListInterceptManager: shouldFilterTask::packageName = com.google.android.googlequicksearchbox
06-30 18:29:55.565  1819  1949 D OplusAppListInterceptManager: shouldFilterTask
06-30 18:29:55.565  1819  1949 D OplusAppListInterceptManager: shouldFilterTask::packageName = com.google.android.youtube
06-30 18:29:55.565  1819  1949 D OplusAppListInterceptManager: shouldFilterTask
06-30 18:29:55.565  1819  1949 D OplusAppListInterceptManager: shouldFilterTask::packageName = org.chromium.webapk.a6167574711f2ae2d_v2
06-30 18:29:55.565  1819  1949 D OplusAppListInterceptManager: shouldFilterTask
06-30 18:29:55.565  1819  1949 D OplusAppListInterceptManager: shouldFilterTask::packageName = com.bca.mybca.omni.android
06-30 18:29:55.565  1819  1949 D OplusAppListInterceptManager: shouldFilterTask
06-30 18:29:55.565  1819  1949 D OplusAppListInterceptManager: shouldFilterTask::packageName = com.google.android.apps.docs
06-30 18:29:55.565  1819  1949 D OplusAppListInterceptManager: shouldFilterTask
06-30 18:29:55.565  1819  1949 D OplusAppListInterceptManager: shouldFilterTask::packageName = com.google.android.gm
06-30 18:29:55.566  1819  1949 D ActivityTaskManager: after skip size 10
06-30 18:29:55.574  1819  1949 W WindowManager: Failed looking up window session=Session{8a7553e 25821:u0a10182} callers=com.android.server.wm.WindowManagerService.windowForClientLocked:6484 com.android.server.wm.Session.setOnBackInvokedCallbackInfo:968 android.view.IWindowSession$Stub.onTransact:1155 
06-30 18:29:55.574  1819  1949 I WindowManager: setOnBackInvokedCallback(): No window state for package:com.android.systemui
06-30 18:29:55.575  1819  3096 W WindowManager: Failed looking up window session=Session{8a7553e 25821:u0a10182} callers=com.android.server.wm.WindowManagerService.windowForClientLocked:6484 com.android.server.wm.WindowManagerService.removeWindow:2119 com.android.server.wm.Session.remove:241 
06-30 18:29:55.582  1819  3096 D ActivityTaskManager: Skipping, invisible task: Task{9746a73 #5 type=home I=com.android.launcher/.Launcher}
06-30 18:29:55.582  1819  3096 D OplusAppListInterceptManager: shouldFilterTask
06-30 18:29:55.582  1819  3096 D OplusAppListInterceptManager: shouldFilterTask::packageName = com.example.crashcourse
06-30 18:29:55.583  1819  3096 D ActivityTaskManager: Skipping, invisible task: Task{5bc737e #4141 type=standard A=10368:com.whatsapp.w4b:voip}
06-30 18:29:55.583  1819  3096 D OplusAppListInterceptManager: shouldFilterTask
06-30 18:29:55.583  1819  3096 D OplusAppListInterceptManager: shouldFilterTask::packageName = com.whatsapp.w4b
06-30 18:29:55.583  1819  3096 D OplusAppListInterceptManager: shouldFilterTask
06-30 18:29:55.583  1819  3096 D OplusAppListInterceptManager: shouldFilterTask::packageName = com.android.chrome
06-30 18:29:55.583  1819  3096 D OplusAppListInterceptManager: shouldFilterTask
06-30 18:29:55.584  1819  3096 D OplusAppListInterceptManager: shouldFilterTask::packageName = com.google.android.googlequicksearchbox
06-30 18:29:55.584  1819  3096 D OplusAppListInterceptManager: shouldFilterTask
06-30 18:29:55.584  1819  3096 D OplusAppListInterceptManager: shouldFilterTask::packageName = com.google.android.googlequicksearchbox
06-30 18:29:55.584  1819  3096 D OplusAppListInterceptManager: shouldFilterTask
06-30 18:29:55.584  1819  3096 D OplusAppListInterceptManager: shouldFilterTask::packageName = com.google.android.youtube
06-30 18:29:55.584  1819  3096 D OplusAppListInterceptManager: shouldFilterTask
06-30 18:29:55.584  1819  3096 D OplusAppListInterceptManager: shouldFilterTask::packageName = org.chromium.webapk.a6167574711f2ae2d_v2
06-30 18:29:55.585  1819  3096 D OplusAppListInterceptManager: shouldFilterTask
06-30 18:29:55.585  1819  3096 D OplusAppListInterceptManager: shouldFilterTask::packageName = com.bca.mybca.omni.android
06-30 18:29:55.585  1819  3096 D OplusAppListInterceptManager: shouldFilterTask
06-30 18:29:55.585  1819  3096 D OplusAppListInterceptManager: shouldFilterTask::packageName = com.google.android.apps.docs
06-30 18:29:55.585  1819  3096 D OplusAppListInterceptManager: shouldFilterTask
06-30 18:29:55.585  1819  3096 D OplusAppListInterceptManager: shouldFilterTask::packageName = com.google.android.gm
06-30 18:29:55.586  1819  3096 D ActivityTaskManager: after skip size 10
06-30 18:29:56.420  1819  1970 W JobScheduler.JobStatus: Exempted app com.oplus.cota considered buggy
06-30 18:29:56.429  1819  1970 W JobScheduler.JobStatus: Exempted app com.oplus.cota considered buggy
06-30 18:29:57.949  1819  1970 D CompatibilityChangeReporter: Compat change id reported: 265195908; UID 10148; state: ENABLED
06-30 18:29:58.015  1819  1917 I OplusSmartBrightnessController: deltaLux = 0.6181965, scale = 1.6428244
06-30 18:29:58.016  1819  1919 D OplusSmartBrightnessController: handleMessage MSG_LUX_CHANGED, mLux:11.623699 luxQueue=[11.0, 11.0, 11.0, 12.0, 10.0, 12.0, 12.0, 11.0, 12.0, 12.0, 11.0]
06-30 18:29:58.305  1819  1919 D OplusFeatureHDREnhanceBrightness: checkIsPlayingHDR isPlayingHDR=0 rotation=0 whiteApp=false battery=16
06-30 18:29:58.321  1819  1895 D CompatibilityChangeReporter: Compat change id reported: 135634846; UID 10162; state: DISABLED
06-30 18:29:58.322  1819  1895 D CompatibilityChangeReporter: Compat change id reported: 177438394; UID 10162; state: DISABLED
06-30 18:29:58.322  1819  1895 D CompatibilityChangeReporter: Compat change id reported: 135772972; UID 10162; state: DISABLED
06-30 18:29:58.322  1819  1895 D CompatibilityChangeReporter: Compat change id reported: 135754954; UID 10162; state: ENABLED
06-30 18:29:58.324  1819  1896 D CompatibilityChangeReporter: Compat change id reported: 143937733; UID 10162; state: ENABLED
06-30 18:29:58.348  1819  1896 I ActivityManager: Start proc 29568:com.coloros.weather2/u0a162 for service {com.coloros.weather2/com.oplus.weather.service.WarnService}
06-30 18:29:58.408  1819  3096 D CompatibilityChangeReporter: Compat change id reported: 168419799; UID 10162; state: DISABLED
06-30 18:29:58.408  1819  3096 D CompatibilityChangeReporter: Compat change id reported: 273564678; UID 10162; state: DISABLED
06-30 18:29:58.408  1819  3096 D ActivityTaskManagerServiceExtImpl: preBindApplication record is null
06-30 18:29:58.417  1819  1970 D CompatibilityChangeReporter: Compat change id reported: 265195908; UID 10162; state: ENABLED
06-30 18:29:58.421  1819  1870 D OplusInterceptLockScreenWindow: starting IOplusLockScreenCallbacks service...
06-30 18:29:58.457  1819  3096 D CompatibilityChangeReporter: Compat change id reported: 170503758; UID 10162; state: ENABLED
06-30 18:29:58.777 29568 29568 D ResourcesManagerExtImpl: applyConfigurationToAppResourcesLocked app.getDisplayId() return callback.displayId:-1
06-30 18:29:58.882  1819  1948 D CompatibilityChangeReporter: Compat change id reported: 261072174; UID 10162; state: ENABLED
06-30 18:29:59.006  1819  1991 V AlarmManager: sending alarm Alarm{4d6b4f6 type 3 origWhen 15945900 whenElapsed 15945900 com.oplus.nhs} uid 1001 whenElapsed 15945900 windowLength 225000 maxWhenElapsed 16170900 repeatInterval 300000 action oplus.intent.action.INTERNAL_LOOP_UPDATE_ACTIVITYINFO_ALARM component ComponentInfo{com.oplus.nhs/com.oplus.nhs.pwr.ModemAci.ModemAciAlarmReceiver} flags 0x8 procName com.oplus.nhs
06-30 18:29:59.014  1819  1991 V AlarmManager: sending alarm Alarm{8744b64 type 3 origWhen 16089684 whenElapsed 16089684 android} uid 1000 whenElapsed 16089684 windowLength 7623 maxWhenElapsed 16097307 repeatInterval 0 action null component null tag *job.delay* flags 0x0 procName system_server
06-30 18:29:59.015  1819  1991 V AlarmManager: sending alarm Alarm{bd4c1cd type 3 origWhen 16089831 whenElapsed 16089831 com.google.android.gms} uid 10104 whenElapsed 16089831 windowLength 0 maxWhenElapsed 16089831 repeatInterval 0 action com.google.android.gms.gcm.ACTION_CHECK_QUEUE component ComponentInfo{com.google.android.gms/com.google.android.gms.gcm.nts.SchedulerInternalReceiver} flags 0x0 procName com.google.android.gms.persistent
06-30 18:29:59.040  1819  1948 D CompatibilityChangeReporter: Compat change id reported: 161145287; UID 10104; state: ENABLED
06-30 18:29:59.051 29568 29583 E ActivityThread: Failed to find provider info for com.oplus.cardservice.repository.provider.CardServiceServerProvider
06-30 18:29:59.081 29568 29583 E ActivityThread: Failed to find provider info for com.oplus.cardservice.repository.provider.CardServiceServerProvider
06-30 18:29:59.177  1819  3096 W PackageManager: package com.coloros.weather2 uid 10162 pid 29568 call SetEnabledSetting(com.coloros.weather2 component = androidx.work.impl.background.systemjob.SystemJobService, 1, 0)
06-30 18:29:59.184  1819  3096 D CompatibilityChangeReporter: Compat change id reported: 201794303; UID 10104; state: ENABLED
06-30 18:29:59.189  1819  3096 D CompatibilityChangeReporter: Compat change id reported: 207133734; UID 10104; state: ENABLED
06-30 18:29:59.199 29568 29583 E ActivityThread: Failed to find provider info for com.oplus.cardservice.repository.provider.CardServiceServerProvider
06-30 18:29:59.217  1819  1919 D OplusSmartBrightnessController: handleMessage MSG_LUX_CHANGED, mLux:12.0 luxQueue=[12.0, 12.0, 12.0, 12.0, 12.0]
06-30 18:29:59.350  1819  5784 D CompatibilityChangeReporter: Compat change id reported: 161145287; UID 10162; state: ENABLED
06-30 18:29:59.372  1819  1948 I ActivityManager: Flag disabled. Ignoring finishAttachApplication from uid: 10162. pid: 29568
06-30 18:29:59.401  1819  5784 D VRR [OPlusExternalRefreshRateManager]: isPkgTfcEnable: pkgName = com.coloros.weather2, enable = false
06-30 18:29:59.401  1819  5784 D VRR [OPlusExternalRefreshRateManager]: getTfcMinFramerate: pkgName = com.coloros.weather2, min framerate = 0
06-30 18:29:59.411  1819  1948 D CompatibilityChangeReporter: Compat change id reported: 135634846; UID 10161; state: DISABLED
06-30 18:29:59.411  1819  1948 D CompatibilityChangeReporter: Compat change id reported: 177438394; UID 10161; state: DISABLED
06-30 18:29:59.411  1819  1948 D CompatibilityChangeReporter: Compat change id reported: 135772972; UID 10161; state: DISABLED
06-30 18:29:59.412  1819  1948 D CompatibilityChangeReporter: Compat change id reported: 135754954; UID 10161; state: ENABLED
06-30 18:29:59.413  1819  1896 D CompatibilityChangeReporter: Compat change id reported: 143937733; UID 10161; state: ENABLED
06-30 18:29:59.437  1819  1896 I ActivityManager: Start proc 29635:com.coloros.weather.service/u0a161 for content provider {com.coloros.weather.service/com.oplus.weather.provider.OPWeatherProvider}
06-30 18:29:59.467  1819  1896 W ContextImpl: Calling a method in the system process without a qualified user: android.app.ContextImpl.sendBroadcast:1232 com.android.server.am.OplusAppStartupConfig.sendAbnormalNotify:1623 com.android.server.am.OplusAppStartupConfig.notifyAbnormalInfo:1556 com.android.server.am.OplusAppStartupManager.handleStartAppInfo:5142 com.android.server.am.ProcessListExtImpl.hookHandleProcessStart:239 
06-30 18:29:59.490  1819  1948 D CompatibilityChangeReporter: Compat change id reported: 161252188; UID 10104; state: DISABLED
06-30 18:29:59.506  1819  5767 D CompatibilityChangeReporter: Compat change id reported: 168419799; UID 10161; state: DISABLED
06-30 18:29:59.506  1819  5767 D CompatibilityChangeReporter: Compat change id reported: 273564678; UID 10161; state: DISABLED
06-30 18:29:59.507  1819  5767 D ActivityTaskManagerServiceExtImpl: preBindApplication record is null
06-30 18:29:59.518  1819  5784 D CompatibilityChangeReporter: Compat change id reported: 161252188; UID 10100; state: DISABLED
06-30 18:29:59.519  1819  1970 D CompatibilityChangeReporter: Compat change id reported: 265195908; UID 10161; state: ENABLED
06-30 18:29:59.522  1819  5784 D CompatibilityChangeReporter: Compat change id reported: 135634846; UID 10100; state: DISABLED
06-30 18:29:59.522  1819  5784 D CompatibilityChangeReporter: Compat change id reported: 177438394; UID 10100; state: DISABLED
06-30 18:29:59.522  1819  5784 D CompatibilityChangeReporter: Compat change id reported: 135772972; UID 10100; state: DISABLED
06-30 18:29:59.522  1819  5784 D CompatibilityChangeReporter: Compat change id reported: 135754954; UID 10100; state: ENABLED
06-30 18:29:59.525  1819  1896 D CompatibilityChangeReporter: Compat change id reported: 143937733; UID 10100; state: ENABLED
06-30 18:29:59.545  1819  1896 I ActivityManager: Start proc 29654:com.android.vending/u0a100 for service {com.android.vending/com.google.android.finsky.developergroupidinfo.DeveloperGroupIdInfoService}
06-30 18:29:59.563  1819  5784 D CompatibilityChangeReporter: Compat change id reported: 170503758; UID 10161; state: ENABLED
06-30 18:29:59.614  1819  5770 D CompatibilityChangeReporter: Compat change id reported: 168419799; UID 10100; state: DISABLED
06-30 18:29:59.615  1819  5770 D CompatibilityChangeReporter: Compat change id reported: 273564678; UID 10100; state: DISABLED
06-30 18:29:59.616  1819  5770 D ActivityTaskManagerServiceExtImpl: preBindApplication record is null
06-30 18:29:59.619  1819  5770 W ProcessStats: Tracking association SourceState{740272a com.google.android.gms/10104 BFgs #69434} whose proc state 4 is better than process ProcessState{e0aa00e com.android.vending/10100 pkg=com.android.vending} proc state 9 (5 skipped)
06-30 18:29:59.621  1819  1970 D CompatibilityChangeReporter: Compat change id reported: 265195908; UID 10100; state: ENABLED
06-30 18:29:59.627  1819  1895 D CompatibilityChangeReporter: Compat change id reported: 135634846; UID 10262; state: DISABLED
06-30 18:29:59.627  1819  1895 D CompatibilityChangeReporter: Compat change id reported: 177438394; UID 10262; state: DISABLED
06-30 18:29:59.627  1819  1895 D CompatibilityChangeReporter: Compat change id reported: 135772972; UID 10262; state: DISABLED
06-30 18:29:59.628  1819  1895 D CompatibilityChangeReporter: Compat change id reported: 135754954; UID 10262; state: ENABLED
06-30 18:29:59.629  1819  1896 D CompatibilityChangeReporter: Compat change id reported: 143937733; UID 10262; state: ENABLED
06-30 18:29:59.635  1819  1895 D CompatibilityChangeReporter: Compat change id reported: 135634846; UID 10206; state: DISABLED
06-30 18:29:59.635  1819  1895 D CompatibilityChangeReporter: Compat change id reported: 177438394; UID 10206; state: DISABLED
06-30 18:29:59.635  1819  1895 D CompatibilityChangeReporter: Compat change id reported: 135772972; UID 10206; state: DISABLED
06-30 18:29:59.635  1819  1895 D CompatibilityChangeReporter: Compat change id reported: 135754954; UID 10206; state: ENABLED
06-30 18:29:59.637  1819  1895 D CompatibilityChangeReporter: Compat change id reported: 135634846; UID 10360; state: DISABLED
06-30 18:29:59.638  1819  1895 D CompatibilityChangeReporter: Compat change id reported: 177438394; UID 10360; state: DISABLED
06-30 18:29:59.638  1819  5784 D CompatibilityChangeReporter: Compat change id reported: 170503758; UID 10100; state: ENABLED
06-30 18:29:59.638  1819  1895 D CompatibilityChangeReporter: Compat change id reported: 135772972; UID 10360; state: DISABLED
06-30 18:29:59.638  1819  1895 D CompatibilityChangeReporter: Compat change id reported: 135754954; UID 10360; state: ENABLED
06-30 18:29:59.642  1819  1895 D CompatibilityChangeReporter: Compat change id reported: 135634846; UID 10098; state: DISABLED
06-30 18:29:59.642  1819  1895 D CompatibilityChangeReporter: Compat change id reported: 177438394; UID 10098; state: DISABLED
06-30 18:29:59.642  1819  1895 D CompatibilityChangeReporter: Compat change id reported: 135772972; UID 10098; state: DISABLED
06-30 18:29:59.642  1819  1895 D CompatibilityChangeReporter: Compat change id reported: 135754954; UID 10098; state: ENABLED
06-30 18:29:59.646  1819  1895 D CompatibilityChangeReporter: Compat change id reported: 135634846; UID 10140; state: DISABLED
06-30 18:29:59.646  1819  1895 D CompatibilityChangeReporter: Compat change id reported: 177438394; UID 10140; state: DISABLED
06-30 18:29:59.647  1819  1895 D CompatibilityChangeReporter: Compat change id reported: 135772972; UID 10140; state: DISABLED
06-30 18:29:59.647  1819  1895 D CompatibilityChangeReporter: Compat change id reported: 135754954; UID 10140; state: ENABLED
06-30 18:29:59.654  1819  1896 I ActivityManager: Start proc 29668:com.google.android.apps.chromecast.app/u0a262 for service {com.google.android.apps.chromecast.app/com.google.android.apps.chromecast.app.systemcontrol.HomeControlService}
06-30 18:29:59.654  1819  1896 D CompatibilityChangeReporter: Compat change id reported: 143937733; UID 10206; state: ENABLED
06-30 18:29:59.656 29635 29635 D ResourcesManagerExtImpl: applyConfigurationToAppResourcesLocked app.getDisplayId() return callback.displayId:-1
06-30 18:29:59.673  1819  1896 I ActivityManager: Start proc 29670:com.facebook.services/u0a206 for service {com.facebook.services/com.facebook.oxygen.services.fbns.PreloadedFbnsService}
06-30 18:29:59.674  1819  1896 D CompatibilityChangeReporter: Compat change id reported: 143937733; UID 10360; state: ENABLED
06-30 18:29:59.687  1819  1896 I ActivityManager: Start proc 29674:com.UCMobile.intl:resident/u0a360 for service {com.UCMobile.intl/com.uc.browser.multiprocess.resident.ResidentIpcService}
06-30 18:29:59.688  1819  1896 W ActivityManager: Slow operation: 51ms so far, now at startProcess: done updating pids map
06-30 18:29:59.688  1819  1896 D CompatibilityChangeReporter: Compat change id reported: 143937733; UID 10098; state: ENABLED
06-30 18:29:59.707  1819  1896 W ActivityManager: Slow operation: 67ms so far, now at startProcess: returned from zygote!
06-30 18:29:59.707  1819  1896 W ActivityManager: Slow operation: 67ms so far, now at startProcess: done updating battery stats
06-30 18:29:59.707  1819  1896 W ActivityManager: Slow operation: 67ms so far, now at startProcess: building log message
06-30 18:29:59.707  1819  1896 I ActivityManager: Start proc 29681:com.oplus.cota/u0a98 for service {com.oplus.cota/com.oplus.cota.statistics.ReportEventJobService}
06-30 18:29:59.707  1819  1896 W ActivityManager: Slow operation: 67ms so far, now at startProcess: starting to update pids map
06-30 18:29:59.708  1819  1896 W ActivityManager: Slow operation: 68ms so far, now at startProcess: done updating pids map
06-30 18:29:59.708  1819  1896 W ActivityManager: Slow operation: 63ms so far, now at startProcess: asking zygote to start proc
06-30 18:29:59.708  1819  1896 D CompatibilityChangeReporter: Compat change id reported: 143937733; UID 10140; state: ENABLED
06-30 18:29:59.739  1819  1948 D CompatibilityChangeReporter: Compat change id reported: 168419799; UID 10262; state: DISABLED
06-30 18:29:59.739  1819  1948 D CompatibilityChangeReporter: Compat change id reported: 273564678; UID 10262; state: DISABLED
06-30 18:29:59.740  1819  1948 D ActivityTaskManagerServiceExtImpl: preBindApplication record is null
06-30 18:29:59.741  1819  1896 W ActivityManager: Slow operation: 96ms so far, now at startProcess: returned from zygote!
06-30 18:29:59.751  1819  1896 W ActivityManager: Slow operation: 106ms so far, now at startProcess: done updating battery stats
06-30 18:29:59.751  1819  1896 W ActivityManager: Slow operation: 106ms so far, now at startProcess: building log message
06-30 18:29:59.751  1819  1896 I ActivityManager: Start proc 29685:com.oplus.cosa/u0a140 for service {com.oplus.cosa/com.oplus.cosa.gamemanagersdk.CosaGameSdkService}
06-30 18:29:59.751  1819  1896 W ActivityManager: Slow operation: 106ms so far, now at startProcess: starting to update pids map
06-30 18:29:59.751  1819  1896 W ActivityManager: Slow operation: 106ms so far, now at startProcess: done updating pids map
06-30 18:29:59.757  1819  1970 D CompatibilityChangeReporter: Compat change id reported: 265195908; UID 10262; state: ENABLED
06-30 18:29:59.785  1819  5784 D CompatibilityChangeReporter: Compat change id reported: 319212206; UID 10161; state: ENABLED
06-30 18:29:59.788  1819  5784 D CompatibilityChangeReporter: Compat change id reported: 161145287; UID 10161; state: ENABLED
06-30 18:29:59.793  1819  5770 D CompatibilityChangeReporter: Compat change id reported: 168419799; UID 10098; state: DISABLED
06-30 18:29:59.794  1819  5770 D CompatibilityChangeReporter: Compat change id reported: 273564678; UID 10098; state: DISABLED
06-30 18:29:59.795  1819  5770 D ActivityTaskManagerServiceExtImpl: preBindApplication record is null
06-30 18:29:59.807  1819  1970 D CompatibilityChangeReporter: Compat change id reported: 265195908; UID 10098; state: ENABLED
06-30 18:29:59.807  1819  1970 W JobScheduler.JobStatus: Exempted app com.oplus.cota considered buggy
06-30 18:29:59.807  1819  1970 W JobScheduler.JobStatus: Exempted app com.oplus.cota considered buggy
06-30 18:29:59.810  1819  1948 D CompatibilityChangeReporter: Compat change id reported: 168419799; UID 10206; state: DISABLED
06-30 18:29:59.810  1819  1948 D CompatibilityChangeReporter: Compat change id reported: 273564678; UID 10206; state: DISABLED
06-30 18:29:59.812  1819  1948 D ActivityTaskManagerServiceExtImpl: preBindApplication record is null
06-30 18:29:59.817  1819  1970 W JobScheduler.JobStatus: Exempted app com.oplus.cota considered buggy
06-30 18:29:59.818  1819  1970 D CompatibilityChangeReporter: Compat change id reported: 265195908; UID 10206; state: ENABLED
06-30 18:29:59.818  1819  1970 W JobScheduler.JobStatus: Exempted app com.oplus.cota considered buggy
06-30 18:29:59.825  1819  5767 D CompatibilityChangeReporter: Compat change id reported: 168419799; UID 10360; state: DISABLED
06-30 18:29:59.828  1819  1948 D CompatibilityChangeReporter: Compat change id reported: 170503758; UID 10262; state: ENABLED
06-30 18:29:59.830  1819  5767 D CompatibilityChangeReporter: Compat change id reported: 273564678; UID 10360; state: DISABLED
06-30 18:29:59.832  1819  5767 D ActivityTaskManagerServiceExtImpl: preBindApplication record is null
06-30 18:29:59.838  1819  1970 D CompatibilityChangeReporter: Compat change id reported: 265195908; UID 10360; state: ENABLED
06-30 18:29:59.841  1819  5770 I ActivityManager: Flag disabled. Ignoring finishAttachApplication from uid: 10161. pid: 29635
06-30 18:29:59.843  1819  1949 D CompatibilityChangeReporter: Compat change id reported: 168419799; UID 10140; state: DISABLED
06-30 18:29:59.844  1819  1949 D CompatibilityChangeReporter: Compat change id reported: 273564678; UID 10140; state: DISABLED
06-30 18:29:59.844  1819  1949 D ActivityTaskManagerServiceExtImpl: preBindApplication record is null
06-30 18:29:59.851  1819  1970 D CompatibilityChangeReporter: Compat change id reported: 265195908; UID 10140; state: ENABLED
06-30 18:29:59.883  1819  1949 D CompatibilityChangeReporter: Compat change id reported: 170503758; UID 10206; state: ENABLED
06-30 18:29:59.900  1819  5770 D CompatibilityChangeReporter: Compat change id reported: 170503758; UID 10140; state: ENABLED
06-30 18:29:59.909  1819  1948 D CompatibilityChangeReporter: Compat change id reported: 170503758; UID 10098; state: ENABLED
06-30 18:29:59.918  1819  5784 D CompatibilityChangeReporter: Compat change id reported: 170503758; UID 10360; state: ENABLED
06-30 18:29:59.923 29654 29654 D ResourcesManagerExtImpl: applyConfigurationToAppResourcesLocked app.getDisplayId() return callback.displayId:-1
06-30 18:30:00.001  1819  1991 V AlarmManager: sending alarm Alarm{e6755a type 3 origWhen 16090831 whenElapsed 16090831 android} uid 1000 whenElapsed 16090831 windowLength 0 maxWhenElapsed 16090831 repeatInterval 0 action null component null tag TIME_TICK flags 0x9 procName system_server
06-30 18:30:00.032  1819  1991 V AlarmManager: sending alarm Alarm{6068d26 type 1 origWhen 1751283000000 whenElapsed 16090831 com.oplus.battery} uid 1000 whenElapsed 16090831 windowLength 0 maxWhenElapsed 16090831 repeatInterval 0 action save_battery_stats_action component ComponentInfo{com.oplus.battery/com.oplus.powermanager.powercurve.SaveBatteryStatsReceiver} flags 0x9 procName com.oplus.battery
06-30 18:30:00.056 29681 29681 D ResourcesManagerExtImpl: applyConfigurationToAppResourcesLocked app.getDisplayId() return callback.displayId:-1
06-30 18:30:00.126 29685 29685 D ResourcesManagerExtImpl: applyConfigurationToAppResourcesLocked app.getDisplayId() return callback.displayId:-1
06-30 18:30:00.134  1819  3586 I ActivityManager: Process com.oplus.cota (pid 29681) has died: fg  TRNB
06-30 18:30:00.138  1819  5784 E OplusCustomizeRestrictionManagerService: isBiometricDisabled start
06-30 18:30:00.142  1819  1868 D DisplayManagerService: Drop pending events for gone uid 10098
06-30 18:30:00.219  1819  1948 W PackageManager: package com.oplus.cosa uid 10140 pid 29685 call SetEnabledSetting(com.oplus.cosa component = androidx.work.impl.background.systemjob.SystemJobService, 1, 0)
06-30 18:30:00.222 29670 29670 D ResourcesManagerExtImpl: applyConfigurationToAppResourcesLocked app.getDisplayId() return callback.displayId:-1
06-30 18:30:00.273  1819  1949 D CompatibilityChangeReporter: Compat change id reported: 171306433; UID 1000; state: ENABLED
06-30 18:30:00.273  1819  1949 D CompatibilityChangeReporter: Compat change id reported: 218533173; UID 1000; state: ENABLED
06-30 18:30:00.297  1819  1949 D CompatibilityChangeReporter: Compat change id reported: 161145287; UID 10206; state: ENABLED
06-30 18:30:00.321  1819  2074 W JobScheduler.JobStatus: Exempted app com.oplus.cota considered buggy
06-30 18:30:00.322  1819  2074 D CompatibilityChangeReporter: Compat change id reported: 271850009; UID 10098; state: ENABLED
06-30 18:30:00.322  1819  2074 W JobScheduler.JobStatus: Exempted app com.oplus.cota considered buggy
06-30 18:30:00.322  1819  2074 W JobServiceContext: Sending onNetworkChanged for a job that isn't started. JobStatus{ee19ee4 #u0a98/20200513 com.oplus.cota/.statistics.ReportEventJobService u=0 s=10098 TIME=-16s940ms:none NET PERSISTED failures=3 READY}
06-30 18:30:00.326  1819  3039 I ActivityManager: Flag disabled. Ignoring finishAttachApplication from uid: 10140. pid: 29685
06-30 18:30:00.327  1819  1949 I ActivityManager: Flag disabled. Ignoring finishAttachApplication from uid: 10206. pid: 29670
06-30 18:30:00.358  1819  1948 W PackageManager: package com.facebook.services uid 10206 pid 29670 call SetEnabledSetting(com.facebook.services component = com.facebook.oxygen.services.helium.trampoline.HeliumSandboxedService, 1, 0)
06-30 18:30:00.360  1819  1948 W PackageManager: package com.facebook.services uid 10206 pid 29670 call SetEnabledSetting(com.facebook.services component = com.facebook.oxygen.services.helium.trampoline.HeliumSandboxedService0, 1, 0)
06-30 18:30:00.361  1819  1948 W PackageManager: package com.facebook.services uid 10206 pid 29670 call SetEnabledSetting(com.facebook.services component = com.facebook.oxygen.services.helium.trampoline.HeliumSandboxedService1, 1, 0)
06-30 18:30:00.377  1819  1948 D CompatibilityChangeReporter: Compat change id reported: 161145287; UID 10140; state: ENABLED
06-30 18:30:00.380 29668 29668 D ResourcesManagerExtImpl: applyConfigurationToAppResourcesLocked app.getDisplayId() return callback.displayId:-1
06-30 18:30:00.409  1819  1948 D CompatibilityChangeReporter: Compat change id reported: 271850009; UID 10206; state: ENABLED
06-30 18:30:00.409  1819  1948 D CompatibilityChangeReporter: Compat change id reported: 253665015; UID 10206; state: ENABLED
06-30 18:30:00.410  1819  1948 D CompatibilityChangeReporter: Compat change id reported: 194532703; UID 10206; state: ENABLED
06-30 18:30:00.433  1819  5770 D CompatibilityChangeReporter: Compat change id reported: 261072174; UID 10140; state: ENABLED
06-30 18:30:00.453  1819  1948 V WindowManager: Relayout Window{dc053b7 u0 OplusPrivacyIconTopLeft}: viewVisibility=8, oldvis=8, req=8x8, vsysui=LAYOUT_STABLE
06-30 18:30:00.477  1819  1948 V WindowManager: Relayout Window{e4c28fd u0 OplusPrivacyIconTopRight}: viewVisibility=0, oldvis=0, req=8x8, vsysui=LAYOUT_STABLE
06-30 18:30:00.553  1819  1948 D CompatibilityChangeReporter: Compat change id reported: 161145287; UID 10360; state: ENABLED
06-30 18:30:00.561 29685 29819 I MirageDisplayWindow: OplusActivityManager createMirageWindowSession
06-30 18:30:00.572  1819  1948 V OplusMiragerDisplaySession: add mUid: 10140 mPid: 29685 com.android.server.display.OplusMiragerDisplaySession@9986e22
06-30 18:30:00.579  1819  1948 D CompatibilityChangeReporter: Compat change id reported: 161145287; UID 10100; state: ENABLED
06-30 18:30:00.602  1819  5784 I GameManagerServiceExt-GameRemoteCallbackManager: setCosaCallback: android.os.BinderProxy@2b1a582
06-30 18:30:00.626  1819  1948 D VRR [OPlusExternalRefreshRateManager]: isPkgTfcEnable: pkgName = com.facebook.services, enable = false
06-30 18:30:00.626  1819  1948 D VRR [OPlusExternalRefreshRateManager]: getTfcMinFramerate: pkgName = com.facebook.services, min framerate = 0
06-30 18:30:00.696  1819  1948 D CompatibilityChangeReporter: Compat change id reported: 135634846; UID 10160; state: DISABLED
06-30 18:30:00.697  1819  1948 D CompatibilityChangeReporter: Compat change id reported: 177438394; UID 10160; state: DISABLED
06-30 18:30:00.697  1819  1948 D CompatibilityChangeReporter: Compat change id reported: 135772972; UID 10160; state: DISABLED
06-30 18:30:00.697  1819  1948 D CompatibilityChangeReporter: Compat change id reported: 135754954; UID 10160; state: ENABLED
06-30 18:30:00.698  1819  1896 D CompatibilityChangeReporter: Compat change id reported: 143937733; UID 10160; state: ENABLED
06-30 18:30:00.715  1819  1896 I ActivityManager: Start proc 29837:com.oplus.romupdate/u0a160 for content provider {com.oplus.romupdate/com.oplusos.romupdate.provider.RomUpdateProvider}
06-30 18:30:00.747  1819  5784 D CompatibilityChangeReporter: Compat change id reported: 261072174; UID 10262; state: ENABLED
06-30 18:30:00.783  1819  5784 D CompatibilityChangeReporter: Compat change id reported: 168419799; UID 10160; state: DISABLED
06-30 18:30:00.784  1819  5784 D CompatibilityChangeReporter: Compat change id reported: 273564678; UID 10160; state: DISABLED
06-30 18:30:00.784  1819  5784 D ActivityTaskManagerServiceExtImpl: preBindApplication record is null
06-30 18:30:00.786 29674 29674 I Quality : ActivityThread: makeApplication delay 457 com.UCMobile.intl 29674
06-30 18:30:00.788 29674 29674 D ResourcesManagerExtImpl: applyConfigurationToAppResourcesLocked app.getDisplayId() return callback.displayId:-1
06-30 18:30:00.792  1819  1949 D CompatibilityChangeReporter: Compat change id reported: 161145287; UID 10262; state: ENABLED
06-30 18:30:00.792  1819  1970 D CompatibilityChangeReporter: Compat change id reported: 265195908; UID 10160; state: ENABLED
06-30 18:30:00.795  1819  1870 D OplusInterceptLockScreenWindow: starting IOplusLockScreenCallbacks service...
06-30 18:30:00.815 29654 29654 I Quality : ActivityThread: callApplicationOnCreate delay 791 com.android.vending 29654
06-30 18:30:00.816  1819  1919 D OplusSmartBrightnessController: handleMessage MSG_LUX_CHANGED, mLux:13.805796 luxQueue=[13.0, 14.0, 14.0, 14.0, 14.0]
06-30 18:30:00.827  1819  5770 D CompatibilityChangeReporter: Compat change id reported: 135634846; UID 10104; state: DISABLED
06-30 18:30:00.827  1819  5770 D CompatibilityChangeReporter: Compat change id reported: 177438394; UID 10104; state: DISABLED
06-30 18:30:00.827  1819  5770 D CompatibilityChangeReporter: Compat change id reported: 135772972; UID 10104; state: DISABLED
06-30 18:30:00.827  1819  5770 D CompatibilityChangeReporter: Compat change id reported: 135754954; UID 10104; state: ENABLED
06-30 18:30:00.831  1819  1896 D CompatibilityChangeReporter: Compat change id reported: 143937733; UID 10104; state: ENABLED
06-30 18:30:00.832  1819  1948 I ActivityManager: Flag disabled. Ignoring finishAttachApplication from uid: 10100. pid: 29654
06-30 18:30:00.854  1819  5784 D CompatibilityChangeReporter: Compat change id reported: 170503758; UID 10160; state: ENABLED
06-30 18:30:00.870  1819  1948 W PackageManager: package com.android.vending uid 10100 pid 29654 call SetEnabledSetting(com.android.vending component = com.android.vending.AssetBrowserActivity, 1, 0)
06-30 18:30:00.877  1819  1896 W ActivityManager: Slow operation: 51ms so far, now at startProcess: done updating battery stats
06-30 18:30:00.877  1819  1896 W ActivityManager: Slow operation: 51ms so far, now at startProcess: building log message
06-30 18:30:00.877  1819  1896 I ActivityManager: Start proc 29864:com.google.process.gservices/u0a104 for content provider {com.google.android.gsf/com.google.android.gsf.gservices.GservicesProvider}
06-30 18:30:00.877  1819  1896 W ActivityManager: Slow operation: 51ms so far, now at startProcess: starting to update pids map
06-30 18:30:00.878  1819  1896 W ActivityManager: Slow operation: 52ms so far, now at startProcess: done updating pids map
06-30 18:30:00.931  1819  5770 D CompatibilityChangeReporter: Compat change id reported: 168419799; UID 10104; state: DISABLED
06-30 18:30:00.931  1819  5770 D CompatibilityChangeReporter: Compat change id reported: 273564678; UID 10104; state: DISABLED
06-30 18:30:00.934  1819  5770 D ActivityTaskManagerServiceExtImpl: preBindApplication record is null
06-30 18:30:00.982  1819  3039 D CompatibilityChangeReporter: Compat change id reported: 319212206; UID 10100; state: ENABLED
06-30 18:30:00.986  1819  3096 D CompatibilityChangeReporter: Compat change id reported: 261072174; UID 10100; state: ENABLED
06-30 18:30:00.997  1819  5767 D CompatibilityChangeReporter: Compat change id reported: 170503758; UID 10104; state: ENABLED
06-30 18:30:00.999 29837 29837 D ResourcesManagerExtImpl: applyConfigurationToAppResourcesLocked app.getDisplayId() return callback.displayId:-1
06-30 18:30:01.016  1819  3039 D CompatibilityChangeReporter: Compat change id reported: 135634846; UID 10104; state: DISABLED
06-30 18:30:01.017  1819  3039 D CompatibilityChangeReporter: Compat change id reported: 177438394; UID 10104; state: DISABLED
06-30 18:30:01.017  1819  3039 D CompatibilityChangeReporter: Compat change id reported: 135772972; UID 10104; state: DISABLED
06-30 18:30:01.017  1819  3039 D CompatibilityChangeReporter: Compat change id reported: 135754954; UID 10104; state: ENABLED
06-30 18:30:01.018  1819  1896 D CompatibilityChangeReporter: Compat change id reported: 143937733; UID 10104; state: ENABLED
06-30 18:30:01.038  1819  1896 I ActivityManager: Start proc 29917:com.google.process.gapps/u0a104 for content provider {com.google.android.gsf/com.google.android.gsf.settings.GoogleSettingsProvider}
06-30 18:30:01.060  1819  3096 D CompatibilityChangeReporter: Compat change id reported: 319212206; UID 10206; state: ENABLED
06-30 18:30:01.106 29864 29864 D ResourcesManagerExtImpl: applyConfigurationToAppResourcesLocked app.getDisplayId() return callback.displayId:-1
06-30 18:30:01.112  1819  5784 D ActivityTaskManagerServiceExtImpl: preBindApplication record is null
06-30 18:30:01.121  1819  3096 D CompatibilityChangeReporter: Compat change id reported: 171306433; UID 10206; state: ENABLED
06-30 18:30:01.128  1819  5784 W ActivityManager: Unable to start service Intent { act=com.google.android.gms.gservices.START pkg=com.google.android.gms mCallingUid=10104 } U=0: not found
06-30 18:30:01.129  1819  5784 W ActivityManager: Unbind failed: could not find connection for android.os.BinderProxy@4b4b1b
06-30 18:30:01.152  1819  3039 I ActivityManager: Flag disabled. Ignoring finishAttachApplication from uid: 10160. pid: 29837
06-30 18:30:01.160  1819  1895 D CompatibilityChangeReporter: Compat change id reported: 135634846; UID 10098; state: DISABLED
06-30 18:30:01.160  1819  1895 D CompatibilityChangeReporter: Compat change id reported: 177438394; UID 10098; state: DISABLED
06-30 18:30:01.160  1819  1895 D CompatibilityChangeReporter: Compat change id reported: 135772972; UID 10098; state: DISABLED
06-30 18:30:01.160  1819  1895 D CompatibilityChangeReporter: Compat change id reported: 135754954; UID 10098; state: ENABLED
06-30 18:30:01.161  1819  1896 D CompatibilityChangeReporter: Compat change id reported: 143937733; UID 10098; state: ENABLED
06-30 18:30:01.182  1819  5784 I ActivityManager: Flag disabled. Ignoring finishAttachApplication from uid: 10104. pid: 29864
06-30 18:30:01.185  1819  1896 I ActivityManager: Start proc 29949:com.oplus.cota/u0a98 for service {com.oplus.cota/com.oplus.cota.statistics.ReportEventJobService}
06-30 18:30:01.240  1819  5784 D ActivityTaskManagerServiceExtImpl: preBindApplication record is null
06-30 18:30:01.255  1819  1970 W JobScheduler.JobStatus: Exempted app com.oplus.cota considered buggy
06-30 18:30:01.255  1819  1970 W JobScheduler.JobStatus: Exempted app com.oplus.cota considered buggy
06-30 18:30:01.259  1819  1970 W JobScheduler.JobStatus: Exempted app com.oplus.cota considered buggy
06-30 18:30:01.259  1819  1970 W JobScheduler.JobStatus: Exempted app com.oplus.cota considered buggy
06-30 18:30:01.290 29917 29917 D ResourcesManagerExtImpl: applyConfigurationToAppResourcesLocked app.getDisplayId() return callback.displayId:-1
06-30 18:30:01.444  1819  1949 I ActivityManager: Flag disabled. Ignoring finishAttachApplication from uid: 10104. pid: 29917
06-30 18:30:01.468  1819  1949 D VRR [OPlusExternalRefreshRateManager]: isPkgTfcEnable: pkgName = com.google.android.gsf, enable = false
06-30 18:30:01.468  1819  1949 D VRR [OPlusExternalRefreshRateManager]: getTfcMinFramerate: pkgName = com.google.android.gsf, min framerate = 0
06-30 18:30:01.479 29949 29949 D ResourcesManagerExtImpl: applyConfigurationToAppResourcesLocked app.getDisplayId() return callback.displayId:-1
06-30 18:30:01.567  1819  3096 W JobScheduler: Job didn't exist in JobStore: #com.whatsapp.w4b/7618
06-30 18:30:01.574  1819  3613 I ActivityManager: Process com.oplus.cota (pid 29949) has died: fg  TRNB
06-30 18:30:01.581  1819  1868 D DisplayManagerService: Drop pending events for gone uid 10098
06-30 18:30:01.618  1819  1919 D OplusSmartBrightnessController: handleMessage MSG_LUX_CHANGED, mLux:14.0 luxQueue=[14.0, 14.0, 14.0, 14.0]
06-30 18:30:01.645  1819  1948 W ActivityManager: Receiver with filter android.content.IntentFilter@477496f already registered for pid 1819, callerPackage is android
06-30 18:30:01.682  1819  5783 W PackageManager: package com.android.vending uid 10100 pid 29654 call SetEnabledSetting(com.android.vending component = com.google.android.finsky.systemupdateactivity.SystemUpdateActivity, 1, 0)
06-30 18:30:01.696  1819  3096 W PackageManager: package com.android.vending uid 10100 pid 29654 call SetEnabledSetting(com.android.vending component = com.google.android.finsky.activities.DebugActivity, 2, 0)
06-30 18:30:01.697  1819  1948 W PackageManager: package com.android.vending uid 10100 pid 29654 call SetEnabledSetting(com.android.vending component = com.google.android.finsky.hibernation.impl.UnhibernateActivity, 1, 0)
06-30 18:30:01.703  1819  5765 W PackageManager: package com.android.vending uid 10100 pid 29654 call SetEnabledSetting(com.android.vending component = com.google.android.finsky.systemcomponentupdateui.common.SystemComponentUpdateActivity, 0, 0)
06-30 18:30:01.859  1819  1948 D CompatibilityChangeReporter: Compat change id reported: 319212206; UID 10360; state: DISABLED
06-30 18:30:02.214  1819  1948 E ActivityManager: registerReceiver failed.
06-30 18:30:02.244  1819  1948 D CompatibilityChangeReporter: Compat change id reported: 135634846; UID 10360; state: DISABLED
06-30 18:30:02.244  1819  1948 D CompatibilityChangeReporter: Compat change id reported: 177438394; UID 10360; state: DISABLED
06-30 18:30:02.244  1819  1948 D CompatibilityChangeReporter: Compat change id reported: 135772972; UID 10360; state: DISABLED
06-30 18:30:02.244  1819  1948 D CompatibilityChangeReporter: Compat change id reported: 135754954; UID 10360; state: ENABLED
06-30 18:30:02.245  1819  1896 D CompatibilityChangeReporter: Compat change id reported: 143937733; UID 10360; state: ENABLED
06-30 18:30:02.260 29668 29668 I Quality : ActivityThread: callApplicationOnCreate delay 1392 com.google.android.apps.chromecast.app 29668
06-30 18:30:02.262  1819  1896 I ActivityManager: Start proc 30070:com.UCMobile.intl:RemoteBackgroundProcess/u0a360 for service {com.UCMobile.intl/com.alibaba.analytics.AnalyticsService}
06-30 18:30:02.277  1819  5765 I ActivityManager: Flag disabled. Ignoring finishAttachApplication from uid: 10262. pid: 29668
06-30 18:30:02.321  1819  5765 D ActivityTaskManagerServiceExtImpl: preBindApplication record is null
06-30 18:30:02.334  1819  5765 D CompatibilityChangeReporter: Compat change id reported: 261072174; UID 10360; state: ENABLED
06-30 18:30:02.342  1819  1870 D OplusInterceptLockScreenWindow: starting IOplusLockScreenCallbacks service...
06-30 18:30:02.344  1819  1948 W ActivityManager: Unable to start service Intent { cmp=com.UCMobile.intl/com.alv.foun.service.PhoenixService mCallingUid=10360 } U=0: not found
06-30 18:30:02.350  1819  1948 W PackageManager: package com.UCMobile.intl uid 10360 pid 29674 call SetEnabledSetting(com.UCMobile.intl component = com.alv.foun.PhoenixBroadcastReceiver, 2, 0)
06-30 18:30:02.351  1819  1948 W PackageManager: package com.UCMobile.intl uid 10360 pid 29674 call SetEnabledSetting(com.UCMobile.intl component = com.alv.foun.service.PhoenixService, 2, 0)
06-30 18:30:02.423  1819  1919 D OplusSmartBrightnessController: handleMessage MSG_LUX_CHANGED, mLux:14.756354 luxQueue=[15.0, 14.0, 15.0, 15.0]
06-30 18:30:02.432  1819  3096 D CompatibilityChangeReporter: Compat change id reported: 271850009; UID 10262; state: ENABLED
06-30 18:30:02.433  1819  3096 D CompatibilityChangeReporter: Compat change id reported: 253665015; UID 10262; state: ENABLED
06-30 18:30:02.433  1819  3096 D CompatibilityChangeReporter: Compat change id reported: 194532703; UID 10262; state: ENABLED
06-30 18:30:02.450  1819  1970 D CompatibilityChangeReporter: Compat change id reported: 271850009; UID 10360; state: ENABLED
06-30 18:30:02.468  1819  1970 D CompatibilityChangeReporter: Compat change id reported: 271850009; UID 10100; state: ENABLED
06-30 18:30:02.481 29674 29674 I Quality : ActivityThread: callApplicationOnCreate delay 1656 com.UCMobile.intl:resident 29674
06-30 18:30:02.486  1819  5765 I ActivityManager: Flag disabled. Ignoring finishAttachApplication from uid: 10360. pid: 29674
06-30 18:30:02.609  1819  5765 W PackageManager: package com.UCMobile.intl uid 10360 pid 29674 call SetEnabledSetting(com.UCMobile.intl component = com.taobao.accs.ChannelService, 1, 0)
06-30 18:30:02.646 30070 30070 D ResourcesManagerExtImpl: applyConfigurationToAppResourcesLocked app.getDisplayId() return callback.displayId:-1
06-30 18:30:02.658  1819  5765 W JobScheduler: Job didn't exist in JobStore: #com.android.vending/9464
06-30 18:30:02.678  1819  3096 D CompatibilityChangeReporter: Compat change id reported: 135634846; UID 10100; state: DISABLED
06-30 18:30:02.678  1819  3096 D CompatibilityChangeReporter: Compat change id reported: 177438394; UID 10100; state: DISABLED
06-30 18:30:02.678  1819  3096 D CompatibilityChangeReporter: Compat change id reported: 135772972; UID 10100; state: DISABLED
06-30 18:30:02.678  1819  3096 D CompatibilityChangeReporter: Compat change id reported: 135754954; UID 10100; state: ENABLED
06-30 18:30:02.679  1819  1896 D CompatibilityChangeReporter: Compat change id reported: 143937733; UID 10100; state: ENABLED
06-30 18:30:02.698  1819  1948 D CompatibilityChangeReporter: Compat change id reported: 253665015; UID 10360; state: ENABLED
06-30 18:30:02.698  1819  1948 D CompatibilityChangeReporter: Compat change id reported: 194532703; UID 10360; state: ENABLED
06-30 18:30:02.703  1819  3096 W ActivityManager: Receiver with filter android.content.IntentFilter@63e16c6 already registered for pid 29674, callerPackage is com.UCMobile.intl
06-30 18:30:02.713  1819  5765 D CompatibilityChangeReporter: Compat change id reported: 253665015; UID 10100; state: ENABLED
06-30 18:30:02.713  1819  5765 D CompatibilityChangeReporter: Compat change id reported: 194532703; UID 10100; state: ENABLED
06-30 18:30:02.719  1819  1896 I ActivityManager: Start proc 30141:com.android.vending:background/u0a100 for service {com.android.vending/com.google.frameworks.client.data.android.server.play.BackgroundProcessEndpointService}
06-30 18:30:02.747  1819  5765 W ActivityManager: Receiver with filter android.content.IntentFilter@c2c5557 already registered for pid 29674, callerPackage is com.UCMobile.intl
06-30 18:30:02.776  1819  1948 W ActivityManager: Receiver with filter android.content.IntentFilter@f1e4840 already registered for pid 29674, callerPackage is com.UCMobile.intl
06-30 18:30:02.784  1819  1948 W ActivityManager: Receiver with filter android.content.IntentFilter@ebfa86c already registered for pid 29674, callerPackage is com.UCMobile.intl
06-30 18:30:02.821  1819  1835 D CompatibilityChangeReporter: Compat change id reported: 168419799; UID 10100; state: DISABLED
06-30 18:30:02.821  1819  1835 D CompatibilityChangeReporter: Compat change id reported: 273564678; UID 10100; state: DISABLED
06-30 18:30:02.822  1819  1835 D ActivityTaskManagerServiceExtImpl: preBindApplication record is null
06-30 18:30:02.872  1819  1835 D CompatibilityChangeReporter: Compat change id reported: 170503758; UID 10100; state: ENABLED
06-30 18:30:02.954  1819  1835 E ActivityManager: registerReceiver failed.
06-30 18:30:03.027  1819  1948 W ActivityManager: Unable to start service Intent { cmp=com.UCMobile.intl/com.alv.foun.service.PhoenixService mCallingUid=10360 } U=0: not found
06-30 18:30:03.034  1819  1948 W PackageManager: package com.UCMobile.intl uid 10360 pid 30070 call SetEnabledSetting(com.UCMobile.intl component = com.alv.foun.PhoenixBroadcastReceiver, 2, 0)
06-30 18:30:03.040  1819  5765 W PackageManager: package com.UCMobile.intl uid 10360 pid 30070 call SetEnabledSetting(com.UCMobile.intl component = com.alv.foun.service.PhoenixService, 2, 0)
06-30 18:30:03.064 30070 30070 I Quality : ActivityThread: callApplicationOnCreate delay 418 com.UCMobile.intl:RemoteBackgroundProcess 30070
06-30 18:30:03.068  1819  5765 I ActivityManager: Flag disabled. Ignoring finishAttachApplication from uid: 10360. pid: 30070
06-30 18:30:03.098  1819  3096 W PackageManager: package com.instagram.android uid 10285 pid 27988 call SetEnabledSetting(com.instagram.android component = com.instagram.push.FbnsInitBroadcastReceiver, 1, 0)
06-30 18:30:03.128 30141 30141 D ResourcesManagerExtImpl: applyConfigurationToAppResourcesLocked app.getDisplayId() return callback.displayId:-1
06-30 18:30:03.238  1819  1948 D CompatibilityChangeReporter: Compat change id reported: 261072174; UID 10285; state: ENABLED
06-30 18:30:03.424  1819  5765 I ActivityManager: Flag disabled. Ignoring finishAttachApplication from uid: 10100. pid: 30141
06-30 18:30:03.428  1819  5767 D CompatibilityChangeReporter: Compat change id reported: 319212206; UID 10262; state: ENABLED
06-30 18:30:03.505  1819  2523 W ActivityManager: Receiver with filter android.content.IntentFilter@bc7cbda already registered for pid 29674, callerPackage is com.UCMobile.intl
06-30 18:30:03.533  1819  1948 W ActivityManager: Receiver with filter android.content.IntentFilter@b137994 already registered for pid 29674, callerPackage is com.UCMobile.intl
06-30 18:30:03.576  1819  3096 D CompatibilityChangeReporter: Compat change id reported: 161252188; UID 1000; state: DISABLED
06-30 18:30:03.581  1819  3096 D CompatibilityChangeReporter: Compat change id reported: 135634846; UID 1000; state: DISABLED
06-30 18:30:03.581  1819  3096 D CompatibilityChangeReporter: Compat change id reported: 177438394; UID 1000; state: DISABLED
06-30 18:30:03.581  1819  3096 D CompatibilityChangeReporter: Compat change id reported: 135772972; UID 1000; state: DISABLED
06-30 18:30:03.581  1819  3096 D CompatibilityChangeReporter: Compat change id reported: 135754954; UID 1000; state: ENABLED
06-30 18:30:03.599  1819  1948 W ActivityManager: Receiver with filter android.content.IntentFilter@9ff85f5 already registered for pid 29674, callerPackage is com.UCMobile.intl
06-30 18:30:03.604  1819  1896 I ActivityManager: Start proc 30311:com.oplus.notificationmanager/1000 for service {com.oplus.notificationmanager/com.oplus.notification.NotificationCenterService}
06-30 18:30:03.609  1819  5765 V ActivityManager: Has totaly same connectionRecord, just reuse it!
06-30 18:30:03.610  1819  1948 W ActivityManager: Receiver with filter android.content.IntentFilter@34969fb already registered for pid 29674, callerPackage is com.UCMobile.intl
06-30 18:30:03.707  1819  1948 W ActivityManager: Receiver with filter android.content.IntentFilter@66fd5e2 already registered for pid 29674, callerPackage is com.UCMobile.intl
06-30 18:30:03.709  1819  1948 D CompatibilityChangeReporter: Compat change id reported: 135634846; UID 10360; state: DISABLED
06-30 18:30:03.709  1819  1948 D CompatibilityChangeReporter: Compat change id reported: 177438394; UID 10360; state: DISABLED
06-30 18:30:03.709  1819  1948 D CompatibilityChangeReporter: Compat change id reported: 135772972; UID 10360; state: DISABLED
06-30 18:30:03.709  1819  1948 D CompatibilityChangeReporter: Compat change id reported: 135754954; UID 10360; state: ENABLED
